#
# There is insufficient memory for the Java Runtime Environment to continue.
# Native memory allocation (malloc) failed to allocate 2178368 bytes. Error detail: Chunk::new
# Possible reasons:
#   The system is out of physical RAM or swap space
#   This process is running with CompressedOops enabled, and the Java Heap may be blocking the growth of the native heap
# Possible solutions:
#   Reduce memory load on the system
#   Increase physical memory or swap space
#   Check if swap backing store is full
#   Decrease Java heap size (-Xmx/-Xms)
#   Decrease number of Java threads
#   Decrease Java thread stack sizes (-Xss)
#   Set larger code cache with -XX:ReservedCodeCacheSize=
#   JVM is running with Unscaled Compressed Oops mode in which the Java heap is
#     placed in the first 4GB address space. The Java Heap base address is the
#     maximum limit for the native heap growth. Please use -XX:HeapBaseMinAddress
#     to set the Java Heap base and to place the Java Heap above 4GB virtual address.
# This output file may be truncated or incomplete.
#
#  Out of Memory Error (arena.cpp:168), pid=4232, tid=28272
#
# JRE version: OpenJDK Runtime Environment Temurin-21.0.10+7 (21.0.10+7) (build 21.0.10+7-LTS)
# Java VM: OpenJDK 64-Bit Server VM Temurin-21.0.10+7 (21.0.10+7-LTS, mixed mode, sharing, tiered, compressed oops, compressed class ptrs, g1 gc, windows-amd64)
# No core dump will be written. Minidumps are not enabled by default on client versions of Windows
#

---------------  S U M M A R Y ------------

Command Line: --add-opens=java.base/java.lang=ALL-UNNAMED --add-opens=java.base/java.lang.invoke=ALL-UNNAMED --add-opens=java.base/java.util=ALL-UNNAMED --add-opens=java.prefs/java.util.prefs=ALL-UNNAMED --add-exports=jdk.compiler/com.sun.tools.javac.api=ALL-UNNAMED --add-exports=jdk.compiler/com.sun.tools.javac.util=ALL-UNNAMED --add-opens=java.base/java.util=ALL-UNNAMED --add-opens=java.prefs/java.util.prefs=ALL-UNNAMED --add-opens=java.base/java.nio.charset=ALL-UNNAMED --add-opens=java.base/java.net=ALL-UNNAMED --add-opens=java.base/java.util.concurrent=ALL-UNNAMED --add-opens=java.base/java.util.concurrent.atomic=ALL-UNNAMED --add-opens=java.xml/javax.xml.namespace=ALL-UNNAMED -XX:+HeapDumpOnOutOfMemoryError --add-exports=jdk.compiler/com.sun.tools.javac.api=ALL-UNNAMED --add-exports=jdk.compiler/com.sun.tools.javac.file=ALL-UNNAMED --add-exports=jdk.compiler/com.sun.tools.javac.parser=ALL-UNNAMED --add-exports=jdk.compiler/com.sun.tools.javac.tree=ALL-UNNAMED --add-exports=jdk.compiler/com.sun.tools.javac.util=ALL-UNNAMED -Xmx2048m -Dfile.encoding=UTF-8A -Duser.country=ID -Duser.language=en -Duser.variant -javaagent:C:\Users\CANDRAGNAWN\.gradle\wrapper\dists\gradle-9.0.0-bin\d6wjpkvcgsg3oed0qlfss3wgl\gradle-9.0.0\lib\agents\gradle-instrumentation-agent-9.0.0.jar org.gradle.launcher.daemon.bootstrap.GradleDaemon 9.0.0

Host: 13th Gen Intel(R) Core(TM) i7-13650HX, 20 cores, 11G,  Windows 11 , 64 bit Build 26100 (10.0.26100.8328)
Time: Tue May 19 17:47:20 2026 Malay Peninsula Standard Time elapsed time: 11.326349 seconds (0d 0h 0m 11s)

---------------  T H R E A D  ---------------

Current thread (0x00000261e5a90030):  JavaThread "C2 CompilerThread1" daemon [_thread_in_native, id=28272, stack(0x000000940ee00000,0x000000940ef00000) (1024K)]


Current CompileTask:
C2:11326 10267       4       java.beans.Introspector::addMethod (241 bytes)

Stack: [0x000000940ee00000,0x000000940ef00000]
Native frames: (J=compiled Java code, j=interpreted, Vv=VM code, C=native code)
V  [jvm.dll+0x6d7a39]
V  [jvm.dll+0x8b4b26]
V  [jvm.dll+0x8b70de]
V  [jvm.dll+0x8b77c3]
V  [jvm.dll+0x284346]
V  [jvm.dll+0xc66ed]
V  [jvm.dll+0xc6c31]
V  [jvm.dll+0x3bec3b]
V  [jvm.dll+0x38b162]
V  [jvm.dll+0x38a5aa]
V  [jvm.dll+0x24c560]
V  [jvm.dll+0x24bb40]
V  [jvm.dll+0x1cb34e]
V  [jvm.dll+0x25b85d]
V  [jvm.dll+0x259dea]
V  [jvm.dll+0x3f857e]
V  [jvm.dll+0x85f59d]
V  [jvm.dll+0x6d626d]
C  [ucrtbase.dll+0x37b0]
C  [KERNEL32.DLL+0x2e957]
C  [ntdll.dll+0x427c]


---------------  P R O C E S S  ---------------

Threads class SMR info:
_java_thread_list=0x00000261e1ff0bd0, length=103, elements={
0x00000261c3771c70, 0x00000261dbcba2e0, 0x00000261dbcbad40, 0x00000261dbcbf320,
0x00000261dbcc0d90, 0x00000261dbcc7ee0, 0x00000261dbcc9290, 0x00000261dbea2250,
0x00000261dbce2d20, 0x00000261dbcc7850, 0x00000261dbcc71c0, 0x00000261dbcc8570,
0x00000261dbcc8c00, 0x00000261dbcc9fb0, 0x00000261e1ef7760, 0x00000261e1ef9ec0,
0x00000261e1ef7df0, 0x00000261e1efa550, 0x00000261e1ef8480, 0x00000261e1ef8b10,
0x00000261e1ef91a0, 0x00000261e1ef9830, 0x00000261e1ef70d0, 0x00000261e1efccb0,
0x00000261e1efd9d0, 0x00000261e1efabe0, 0x00000261e1efb270, 0x00000261e1efe6f0,
0x00000261e1efb900, 0x00000261e1efbf90, 0x00000261e30d4700, 0x00000261e30d2630,
0x00000261e30d2cc0, 0x00000261e30d3350, 0x00000261e30d39e0, 0x00000261e30d5420,
0x00000261e30d1fa0, 0x00000261e30d88a0, 0x00000261e30d8f30, 0x00000261e30d74f0,
0x00000261e30d8210, 0x00000261e30d5ab0, 0x00000261e30d6140, 0x00000261e30d95c0,
0x00000261e30d67d0, 0x00000261e30d6e60, 0x00000261e30d7b80, 0x00000261e664a500,
0x00000261e664ab90, 0x00000261e664b220, 0x00000261e664cc60, 0x00000261e664c5d0,
0x00000261e664d2f0, 0x00000261e6649e70, 0x00000261e664d980, 0x00000261e664e010,
0x00000261e664e6a0, 0x00000261e664ed30, 0x00000261e664b8b0, 0x00000261e664f3c0,
0x00000261e664bf40, 0x00000261e664fa50, 0x00000261e66500e0, 0x00000261e6650770,
0x00000261e6650e00, 0x00000261e6651490, 0x00000261e23439e0, 0x00000261e2344700,
0x00000261e2345420, 0x00000261e2344d90, 0x00000261e2345ab0, 0x00000261e2346140,
0x00000261e2343350, 0x00000261e23467d0, 0x00000261e2346e60, 0x00000261e23474f0,
0x00000261e2344070, 0x00000261e2347b80, 0x00000261e23488a0, 0x00000261e2348f30,
0x00000261e2348210, 0x00000261e23495c0, 0x00000261e234a2e0, 0x00000261e2349c50,
0x00000261e234a970, 0x00000261e4afa3d0, 0x00000261e4af9020, 0x00000261e4af8990,
0x00000261e4af96b0, 0x00000261e4af9d40, 0x00000261e4afaa60, 0x00000261e4afb780,
0x00000261e4afbe10, 0x00000261e4afb0f0, 0x00000261e3bc0f30, 0x00000261e3bc0210,
0x00000261e5a90030, 0x00000261e5b957a0, 0x00000261e3bbe7d0, 0x00000261e3bc08a0,
0x00000261e3bbee60, 0x00000261e3bc22e0, 0x00000261e3bc3000
}

Java Threads: ( => current thread )
  0x00000261c3771c70 JavaThread "main"                              [_thread_blocked, id=31800, stack(0x000000940d700000,0x000000940d800000) (1024K)]
  0x00000261dbcba2e0 JavaThread "Reference Handler"          daemon [_thread_blocked, id=24364, stack(0x000000940df00000,0x000000940e000000) (1024K)]
  0x00000261dbcbad40 JavaThread "Finalizer"                  daemon [_thread_blocked, id=16972, stack(0x000000940e000000,0x000000940e100000) (1024K)]
  0x00000261dbcbf320 JavaThread "Signal Dispatcher"          daemon [_thread_blocked, id=28164, stack(0x000000940e100000,0x000000940e200000) (1024K)]
  0x00000261dbcc0d90 JavaThread "Attach Listener"            daemon [_thread_blocked, id=16792, stack(0x000000940e200000,0x000000940e300000) (1024K)]
  0x00000261dbcc7ee0 JavaThread "Service Thread"             daemon [_thread_blocked, id=28576, stack(0x000000940e300000,0x000000940e400000) (1024K)]
  0x00000261dbcc9290 JavaThread "Monitor Deflation Thread"   daemon [_thread_blocked, id=25612, stack(0x000000940e400000,0x000000940e500000) (1024K)]
  0x00000261dbea2250 JavaThread "C2 CompilerThread0"         daemon [_thread_in_native, id=24228, stack(0x000000940e500000,0x000000940e600000) (1024K)]
  0x00000261dbce2d20 JavaThread "C1 CompilerThread0"         daemon [_thread_blocked, id=26888, stack(0x000000940e600000,0x000000940e700000) (1024K)]
  0x00000261dbcc7850 JavaThread "Common-Cleaner"             daemon [_thread_blocked, id=14816, stack(0x000000940e900000,0x000000940ea00000) (1024K)]
  0x00000261dbcc71c0 JavaThread "Notification Thread"        daemon [_thread_blocked, id=13824, stack(0x000000940ea00000,0x000000940eb00000) (1024K)]
  0x00000261dbcc8570 JavaThread "Daemon health stats"               [_thread_blocked, id=13136, stack(0x000000940f100000,0x000000940f200000) (1024K)]
  0x00000261dbcc8c00 JavaThread "Incoming local TCP Connector on port 50064"        [_thread_in_native, id=37080, stack(0x000000940f600000,0x000000940f700000) (1024K)]
  0x00000261dbcc9fb0 JavaThread "Daemon periodic checks"            [_thread_in_vm, id=31056, stack(0x000000940f700000,0x000000940f800000) (1024K)]
  0x00000261e1ef7760 JavaThread "Daemon"                            [_thread_blocked, id=21204, stack(0x000000940f800000,0x000000940f900000) (1024K)]
  0x00000261e1ef9ec0 JavaThread "Handler for socket connection from /127.0.0.1:50064 to /127.0.0.1:50065"        [_thread_in_native, id=19184, stack(0x000000940f900000,0x000000940fa00000) (1024K)]
  0x00000261e1ef7df0 JavaThread "Cancel handler"                    [_thread_blocked, id=34516, stack(0x000000940fa00000,0x000000940fb00000) (1024K)]
  0x00000261e1efa550 JavaThread "Daemon worker"                     [_thread_in_vm, id=25000, stack(0x000000940fb00000,0x000000940fc00000) (1024K)]
  0x00000261e1ef8480 JavaThread "Asynchronous log dispatcher for DefaultDaemonConnection: socket connection from /127.0.0.1:50064 to /127.0.0.1:50065"        [_thread_blocked, id=8848, stack(0x000000940fc00000,0x000000940fd00000) (1024K)]
  0x00000261e1ef8b10 JavaThread "Stdin handler"                     [_thread_blocked, id=3292, stack(0x000000940fd00000,0x000000940fe00000) (1024K)]
  0x00000261e1ef91a0 JavaThread "Daemon client event forwarder"        [_thread_blocked, id=34484, stack(0x000000940fe00000,0x000000940ff00000) (1024K)]
  0x00000261e1ef9830 JavaThread "Cache worker for journal cache (C:\Users\CANDRAGNAWN\.gradle\caches\journal-1)"        [_thread_blocked, id=11680, stack(0x000000940ff00000,0x0000009410000000) (1024K)]
  0x00000261e1ef70d0 JavaThread "File lock request listener"        [_thread_in_native, id=13692, stack(0x0000009410000000,0x0000009410100000) (1024K)]
  0x00000261e1efccb0 JavaThread "Cache worker for file hash cache (C:\Users\CANDRAGNAWN\.gradle\caches\9.0.0\fileHashes)"        [_thread_blocked, id=21408, stack(0x0000009410100000,0x0000009410200000) (1024K)]
  0x00000261e1efd9d0 JavaThread "Cache worker for file hash cache (C:\Usada Apps\FE\AwesomeProject\node_modules\react-native-reanimated\android\.gradle\9.0.0\fileHashes)"        [_thread_blocked, id=38236, stack(0x0000009410b00000,0x0000009410c00000) (1024K)]
  0x00000261e1efabe0 JavaThread "Cache worker for Build Output Cleanup Cache (C:\Usada Apps\FE\AwesomeProject\node_modules\react-native-reanimated\android\.gradle\buildOutputCleanup)"        [_thread_blocked, id=35164, stack(0x0000009410c00000,0x0000009410d00000) (1024K)]
  0x00000261e1efb270 JavaThread "File watcher server"        daemon [_thread_in_native, id=24384, stack(0x0000009410d00000,0x0000009410e00000) (1024K)]
  0x00000261e1efe6f0 JavaThread "File watcher consumer"      daemon [_thread_blocked, id=14720, stack(0x0000009410e00000,0x0000009410f00000) (1024K)]
  0x00000261e1efb900 JavaThread "Cache worker for checksums cache (C:\Usada Apps\FE\AwesomeProject\node_modules\react-native-reanimated\android\.gradle\9.0.0\checksums)"        [_thread_blocked, id=18928, stack(0x0000009410f00000,0x0000009411000000) (1024K)]
  0x00000261e1efbf90 JavaThread "Cache worker for file content cache (C:\Users\CANDRAGNAWN\.gradle\caches\9.0.0\fileContent)"        [_thread_blocked, id=18688, stack(0x0000009411000000,0x0000009411100000) (1024K)]
  0x00000261e30d4700 JavaThread "Cache worker for cache directory md-supplier (C:\Users\CANDRAGNAWN\.gradle\caches\9.0.0\md-supplier)"        [_thread_blocked, id=26488, stack(0x0000009411100000,0x0000009411200000) (1024K)]
  0x00000261e30d2630 JavaThread "Cache worker for cache directory md-rule (C:\Users\CANDRAGNAWN\.gradle\caches\9.0.0\md-rule)"        [_thread_blocked, id=26496, stack(0x0000009411200000,0x0000009411300000) (1024K)]
  0x00000261e30d2cc0 JavaThread "jar transforms"                    [_thread_blocked, id=29500, stack(0x0000009411300000,0x0000009411400000) (1024K)]
  0x00000261e30d3350 JavaThread "jar transforms Thread 2"           [_thread_blocked, id=38616, stack(0x0000009411400000,0x0000009411500000) (1024K)]
  0x00000261e30d39e0 JavaThread "jar transforms Thread 3"           [_thread_blocked, id=30108, stack(0x0000009411500000,0x0000009411600000) (1024K)]
  0x00000261e30d5420 JavaThread "Unconstrained build operations"        [_thread_blocked, id=12248, stack(0x0000009411600000,0x0000009411700000) (1024K)]
  0x00000261e30d1fa0 JavaThread "Unconstrained build operations Thread 2"        [_thread_blocked, id=23804, stack(0x0000009411700000,0x0000009411800000) (1024K)]
  0x00000261e30d88a0 JavaThread "Unconstrained build operations Thread 3"        [_thread_blocked, id=35360, stack(0x0000009411800000,0x0000009411900000) (1024K)]
  0x00000261e30d8f30 JavaThread "Unconstrained build operations Thread 4"        [_thread_blocked, id=28716, stack(0x0000009411900000,0x0000009411a00000) (1024K)]
  0x00000261e30d74f0 JavaThread "Unconstrained build operations Thread 5"        [_thread_blocked, id=15248, stack(0x0000009411a00000,0x0000009411b00000) (1024K)]
  0x00000261e30d8210 JavaThread "Unconstrained build operations Thread 6"        [_thread_blocked, id=27760, stack(0x0000009411b00000,0x0000009411c00000) (1024K)]
  0x00000261e30d5ab0 JavaThread "Unconstrained build operations Thread 7"        [_thread_blocked, id=31268, stack(0x0000009411c00000,0x0000009411d00000) (1024K)]
  0x00000261e30d6140 JavaThread "Unconstrained build operations Thread 8"        [_thread_blocked, id=12676, stack(0x0000009411d00000,0x0000009411e00000) (1024K)]
  0x00000261e30d95c0 JavaThread "Unconstrained build operations Thread 9"        [_thread_blocked, id=12056, stack(0x0000009411e00000,0x0000009411f00000) (1024K)]
  0x00000261e30d67d0 JavaThread "Unconstrained build operations Thread 10"        [_thread_blocked, id=14152, stack(0x0000009411f00000,0x0000009412000000) (1024K)]
  0x00000261e30d6e60 JavaThread "Unconstrained build operations Thread 11"        [_thread_blocked, id=26240, stack(0x0000009412000000,0x0000009412100000) (1024K)]
  0x00000261e30d7b80 JavaThread "Unconstrained build operations Thread 12"        [_thread_blocked, id=30224, stack(0x0000009412100000,0x0000009412200000) (1024K)]
  0x00000261e664a500 JavaThread "Unconstrained build operations Thread 13"        [_thread_blocked, id=34392, stack(0x0000009412200000,0x0000009412300000) (1024K)]
  0x00000261e664ab90 JavaThread "Unconstrained build operations Thread 14"        [_thread_blocked, id=33132, stack(0x0000009412300000,0x0000009412400000) (1024K)]
  0x00000261e664b220 JavaThread "Unconstrained build operations Thread 15"        [_thread_blocked, id=27404, stack(0x0000009412400000,0x0000009412500000) (1024K)]
  0x00000261e664cc60 JavaThread "Unconstrained build operations Thread 16"        [_thread_blocked, id=28204, stack(0x0000009412500000,0x0000009412600000) (1024K)]
  0x00000261e664c5d0 JavaThread "Unconstrained build operations Thread 17"        [_thread_blocked, id=36684, stack(0x0000009412600000,0x0000009412700000) (1024K)]
  0x00000261e664d2f0 JavaThread "Unconstrained build operations Thread 18"        [_thread_blocked, id=36504, stack(0x0000009412700000,0x0000009412800000) (1024K)]
  0x00000261e6649e70 JavaThread "Unconstrained build operations Thread 19"        [_thread_blocked, id=7944, stack(0x0000009412800000,0x0000009412900000) (1024K)]
  0x00000261e664d980 JavaThread "Unconstrained build operations Thread 20"        [_thread_blocked, id=29776, stack(0x0000009412900000,0x0000009412a00000) (1024K)]
  0x00000261e664e010 JavaThread "Unconstrained build operations Thread 21"        [_thread_blocked, id=38692, stack(0x0000009412a00000,0x0000009412b00000) (1024K)]
  0x00000261e664e6a0 JavaThread "Unconstrained build operations Thread 22"        [_thread_blocked, id=13512, stack(0x0000009412b00000,0x0000009412c00000) (1024K)]
  0x00000261e664ed30 JavaThread "Unconstrained build operations Thread 23"        [_thread_blocked, id=7096, stack(0x0000009412c00000,0x0000009412d00000) (1024K)]
  0x00000261e664b8b0 JavaThread "Unconstrained build operations Thread 24"        [_thread_blocked, id=38892, stack(0x0000009412d00000,0x0000009412e00000) (1024K)]
  0x00000261e664f3c0 JavaThread "Unconstrained build operations Thread 25"        [_thread_blocked, id=38380, stack(0x0000009412e00000,0x0000009412f00000) (1024K)]
  0x00000261e664bf40 JavaThread "Unconstrained build operations Thread 26"        [_thread_blocked, id=19784, stack(0x0000009412f00000,0x0000009413000000) (1024K)]
  0x00000261e664fa50 JavaThread "Unconstrained build operations Thread 27"        [_thread_blocked, id=29892, stack(0x0000009413000000,0x0000009413100000) (1024K)]
  0x00000261e66500e0 JavaThread "Unconstrained build operations Thread 28"        [_thread_blocked, id=23656, stack(0x0000009413100000,0x0000009413200000) (1024K)]
  0x00000261e6650770 JavaThread "Unconstrained build operations Thread 29"        [_thread_blocked, id=3164, stack(0x0000009413200000,0x0000009413300000) (1024K)]
  0x00000261e6650e00 JavaThread "Unconstrained build operations Thread 30"        [_thread_blocked, id=30608, stack(0x0000009413300000,0x0000009413400000) (1024K)]
  0x00000261e6651490 JavaThread "Unconstrained build operations Thread 31"        [_thread_blocked, id=35748, stack(0x0000009413400000,0x0000009413500000) (1024K)]
  0x00000261e23439e0 JavaThread "Unconstrained build operations Thread 32"        [_thread_blocked, id=16188, stack(0x0000009413500000,0x0000009413600000) (1024K)]
  0x00000261e2344700 JavaThread "Unconstrained build operations Thread 33"        [_thread_blocked, id=23488, stack(0x0000009413600000,0x0000009413700000) (1024K)]
  0x00000261e2345420 JavaThread "Unconstrained build operations Thread 34"        [_thread_blocked, id=38244, stack(0x0000009413700000,0x0000009413800000) (1024K)]
  0x00000261e2344d90 JavaThread "Unconstrained build operations Thread 35"        [_thread_blocked, id=32328, stack(0x0000009413800000,0x0000009413900000) (1024K)]
  0x00000261e2345ab0 JavaThread "Unconstrained build operations Thread 36"        [_thread_blocked, id=28152, stack(0x0000009413a00000,0x0000009413b00000) (1024K)]
  0x00000261e2346140 JavaThread "Unconstrained build operations Thread 37"        [_thread_blocked, id=29316, stack(0x0000009413b00000,0x0000009413c00000) (1024K)]
  0x00000261e2343350 JavaThread "Unconstrained build operations Thread 38"        [_thread_blocked, id=32372, stack(0x0000009413c00000,0x0000009413d00000) (1024K)]
  0x00000261e23467d0 JavaThread "Unconstrained build operations Thread 39"        [_thread_blocked, id=38448, stack(0x0000009413d00000,0x0000009413e00000) (1024K)]
  0x00000261e2346e60 JavaThread "Unconstrained build operations Thread 40"        [_thread_blocked, id=16764, stack(0x0000009413e00000,0x0000009413f00000) (1024K)]
  0x00000261e23474f0 JavaThread "Unconstrained build operations Thread 41"        [_thread_blocked, id=37768, stack(0x0000009413f00000,0x0000009414000000) (1024K)]
  0x00000261e2344070 JavaThread "Unconstrained build operations Thread 42"        [_thread_blocked, id=24944, stack(0x0000009414000000,0x0000009414100000) (1024K)]
  0x00000261e2347b80 JavaThread "Unconstrained build operations Thread 43"        [_thread_blocked, id=36812, stack(0x0000009414100000,0x0000009414200000) (1024K)]
  0x00000261e23488a0 JavaThread "Unconstrained build operations Thread 44"        [_thread_blocked, id=6372, stack(0x0000009414200000,0x0000009414300000) (1024K)]
  0x00000261e2348f30 JavaThread "Unconstrained build operations Thread 45"        [_thread_blocked, id=19212, stack(0x0000009414300000,0x0000009414400000) (1024K)]
  0x00000261e2348210 JavaThread "Unconstrained build operations Thread 46"        [_thread_blocked, id=23504, stack(0x0000009414400000,0x0000009414500000) (1024K)]
  0x00000261e23495c0 JavaThread "Unconstrained build operations Thread 47"        [_thread_blocked, id=35436, stack(0x0000009414500000,0x0000009414600000) (1024K)]
  0x00000261e234a2e0 JavaThread "Unconstrained build operations Thread 48"        [_thread_blocked, id=29804, stack(0x0000009414600000,0x0000009414700000) (1024K)]
  0x00000261e2349c50 JavaThread "Unconstrained build operations Thread 49"        [_thread_blocked, id=9876, stack(0x0000009414700000,0x0000009414800000) (1024K)]
  0x00000261e234a970 JavaThread "Unconstrained build operations Thread 50"        [_thread_blocked, id=26680, stack(0x0000009414800000,0x0000009414900000) (1024K)]
  0x00000261e4afa3d0 JavaThread "Unconstrained build operations Thread 51"        [_thread_blocked, id=38688, stack(0x0000009414900000,0x0000009414a00000) (1024K)]
  0x00000261e4af9020 JavaThread "Unconstrained build operations Thread 52"        [_thread_blocked, id=11160, stack(0x0000009414a00000,0x0000009414b00000) (1024K)]
  0x00000261e4af8990 JavaThread "Unconstrained build operations Thread 53"        [_thread_blocked, id=31736, stack(0x0000009414b00000,0x0000009414c00000) (1024K)]
  0x00000261e4af96b0 JavaThread "Unconstrained build operations Thread 54"        [_thread_blocked, id=23416, stack(0x0000009414c00000,0x0000009414d00000) (1024K)]
  0x00000261e4af9d40 JavaThread "Unconstrained build operations Thread 55"        [_thread_blocked, id=29036, stack(0x0000009414d00000,0x0000009414e00000) (1024K)]
  0x00000261e4afaa60 JavaThread "Unconstrained build operations Thread 56"        [_thread_blocked, id=18364, stack(0x0000009414e00000,0x0000009414f00000) (1024K)]
  0x00000261e4afb780 JavaThread "Unconstrained build operations Thread 57"        [_thread_blocked, id=18760, stack(0x0000009414f00000,0x0000009415000000) (1024K)]
  0x00000261e4afbe10 JavaThread "jar transforms Thread 4"           [_thread_blocked, id=22964, stack(0x0000009415000000,0x0000009415100000) (1024K)]
  0x00000261e4afb0f0 JavaThread "Exec process"                      [_thread_blocked, id=26436, stack(0x0000009415100000,0x0000009415200000) (1024K)]
  0x00000261e3bc0f30 JavaThread "Exec process Thread 2"             [_thread_blocked, id=33328, stack(0x0000009415200000,0x0000009415300000) (1024K)]
  0x00000261e3bc0210 JavaThread "Exec process Thread 3"             [_thread_blocked, id=37128, stack(0x0000009415300000,0x0000009415400000) (1024K)]
=>0x00000261e5a90030 JavaThread "C2 CompilerThread1"         daemon [_thread_in_native, id=28272, stack(0x000000940ee00000,0x000000940ef00000) (1024K)]
  0x00000261e5b957a0 JavaThread "C2 CompilerThread2"         daemon [_thread_in_native, id=524, stack(0x0000009413900000,0x0000009413a00000) (1024K)]
  0x00000261e3bbe7d0 JavaThread "Problems report writer"            [_thread_blocked, id=18980, stack(0x0000009415400000,0x0000009415500000) (1024K)]
  0x00000261e3bc08a0 JavaThread "jar transforms Thread 5"           [_thread_blocked, id=36936, stack(0x0000009415500000,0x0000009415600000) (1024K)]
  0x00000261e3bbee60 JavaThread "jar transforms Thread 6"           [_thread_blocked, id=8416, stack(0x0000009415600000,0x0000009415700000) (1024K)]
  0x00000261e3bc22e0 JavaThread "build event listener"              [_thread_blocked, id=35632, stack(0x0000009415700000,0x0000009415800000) (1024K)]
  0x00000261e3bc3000 JavaThread "Memory manager"                    [_thread_blocked, id=15672, stack(0x0000009415800000,0x0000009415900000) (1024K)]
Total: 103

Other Threads:
  0x00000261dbca2790 VMThread "VM Thread"                           [id=20836, stack(0x000000940de00000,0x000000940df00000) (1024K)]
  0x00000261dbe810a0 WatcherThread "VM Periodic Task Thread"        [id=984, stack(0x000000940dd00000,0x000000940de00000) (1024K)]
  0x00000261c37cc260 WorkerThread "GC Thread#0"                     [id=33108, stack(0x000000940d800000,0x000000940d900000) (1024K)]
  0x00000261dc1f79c0 WorkerThread "GC Thread#1"                     [id=20728, stack(0x000000940eb00000,0x000000940ec00000) (1024K)]
  0x00000261dc1f7d70 WorkerThread "GC Thread#2"                     [id=19144, stack(0x000000940ec00000,0x000000940ed00000) (1024K)]
  0x00000261dc1f8120 WorkerThread "GC Thread#3"                     [id=34952, stack(0x000000940ed00000,0x000000940ee00000) (1024K)]
  0x00000261e12ee310 WorkerThread "GC Thread#4"                     [id=23968, stack(0x000000940f000000,0x000000940f100000) (1024K)]
  0x00000261e20755e0 WorkerThread "GC Thread#5"                     [id=31644, stack(0x000000940f200000,0x000000940f300000) (1024K)]
  0x00000261e1fb5e00 WorkerThread "GC Thread#6"                     [id=5876, stack(0x000000940f300000,0x000000940f400000) (1024K)]
  0x00000261e1fb61b0 WorkerThread "GC Thread#7"                     [id=6824, stack(0x000000940f400000,0x000000940f500000) (1024K)]
  0x00000261e1fb6560 WorkerThread "GC Thread#8"                     [id=20888, stack(0x000000940f500000,0x000000940f600000) (1024K)]
  0x00000261e1f32190 WorkerThread "GC Thread#9"                     [id=37696, stack(0x0000009410200000,0x0000009410300000) (1024K)]
  0x00000261e1f328f0 WorkerThread "GC Thread#10"                    [id=7864, stack(0x0000009410300000,0x0000009410400000) (1024K)]
  0x00000261e258a900 WorkerThread "GC Thread#11"                    [id=1540, stack(0x0000009410400000,0x0000009410500000) (1024K)]
  0x00000261e258b060 WorkerThread "GC Thread#12"                    [id=13476, stack(0x0000009410500000,0x0000009410600000) (1024K)]
  0x00000261e2588070 WorkerThread "GC Thread#13"                    [id=29724, stack(0x0000009410600000,0x0000009410700000) (1024K)]
  0x00000261e25887d0 WorkerThread "GC Thread#14"                    [id=21556, stack(0x0000009410700000,0x0000009410800000) (1024K)]
  0x00000261c37dd160 ConcurrentGCThread "G1 Main Marker"            [id=34420, stack(0x000000940d900000,0x000000940da00000) (1024K)]
  0x00000261c37dea00 WorkerThread "G1 Conc#0"                       [id=24660, stack(0x000000940da00000,0x000000940db00000) (1024K)]
  0x00000261e2588420 WorkerThread "G1 Conc#1"                       [id=25712, stack(0x0000009410800000,0x0000009410900000) (1024K)]
  0x00000261e25892e0 WorkerThread "G1 Conc#2"                       [id=33296, stack(0x0000009410900000,0x0000009410a00000) (1024K)]
  0x00000261e258b410 WorkerThread "G1 Conc#3"                       [id=22120, stack(0x0000009410a00000,0x0000009410b00000) (1024K)]
  0x00000261dbbdde30 ConcurrentGCThread "G1 Refine#0"               [id=32036, stack(0x000000940db00000,0x000000940dc00000) (1024K)]
  0x00000261dbbde660 ConcurrentGCThread "G1 Service"                [id=4128, stack(0x000000940dc00000,0x000000940dd00000) (1024K)]
Total: 24

Threads with active compile tasks:
C2 CompilerThread0  12362 10271       4       java.beans.MethodRef::set (58 bytes)
C2 CompilerThread1  12362 10267       4       java.beans.Introspector::addMethod (241 bytes)
C2 CompilerThread2  12362 10244 %     4       org.gradle.internal.instantiation.generator.AbstractClassGenerator::inspectType @ 77 (602 bytes)
Total: 3

VM state: not at safepoint (normal execution)

VM Mutex/Monitor currently owned by a thread:  ([mutex/lock_event])
[0x00007ff9f4a5e460] CodeCache_lock - owner thread: 0x00000261dbcc9fb0

Heap address: 0x0000000080000000, size: 2048 MB, Compressed Oops mode: 32-bit

CDS archive(s) mapped at: [0x0000026180000000-0x0000026180ba0000-0x0000026180ba0000), size 12189696, SharedBaseAddress: 0x0000026180000000, ArchiveRelocationMode: 1.
Compressed class space mapped at: 0x0000026181000000-0x00000261c1000000, reserved size: 1073741824
Narrow klass base: 0x0000026180000000, Narrow klass shift: 0, Narrow klass range: 0x100000000

GC Precious Log:
 CardTable entry size: 512
 Card Set container configuration: InlinePtr #cards 5 size 8 Array Of Cards #cards 12 size 40 Howl #buckets 4 coarsen threshold 1843 Howl Bitmap #cards 512 size 80 coarsen threshold 460 Card regions per heap region 1 cards per card region 2048
 CPUs: 20 total, 20 available
 Memory: 11995M
 Large Page Support: Disabled
 NUMA Support: Disabled
 Compressed Oops: Enabled (32-bit)
 Heap Region Size: 1M
 Heap Min Capacity: 8M
 Heap Initial Capacity: 188M
 Heap Max Capacity: 2G
 Pre-touch: Disabled
 Parallel Workers: 15
 Concurrent Workers: 4
 Concurrent Refinement Workers: 15
 Periodic GC: Disabled

Heap:
 garbage-first heap   total 133120K, used 95437K [0x0000000080000000, 0x0000000100000000)
  region size 1024K, 19 young (19456K), 4 survivors (4096K)
 Metaspace       used 67600K, committed 69824K, reserved 1114112K
  class space    used 9690K, committed 10752K, reserved 1048576K

Heap Regions: E=young(eden), S=young(survivor), O=old, HS=humongous(starts), HC=humongous(continues), CS=collection set, F=free, TAMS=top-at-mark-start, PB=parsable bottom
|   0|0x0000000080000000, 0x0000000080100000, 0x0000000080100000|100%|HS|  |TAMS 0x0000000080000000| PB 0x0000000080000000| Complete 
|   1|0x0000000080100000, 0x0000000080200000, 0x0000000080200000|100%|HC|  |TAMS 0x0000000080100000| PB 0x0000000080100000| Complete 
|   2|0x0000000080200000, 0x0000000080300000, 0x0000000080300000|100%|HC|  |TAMS 0x0000000080200000| PB 0x0000000080200000| Complete 
|   3|0x0000000080300000, 0x0000000080400000, 0x0000000080400000|100%| O|  |TAMS 0x0000000080300000| PB 0x0000000080300000| Untracked 
|   4|0x0000000080400000, 0x0000000080500000, 0x0000000080500000|100%| O|  |TAMS 0x0000000080400000| PB 0x0000000080400000| Untracked 
|   5|0x0000000080500000, 0x0000000080500000, 0x0000000080600000|  0%| F|  |TAMS 0x0000000080500000| PB 0x0000000080500000| Untracked 
|   6|0x0000000080600000, 0x0000000080700000, 0x0000000080700000|100%|HS|  |TAMS 0x0000000080600000| PB 0x0000000080600000| Complete 
|   7|0x0000000080700000, 0x0000000080800000, 0x0000000080800000|100%| O|  |TAMS 0x0000000080700000| PB 0x0000000080700000| Untracked 
|   8|0x0000000080800000, 0x0000000080900000, 0x0000000080900000|100%| O|  |TAMS 0x0000000080800000| PB 0x0000000080800000| Untracked 
|   9|0x0000000080900000, 0x0000000080a00000, 0x0000000080a00000|100%| O|  |TAMS 0x0000000080900000| PB 0x0000000080900000| Untracked 
|  10|0x0000000080a00000, 0x0000000080b00000, 0x0000000080b00000|100%| O|  |TAMS 0x0000000080a00000| PB 0x0000000080a00000| Untracked 
|  11|0x0000000080b00000, 0x0000000080c00000, 0x0000000080c00000|100%| O|  |TAMS 0x0000000080b00000| PB 0x0000000080b00000| Untracked 
|  12|0x0000000080c00000, 0x0000000080d00000, 0x0000000080d00000|100%| O|  |TAMS 0x0000000080c00000| PB 0x0000000080c00000| Untracked 
|  13|0x0000000080d00000, 0x0000000080e00000, 0x0000000080e00000|100%| O|  |TAMS 0x0000000080d00000| PB 0x0000000080d00000| Untracked 
|  14|0x0000000080e00000, 0x0000000080f00000, 0x0000000080f00000|100%| O|  |TAMS 0x0000000080e00000| PB 0x0000000080e00000| Untracked 
|  15|0x0000000080f00000, 0x0000000081000000, 0x0000000081000000|100%| O|  |TAMS 0x0000000080f00000| PB 0x0000000080f00000| Untracked 
|  16|0x0000000081000000, 0x0000000081100000, 0x0000000081100000|100%| O|  |TAMS 0x0000000081000000| PB 0x0000000081000000| Untracked 
|  17|0x0000000081100000, 0x0000000081200000, 0x0000000081200000|100%| O|  |TAMS 0x0000000081100000| PB 0x0000000081100000| Untracked 
|  18|0x0000000081200000, 0x0000000081300000, 0x0000000081300000|100%| O|  |TAMS 0x0000000081200000| PB 0x0000000081200000| Untracked 
|  19|0x0000000081300000, 0x0000000081400000, 0x0000000081400000|100%| O|  |TAMS 0x0000000081300000| PB 0x0000000081300000| Untracked 
|  20|0x0000000081400000, 0x0000000081500000, 0x0000000081500000|100%| O|  |TAMS 0x0000000081400000| PB 0x0000000081400000| Untracked 
|  21|0x0000000081500000, 0x0000000081600000, 0x0000000081600000|100%| O|  |TAMS 0x0000000081500000| PB 0x0000000081500000| Untracked 
|  22|0x0000000081600000, 0x0000000081700000, 0x0000000081700000|100%| O|  |TAMS 0x0000000081600000| PB 0x0000000081600000| Untracked 
|  23|0x0000000081700000, 0x0000000081800000, 0x0000000081800000|100%| O|  |TAMS 0x0000000081700000| PB 0x0000000081700000| Untracked 
|  24|0x0000000081800000, 0x0000000081900000, 0x0000000081900000|100%| O|  |TAMS 0x0000000081800000| PB 0x0000000081800000| Untracked 
|  25|0x0000000081900000, 0x0000000081a00000, 0x0000000081a00000|100%| O|  |TAMS 0x0000000081900000| PB 0x0000000081900000| Untracked 
|  26|0x0000000081a00000, 0x0000000081b00000, 0x0000000081b00000|100%| O|  |TAMS 0x0000000081a00000| PB 0x0000000081a00000| Untracked 
|  27|0x0000000081b00000, 0x0000000081c00000, 0x0000000081c00000|100%| O|  |TAMS 0x0000000081b00000| PB 0x0000000081b00000| Untracked 
|  28|0x0000000081c00000, 0x0000000081d00000, 0x0000000081d00000|100%| O|  |TAMS 0x0000000081c00000| PB 0x0000000081c00000| Untracked 
|  29|0x0000000081d00000, 0x0000000081e00000, 0x0000000081e00000|100%| O|  |TAMS 0x0000000081d00000| PB 0x0000000081d00000| Untracked 
|  30|0x0000000081e00000, 0x0000000081f00000, 0x0000000081f00000|100%| O|  |TAMS 0x0000000081e00000| PB 0x0000000081e00000| Untracked 
|  31|0x0000000081f00000, 0x0000000082000000, 0x0000000082000000|100%| O|  |TAMS 0x0000000081f00000| PB 0x0000000081f00000| Untracked 
|  32|0x0000000082000000, 0x0000000082100000, 0x0000000082100000|100%| O|  |TAMS 0x0000000082000000| PB 0x0000000082000000| Untracked 
|  33|0x0000000082100000, 0x0000000082200000, 0x0000000082200000|100%| O|  |TAMS 0x0000000082100000| PB 0x0000000082100000| Untracked 
|  34|0x0000000082200000, 0x0000000082300000, 0x0000000082300000|100%| O|  |TAMS 0x0000000082200000| PB 0x0000000082200000| Untracked 
|  35|0x0000000082300000, 0x0000000082400000, 0x0000000082400000|100%| O|  |TAMS 0x0000000082300000| PB 0x0000000082300000| Untracked 
|  36|0x0000000082400000, 0x0000000082500000, 0x0000000082500000|100%| O|  |TAMS 0x0000000082400000| PB 0x0000000082400000| Untracked 
|  37|0x0000000082500000, 0x0000000082600000, 0x0000000082600000|100%| O|  |TAMS 0x0000000082500000| PB 0x0000000082500000| Untracked 
|  38|0x0000000082600000, 0x0000000082700000, 0x0000000082700000|100%| O|  |TAMS 0x0000000082600000| PB 0x0000000082600000| Untracked 
|  39|0x0000000082700000, 0x0000000082800000, 0x0000000082800000|100%| O|  |TAMS 0x0000000082700000| PB 0x0000000082700000| Untracked 
|  40|0x0000000082800000, 0x0000000082900000, 0x0000000082900000|100%|HS|  |TAMS 0x0000000082800000| PB 0x0000000082800000| Complete 
|  41|0x0000000082900000, 0x0000000082a00000, 0x0000000082a00000|100%|HS|  |TAMS 0x0000000082900000| PB 0x0000000082900000| Complete 
|  42|0x0000000082a00000, 0x0000000082b00000, 0x0000000082b00000|100%|HS|  |TAMS 0x0000000082a00000| PB 0x0000000082a00000| Complete 
|  43|0x0000000082b00000, 0x0000000082c00000, 0x0000000082c00000|100%| O|  |TAMS 0x0000000082b00000| PB 0x0000000082b00000| Untracked 
|  44|0x0000000082c00000, 0x0000000082d00000, 0x0000000082d00000|100%| O|  |TAMS 0x0000000082c00000| PB 0x0000000082c00000| Untracked 
|  45|0x0000000082d00000, 0x0000000082d00000, 0x0000000082e00000|  0%| F|  |TAMS 0x0000000082d00000| PB 0x0000000082d00000| Untracked 
|  46|0x0000000082e00000, 0x0000000082f00000, 0x0000000082f00000|100%| O|  |TAMS 0x0000000082e00000| PB 0x0000000082e00000| Untracked 
|  47|0x0000000082f00000, 0x0000000083000000, 0x0000000083000000|100%| O|  |TAMS 0x0000000082f00000| PB 0x0000000082f00000| Untracked 
|  48|0x0000000083000000, 0x0000000083100000, 0x0000000083100000|100%| O|  |TAMS 0x0000000083000000| PB 0x0000000083000000| Untracked 
|  49|0x0000000083100000, 0x0000000083200000, 0x0000000083200000|100%| O|  |TAMS 0x0000000083100000| PB 0x0000000083100000| Untracked 
|  50|0x0000000083200000, 0x0000000083300000, 0x0000000083300000|100%|HS|  |TAMS 0x0000000083200000| PB 0x0000000083200000| Complete 
|  51|0x0000000083300000, 0x0000000083400000, 0x0000000083400000|100%|HS|  |TAMS 0x0000000083300000| PB 0x0000000083300000| Complete 
|  52|0x0000000083400000, 0x0000000083500000, 0x0000000083500000|100%| O|  |TAMS 0x0000000083400000| PB 0x0000000083400000| Untracked 
|  53|0x0000000083500000, 0x0000000083600000, 0x0000000083600000|100%| O|  |TAMS 0x0000000083500000| PB 0x0000000083500000| Untracked 
|  54|0x0000000083600000, 0x0000000083700000, 0x0000000083700000|100%| O|  |TAMS 0x0000000083600000| PB 0x0000000083600000| Untracked 
|  55|0x0000000083700000, 0x0000000083800000, 0x0000000083800000|100%| O|  |TAMS 0x0000000083700000| PB 0x0000000083700000| Untracked 
|  56|0x0000000083800000, 0x0000000083900000, 0x0000000083900000|100%| O|  |TAMS 0x0000000083800000| PB 0x0000000083800000| Untracked 
|  57|0x0000000083900000, 0x0000000083a00000, 0x0000000083a00000|100%| O|  |TAMS 0x0000000083900000| PB 0x0000000083900000| Untracked 
|  58|0x0000000083a00000, 0x0000000083b00000, 0x0000000083b00000|100%| O|  |TAMS 0x0000000083a00000| PB 0x0000000083a00000| Untracked 
|  59|0x0000000083b00000, 0x0000000083c00000, 0x0000000083c00000|100%| O|  |TAMS 0x0000000083b00000| PB 0x0000000083b00000| Untracked 
|  60|0x0000000083c00000, 0x0000000083c00000, 0x0000000083d00000|  0%| F|  |TAMS 0x0000000083c00000| PB 0x0000000083c00000| Untracked 
|  61|0x0000000083d00000, 0x0000000083e00000, 0x0000000083e00000|100%| O|  |TAMS 0x0000000083d00000| PB 0x0000000083d00000| Untracked 
|  62|0x0000000083e00000, 0x0000000083f00000, 0x0000000083f00000|100%| O|  |TAMS 0x0000000083e00000| PB 0x0000000083e00000| Untracked 
|  63|0x0000000083f00000, 0x0000000084000000, 0x0000000084000000|100%| O|  |TAMS 0x0000000083f00000| PB 0x0000000083f00000| Untracked 
|  64|0x0000000084000000, 0x0000000084100000, 0x0000000084100000|100%| O|  |TAMS 0x0000000084000000| PB 0x0000000084000000| Untracked 
|  65|0x0000000084100000, 0x0000000084200000, 0x0000000084200000|100%| O|  |TAMS 0x0000000084100000| PB 0x0000000084100000| Untracked 
|  66|0x0000000084200000, 0x0000000084300000, 0x0000000084300000|100%| O|  |TAMS 0x0000000084200000| PB 0x0000000084200000| Untracked 
|  67|0x0000000084300000, 0x00000000843beb58, 0x0000000084400000| 74%| O|  |TAMS 0x0000000084300000| PB 0x0000000084300000| Untracked 
|  68|0x0000000084400000, 0x0000000084500000, 0x0000000084500000|100%| O|  |TAMS 0x0000000084400000| PB 0x0000000084400000| Untracked 
|  69|0x0000000084500000, 0x0000000084600000, 0x0000000084600000|100%| O|  |TAMS 0x0000000084500000| PB 0x0000000084500000| Untracked 
|  70|0x0000000084600000, 0x0000000084600000, 0x0000000084700000|  0%| F|  |TAMS 0x0000000084600000| PB 0x0000000084600000| Untracked 
|  71|0x0000000084700000, 0x0000000084700000, 0x0000000084800000|  0%| F|  |TAMS 0x0000000084700000| PB 0x0000000084700000| Untracked 
|  72|0x0000000084800000, 0x0000000084800000, 0x0000000084900000|  0%| F|  |TAMS 0x0000000084800000| PB 0x0000000084800000| Untracked 
|  73|0x0000000084900000, 0x0000000084900000, 0x0000000084a00000|  0%| F|  |TAMS 0x0000000084900000| PB 0x0000000084900000| Untracked 
|  74|0x0000000084a00000, 0x0000000084a74930, 0x0000000084b00000| 45%| S|CS|TAMS 0x0000000084a00000| PB 0x0000000084a00000| Complete 
|  75|0x0000000084b00000, 0x0000000084c00000, 0x0000000084c00000|100%| S|CS|TAMS 0x0000000084b00000| PB 0x0000000084b00000| Complete 
|  76|0x0000000084c00000, 0x0000000084c00000, 0x0000000084d00000|  0%| F|  |TAMS 0x0000000084c00000| PB 0x0000000084c00000| Untracked 
|  77|0x0000000084d00000, 0x0000000084d00000, 0x0000000084e00000|  0%| F|  |TAMS 0x0000000084d00000| PB 0x0000000084d00000| Untracked 
|  78|0x0000000084e00000, 0x0000000084e00000, 0x0000000084f00000|  0%| F|  |TAMS 0x0000000084e00000| PB 0x0000000084e00000| Untracked 
|  79|0x0000000084f00000, 0x0000000084f00000, 0x0000000085000000|  0%| F|  |TAMS 0x0000000084f00000| PB 0x0000000084f00000| Untracked 
|  80|0x0000000085000000, 0x0000000085000000, 0x0000000085100000|  0%| F|  |TAMS 0x0000000085000000| PB 0x0000000085000000| Untracked 
|  81|0x0000000085100000, 0x0000000085200000, 0x0000000085200000|100%| S|CS|TAMS 0x0000000085100000| PB 0x0000000085100000| Complete 
|  82|0x0000000085200000, 0x0000000085300000, 0x0000000085300000|100%| S|CS|TAMS 0x0000000085200000| PB 0x0000000085200000| Complete 
|  83|0x0000000085300000, 0x0000000085300000, 0x0000000085400000|  0%| F|  |TAMS 0x0000000085300000| PB 0x0000000085300000| Untracked 
|  84|0x0000000085400000, 0x0000000085400000, 0x0000000085500000|  0%| F|  |TAMS 0x0000000085400000| PB 0x0000000085400000| Untracked 
|  85|0x0000000085500000, 0x0000000085500000, 0x0000000085600000|  0%| F|  |TAMS 0x0000000085500000| PB 0x0000000085500000| Untracked 
|  86|0x0000000085600000, 0x0000000085600000, 0x0000000085700000|  0%| F|  |TAMS 0x0000000085600000| PB 0x0000000085600000| Untracked 
|  87|0x0000000085700000, 0x0000000085700000, 0x0000000085800000|  0%| F|  |TAMS 0x0000000085700000| PB 0x0000000085700000| Untracked 
|  88|0x0000000085800000, 0x0000000085800000, 0x0000000085900000|  0%| F|  |TAMS 0x0000000085800000| PB 0x0000000085800000| Untracked 
|  89|0x0000000085900000, 0x0000000085900000, 0x0000000085a00000|  0%| F|  |TAMS 0x0000000085900000| PB 0x0000000085900000| Untracked 
|  90|0x0000000085a00000, 0x0000000085a00000, 0x0000000085b00000|  0%| F|  |TAMS 0x0000000085a00000| PB 0x0000000085a00000| Untracked 
|  91|0x0000000085b00000, 0x0000000085b00000, 0x0000000085c00000|  0%| F|  |TAMS 0x0000000085b00000| PB 0x0000000085b00000| Untracked 
|  92|0x0000000085c00000, 0x0000000085c00000, 0x0000000085d00000|  0%| F|  |TAMS 0x0000000085c00000| PB 0x0000000085c00000| Untracked 
|  93|0x0000000085d00000, 0x0000000085d00000, 0x0000000085e00000|  0%| F|  |TAMS 0x0000000085d00000| PB 0x0000000085d00000| Untracked 
|  94|0x0000000085e00000, 0x0000000085e00000, 0x0000000085f00000|  0%| F|  |TAMS 0x0000000085e00000| PB 0x0000000085e00000| Untracked 
|  95|0x0000000085f00000, 0x0000000085f00000, 0x0000000086000000|  0%| F|  |TAMS 0x0000000085f00000| PB 0x0000000085f00000| Untracked 
|  96|0x0000000086000000, 0x0000000086000000, 0x0000000086100000|  0%| F|  |TAMS 0x0000000086000000| PB 0x0000000086000000| Untracked 
|  97|0x0000000086100000, 0x0000000086100000, 0x0000000086200000|  0%| F|  |TAMS 0x0000000086100000| PB 0x0000000086100000| Untracked 
|  98|0x0000000086200000, 0x0000000086200000, 0x0000000086300000|  0%| F|  |TAMS 0x0000000086200000| PB 0x0000000086200000| Untracked 
|  99|0x0000000086300000, 0x0000000086300000, 0x0000000086400000|  0%| F|  |TAMS 0x0000000086300000| PB 0x0000000086300000| Untracked 
| 100|0x0000000086400000, 0x0000000086400000, 0x0000000086500000|  0%| F|  |TAMS 0x0000000086400000| PB 0x0000000086400000| Untracked 
| 101|0x0000000086500000, 0x0000000086500000, 0x0000000086600000|  0%| F|  |TAMS 0x0000000086500000| PB 0x0000000086500000| Untracked 
| 102|0x0000000086600000, 0x0000000086600000, 0x0000000086700000|  0%| F|  |TAMS 0x0000000086600000| PB 0x0000000086600000| Untracked 
| 103|0x0000000086700000, 0x0000000086700000, 0x0000000086800000|  0%| F|  |TAMS 0x0000000086700000| PB 0x0000000086700000| Untracked 
| 104|0x0000000086800000, 0x0000000086800000, 0x0000000086900000|  0%| F|  |TAMS 0x0000000086800000| PB 0x0000000086800000| Untracked 
| 105|0x0000000086900000, 0x0000000086900000, 0x0000000086a00000|  0%| F|  |TAMS 0x0000000086900000| PB 0x0000000086900000| Untracked 
| 106|0x0000000086a00000, 0x0000000086b00000, 0x0000000086b00000|100%| E|  |TAMS 0x0000000086a00000| PB 0x0000000086a00000| Complete 
| 107|0x0000000086b00000, 0x0000000086c00000, 0x0000000086c00000|100%| E|CS|TAMS 0x0000000086b00000| PB 0x0000000086b00000| Complete 
| 108|0x0000000086c00000, 0x0000000086d00000, 0x0000000086d00000|100%| E|CS|TAMS 0x0000000086c00000| PB 0x0000000086c00000| Complete 
| 109|0x0000000086d00000, 0x0000000086e00000, 0x0000000086e00000|100%| E|CS|TAMS 0x0000000086d00000| PB 0x0000000086d00000| Complete 
| 110|0x0000000086e00000, 0x0000000086f00000, 0x0000000086f00000|100%| E|CS|TAMS 0x0000000086e00000| PB 0x0000000086e00000| Complete 
| 111|0x0000000086f00000, 0x0000000087000000, 0x0000000087000000|100%| E|CS|TAMS 0x0000000086f00000| PB 0x0000000086f00000| Complete 
| 112|0x0000000087000000, 0x0000000087100000, 0x0000000087100000|100%| E|CS|TAMS 0x0000000087000000| PB 0x0000000087000000| Complete 
| 113|0x0000000087100000, 0x0000000087200000, 0x0000000087200000|100%| E|CS|TAMS 0x0000000087100000| PB 0x0000000087100000| Complete 
| 114|0x0000000087200000, 0x0000000087300000, 0x0000000087300000|100%| E|CS|TAMS 0x0000000087200000| PB 0x0000000087200000| Complete 
| 115|0x0000000087300000, 0x0000000087400000, 0x0000000087400000|100%| E|CS|TAMS 0x0000000087300000| PB 0x0000000087300000| Complete 
| 116|0x0000000087400000, 0x0000000087500000, 0x0000000087500000|100%| E|CS|TAMS 0x0000000087400000| PB 0x0000000087400000| Complete 
| 117|0x0000000087500000, 0x0000000087600000, 0x0000000087600000|100%| E|CS|TAMS 0x0000000087500000| PB 0x0000000087500000| Complete 
| 118|0x0000000087600000, 0x0000000087700000, 0x0000000087700000|100%| E|CS|TAMS 0x0000000087600000| PB 0x0000000087600000| Complete 
| 119|0x0000000087700000, 0x0000000087800000, 0x0000000087800000|100%| E|CS|TAMS 0x0000000087700000| PB 0x0000000087700000| Complete 
| 187|0x000000008bb00000, 0x000000008bc00000, 0x000000008bc00000|100%| E|CS|TAMS 0x000000008bb00000| PB 0x000000008bb00000| Complete 
|2039|0x00000000ff700000, 0x00000000ff800000, 0x00000000ff800000|100%| O|  |TAMS 0x00000000ff700000| PB 0x00000000ff700000| Untracked 
|2040|0x00000000ff800000, 0x00000000ff900000, 0x00000000ff900000|100%| O|  |TAMS 0x00000000ff800000| PB 0x00000000ff800000| Untracked 
|2041|0x00000000ff900000, 0x00000000ffa00000, 0x00000000ffa00000|100%| O|  |TAMS 0x00000000ff900000| PB 0x00000000ff900000| Untracked 
|2042|0x00000000ffa00000, 0x00000000ffb00000, 0x00000000ffb00000|100%| O|  |TAMS 0x00000000ffa00000| PB 0x00000000ffa00000| Untracked 
|2043|0x00000000ffb00000, 0x00000000ffc00000, 0x00000000ffc00000|100%| O|  |TAMS 0x00000000ffb00000| PB 0x00000000ffb00000| Untracked 
|2044|0x00000000ffc00000, 0x00000000ffd00000, 0x00000000ffd00000|100%| O|  |TAMS 0x00000000ffc00000| PB 0x00000000ffc00000| Untracked 
|2045|0x00000000ffd00000, 0x00000000ffe00000, 0x00000000ffe00000|100%| O|  |TAMS 0x00000000ffd00000| PB 0x00000000ffd00000| Untracked 
|2046|0x00000000ffe00000, 0x00000000fff00000, 0x00000000fff00000|100%| O|  |TAMS 0x00000000ffe00000| PB 0x00000000ffe00000| Untracked 
|2047|0x00000000fff00000, 0x0000000100000000, 0x0000000100000000|100%| O|  |TAMS 0x00000000fff00000| PB 0x00000000fff00000| Untracked 

Card table byte_map: [0x00000261d6700000,0x00000261d6b00000] _byte_map_base: 0x00000261d6300000

Marking Bits: (CMBitMap*) 0x00000261c37cc880
 Bits: [0x00000261d6b00000, 0x00000261d8b00000)

Polling page: 0x00000261c1440000

Metaspace:

Usage:
  Non-class:     56.59 MB used.
      Class:      9.47 MB used.
       Both:     66.06 MB used.

Virtual space:
  Non-class space:       64.00 MB reserved,      57.75 MB ( 90%) committed,  1 nodes.
      Class space:        1.00 GB reserved,      10.56 MB (  1%) committed,  1 nodes.
             Both:        1.06 GB reserved,      68.31 MB (  6%) committed. 

Chunk freelists:
   Non-Class:  5.41 MB
       Class:  5.30 MB
        Both:  10.70 MB

MaxMetaspaceSize: unlimited
CompressedClassSpaceSize: 1.00 GB
Initial GC threshold: 21.00 MB
Current GC threshold: 105.25 MB
CDS: on
 - commit_granule_bytes: 65536.
 - commit_granule_words: 8192.
 - virtual_space_node_default_size: 8388608.
 - enlarge_chunks_in_place: 1.
 - use_allocation_guard: 0.


Internal statistics:

num_allocs_failed_limit: 9.
num_arena_births: 4016.
num_arena_deaths: 0.
num_vsnodes_births: 2.
num_vsnodes_deaths: 0.
num_space_committed: 1093.
num_space_uncommitted: 0.
num_chunks_returned_to_freelist: 9.
num_chunks_taken_from_freelist: 7292.
num_chunk_merges: 9.
num_chunk_splits: 4743.
num_chunks_enlarged: 2915.
num_inconsistent_stats: 0.

CodeHeap 'non-profiled nmethods': size=119168Kb used=5150Kb max_used=5150Kb free=114017Kb
 bounds [0x00000261ce510000, 0x00000261cea20000, 0x00000261d5970000]
CodeHeap 'profiled nmethods': size=119104Kb used=16214Kb max_used=16233Kb free=102889Kb
 bounds [0x00000261c6970000, 0x00000261c7960000, 0x00000261cddc0000]
CodeHeap 'non-nmethods': size=7488Kb used=1930Kb max_used=3674Kb free=5557Kb
 bounds [0x00000261cddc0000, 0x00000261ce170000, 0x00000261ce510000]
CodeCache: size=245760Kb, used=23294Kb, max_used=25057Kb, free=222463Kb
 total_blobs=9621, nmethods=8826, adapters=699, full_count=0
Compilation: enabled, stopped_count=0, restarted_count=0

Compilation events (20 events):
Event: 11.227 Thread 0x00000261dbce2d20 nmethod 10392 0x00000261c6fbe790 code [0x00000261c6fbe960, 0x00000261c6fbed18]
Event: 11.228 Thread 0x00000261e14025f0 nmethod 10393 0x00000261c6e84010 code [0x00000261c6e841e0, 0x00000261c6e84448]
Event: 11.228 Thread 0x00000261e14025f0 10395       3       java.lang.invoke.MethodType::equals (31 bytes)
Event: 11.228 Thread 0x00000261e14025f0 nmethod 10395 0x00000261c7786b10 code [0x00000261c7786cc0, 0x00000261c7786e90]
Event: 11.228 Thread 0x00000261e14025f0 10396       3       java.lang.invoke.MethodType::equals (25 bytes)
Event: 11.228 Thread 0x00000261e14025f0 nmethod 10396 0x00000261c6fbdf90 code [0x00000261c6fbe180, 0x00000261c6fbe650]
Event: 11.228 Thread 0x00000261dbfc0580 10397       3       java.lang.invoke.MethodType::explicitCastEquivalentToAsType (63 bytes)
Event: 11.228 Thread 0x00000261dbfc0580 nmethod 10397 0x00000261c6fbd890 code [0x00000261c6fbda80, 0x00000261c6fbde80]
Event: 11.232 Thread 0x00000261dbce2d20 10400       3       org.codehaus.groovy.reflection.CachedClass::getHierarchy (11 bytes)
Event: 11.232 Thread 0x00000261dbfc0580 10401       3       groovy.lang.MetaClassImpl::pickMethod (12 bytes)
Event: 11.232 Thread 0x00000261e14025f0 10402       3       groovy.lang.MetaClassImpl::getMethodWithoutCaching (34 bytes)
Event: 11.232 Thread 0x00000261dbce2d20 nmethod 10400 0x00000261c6fbd310 code [0x00000261c6fbd4c0, 0x00000261c6fbd798]
Event: 11.232 Thread 0x00000261dbfc0580 nmethod 10401 0x00000261c6fbce90 code [0x00000261c6fbd040, 0x00000261c6fbd220]
Event: 11.232 Thread 0x00000261e14025f0 nmethod 10402 0x00000261c6fbc810 code [0x00000261c6fbc9e0, 0x00000261c6fbcd40]
Event: 11.240 Thread 0x00000261e14025f0 10403       1       org.codehaus.groovy.runtime.metaclass.NewStaticMetaMethod::isStatic (2 bytes)
Event: 11.240 Thread 0x00000261e14025f0 nmethod 10403 0x00000261cea16f90 code [0x00000261cea17120, 0x00000261cea171e8]
Event: 11.242 Thread 0x00000261dbc8bf00 10404       1       org.codehaus.groovy.runtime.metaclass.MultipleSetterProperty::setGetter (6 bytes)
Event: 11.242 Thread 0x00000261dbc8bf00 nmethod 10404 0x00000261cea17290 code [0x00000261cea17420, 0x00000261cea17530]
Event: 11.243 Thread 0x00000261dbc8bf00 10405       1       org.gradle.internal.metaobject.BeanDynamicObject::access$300 (5 bytes)
Event: 11.243 Thread 0x00000261dbc8bf00 nmethod 10405 0x00000261cea17590 code [0x00000261cea17720, 0x00000261cea177d0]

GC Heap History (20 events):
Event: 7.428 GC heap before
{Heap before GC invocations=12 (full 0):
 garbage-first heap   total 101376K, used 84476K [0x0000000080000000, 0x0000000100000000)
  region size 1024K, 45 young (46080K), 7 survivors (7168K)
 Metaspace       used 48451K, committed 50240K, reserved 1114112K
  class space    used 7124K, committed 8000K, reserved 1048576K
}
Event: 7.434 GC heap after
{Heap after GC invocations=13 (full 0):
 garbage-first heap   total 101376K, used 50303K [0x0000000080000000, 0x0000000100000000)
  region size 1024K, 4 young (4096K), 4 survivors (4096K)
 Metaspace       used 48451K, committed 50240K, reserved 1114112K
  class space    used 7124K, committed 8000K, reserved 1048576K
}
Event: 7.711 GC heap before
{Heap before GC invocations=13 (full 0):
 garbage-first heap   total 101376K, used 86143K [0x0000000080000000, 0x0000000100000000)
  region size 1024K, 40 young (40960K), 4 survivors (4096K)
 Metaspace       used 48607K, committed 50432K, reserved 1114112K
  class space    used 7124K, committed 8000K, reserved 1048576K
}
Event: 7.714 GC heap after
{Heap after GC invocations=14 (full 0):
 garbage-first heap   total 101376K, used 51538K [0x0000000080000000, 0x0000000100000000)
  region size 1024K, 4 young (4096K), 4 survivors (4096K)
 Metaspace       used 48607K, committed 50432K, reserved 1114112K
  class space    used 7124K, committed 8000K, reserved 1048576K
}
Event: 7.975 GC heap before
{Heap before GC invocations=15 (full 0):
 garbage-first heap   total 101376K, used 86354K [0x0000000080000000, 0x0000000100000000)
  region size 1024K, 39 young (39936K), 4 survivors (4096K)
 Metaspace       used 48628K, committed 50432K, reserved 1114112K
  class space    used 7125K, committed 8000K, reserved 1048576K
}
Event: 7.978 GC heap after
{Heap after GC invocations=16 (full 0):
 garbage-first heap   total 121856K, used 52336K [0x0000000080000000, 0x0000000100000000)
  region size 1024K, 3 young (3072K), 3 survivors (3072K)
 Metaspace       used 48628K, committed 50432K, reserved 1114112K
  class space    used 7125K, committed 8000K, reserved 1048576K
}
Event: 8.887 GC heap before
{Heap before GC invocations=16 (full 0):
 garbage-first heap   total 121856K, used 109680K [0x0000000080000000, 0x0000000100000000)
  region size 1024K, 56 young (57344K), 3 survivors (3072K)
 Metaspace       used 50394K, committed 52352K, reserved 1114112K
  class space    used 7387K, committed 8320K, reserved 1048576K
}
Event: 8.891 GC heap after
{Heap after GC invocations=17 (full 0):
 garbage-first heap   total 124928K, used 63683K [0x0000000080000000, 0x0000000100000000)
  region size 1024K, 7 young (7168K), 7 survivors (7168K)
 Metaspace       used 50394K, committed 52352K, reserved 1114112K
  class space    used 7387K, committed 8320K, reserved 1048576K
}
Event: 9.399 GC heap before
{Heap before GC invocations=17 (full 0):
 garbage-first heap   total 124928K, used 104643K [0x0000000080000000, 0x0000000100000000)
  region size 1024K, 48 young (49152K), 7 survivors (7168K)
 Metaspace       used 52976K, committed 54912K, reserved 1114112K
  class space    used 7719K, committed 8640K, reserved 1048576K
}
Event: 9.403 GC heap after
{Heap after GC invocations=18 (full 0):
 garbage-first heap   total 124928K, used 68281K [0x0000000080000000, 0x0000000100000000)
  region size 1024K, 5 young (5120K), 5 survivors (5120K)
 Metaspace       used 52976K, committed 54912K, reserved 1114112K
  class space    used 7719K, committed 8640K, reserved 1048576K
}
Event: 9.960 GC heap before
{Heap before GC invocations=19 (full 0):
 garbage-first heap   total 124928K, used 108217K [0x0000000080000000, 0x0000000100000000)
  region size 1024K, 43 young (44032K), 5 survivors (5120K)
 Metaspace       used 56185K, committed 58112K, reserved 1114112K
  class space    used 8172K, committed 9088K, reserved 1048576K
}
Event: 9.963 GC heap after
{Heap after GC invocations=20 (full 0):
 garbage-first heap   total 124928K, used 73212K [0x0000000080000000, 0x0000000100000000)
  region size 1024K, 3 young (3072K), 3 survivors (3072K)
 Metaspace       used 56185K, committed 58112K, reserved 1114112K
  class space    used 8172K, committed 9088K, reserved 1048576K
}
Event: 10.294 GC heap before
{Heap before GC invocations=20 (full 0):
 garbage-first heap   total 124928K, used 110076K [0x0000000080000000, 0x0000000100000000)
  region size 1024K, 39 young (39936K), 3 survivors (3072K)
 Metaspace       used 60182K, committed 62272K, reserved 1114112K
  class space    used 8632K, committed 9664K, reserved 1048576K
}
Event: 10.297 GC heap after
{Heap after GC invocations=21 (full 0):
 garbage-first heap   total 124928K, used 73075K [0x0000000080000000, 0x0000000100000000)
  region size 1024K, 4 young (4096K), 4 survivors (4096K)
 Metaspace       used 60182K, committed 62272K, reserved 1114112K
  class space    used 8632K, committed 9664K, reserved 1048576K
}
Event: 10.479 GC heap before
{Heap before GC invocations=21 (full 0):
 garbage-first heap   total 124928K, used 88435K [0x0000000080000000, 0x0000000100000000)
  region size 1024K, 20 young (20480K), 4 survivors (4096K)
 Metaspace       used 62509K, committed 64640K, reserved 1114112K
  class space    used 8963K, committed 9984K, reserved 1048576K
}
Event: 10.483 GC heap after
{Heap after GC invocations=22 (full 0):
 garbage-first heap   total 124928K, used 75067K [0x0000000080000000, 0x0000000100000000)
  region size 1024K, 3 young (3072K), 3 survivors (3072K)
 Metaspace       used 62509K, committed 64640K, reserved 1114112K
  class space    used 8963K, committed 9984K, reserved 1048576K
}
Event: 10.799 GC heap before
{Heap before GC invocations=23 (full 0):
 garbage-first heap   total 133120K, used 119099K [0x0000000080000000, 0x0000000100000000)
  region size 1024K, 40 young (40960K), 3 survivors (3072K)
 Metaspace       used 64507K, committed 66688K, reserved 1114112K
  class space    used 9243K, committed 10304K, reserved 1048576K
}
Event: 10.802 GC heap after
{Heap after GC invocations=24 (full 0):
 garbage-first heap   total 133120K, used 78905K [0x0000000080000000, 0x0000000100000000)
  region size 1024K, 5 young (5120K), 5 survivors (5120K)
 Metaspace       used 64507K, committed 66688K, reserved 1114112K
  class space    used 9243K, committed 10304K, reserved 1048576K
}
Event: 11.150 GC heap before
{Heap before GC invocations=24 (full 0):
 garbage-first heap   total 133120K, used 117817K [0x0000000080000000, 0x0000000100000000)
  region size 1024K, 43 young (44032K), 5 survivors (5120K)
 Metaspace       used 66833K, committed 68992K, reserved 1114112K
  class space    used 9579K, committed 10624K, reserved 1048576K
}
Event: 11.154 GC heap after
{Heap after GC invocations=25 (full 0):
 garbage-first heap   total 133120K, used 81101K [0x0000000080000000, 0x0000000100000000)
  region size 1024K, 4 young (4096K), 4 survivors (4096K)
 Metaspace       used 66833K, committed 68992K, reserved 1114112K
  class space    used 9579K, committed 10624K, reserved 1048576K
}

Dll operation events (14 events):
Event: 0.007 Loaded shared library C:\Users\CANDRAGNAWN\.vscode\extensions\redhat.java-1.54.0-win32-x64\jre\21.0.10-win32-x86_64\bin\java.dll
Event: 0.069 Loaded shared library C:\Users\CANDRAGNAWN\.vscode\extensions\redhat.java-1.54.0-win32-x64\jre\21.0.10-win32-x86_64\bin\zip.dll
Event: 0.091 Loaded shared library C:\Users\CANDRAGNAWN\.vscode\extensions\redhat.java-1.54.0-win32-x64\jre\21.0.10-win32-x86_64\bin\instrument.dll
Event: 0.098 Loaded shared library C:\Users\CANDRAGNAWN\.vscode\extensions\redhat.java-1.54.0-win32-x64\jre\21.0.10-win32-x86_64\bin\net.dll
Event: 0.101 Loaded shared library C:\Users\CANDRAGNAWN\.vscode\extensions\redhat.java-1.54.0-win32-x64\jre\21.0.10-win32-x86_64\bin\nio.dll
Event: 0.105 Loaded shared library C:\Users\CANDRAGNAWN\.vscode\extensions\redhat.java-1.54.0-win32-x64\jre\21.0.10-win32-x86_64\bin\zip.dll
Event: 0.389 Loaded shared library C:\Users\CANDRAGNAWN\.vscode\extensions\redhat.java-1.54.0-win32-x64\jre\21.0.10-win32-x86_64\bin\jimage.dll
Event: 0.685 Loaded shared library C:\Users\CANDRAGNAWN\.vscode\extensions\redhat.java-1.54.0-win32-x64\jre\21.0.10-win32-x86_64\bin\verify.dll
Event: 0.718 Loaded shared library C:\Users\CANDRAGNAWN\.gradle\native\1def1411415f61bf3af743bc5b6707747c0891f09f0c88961ee8f79bc544acac\windows-amd64\native-platform.dll
Event: 0.734 Loaded shared library C:\Users\CANDRAGNAWN\.gradle\native\0.2.8\x86_64-windows-gnu\gradle-fileevents.dll
Event: 1.630 Loaded shared library C:\Users\CANDRAGNAWN\.vscode\extensions\redhat.java-1.54.0-win32-x64\jre\21.0.10-win32-x86_64\bin\management.dll
Event: 1.633 Loaded shared library C:\Users\CANDRAGNAWN\.vscode\extensions\redhat.java-1.54.0-win32-x64\jre\21.0.10-win32-x86_64\bin\management_ext.dll
Event: 1.748 Loaded shared library C:\Users\CANDRAGNAWN\.vscode\extensions\redhat.java-1.54.0-win32-x64\jre\21.0.10-win32-x86_64\bin\extnet.dll
Event: 1.934 Loaded shared library C:\Users\CANDRAGNAWN\.vscode\extensions\redhat.java-1.54.0-win32-x64\jre\21.0.10-win32-x86_64\bin\sunmscapi.dll

Deoptimization events (20 events):
Event: 10.993 Thread 0x00000261e1efa550 DEOPT PACKING pc=0x00000261ce7810d8 sp=0x000000940fbf5970
Event: 10.993 Thread 0x00000261e1efa550 DEOPT UNPACKING pc=0x00000261cde14422 sp=0x000000940fbf5908 mode 2
Event: 11.058 Thread 0x00000261e1efa550 DEOPT PACKING pc=0x00000261c78841ce sp=0x000000940fbf78f0
Event: 11.058 Thread 0x00000261e1efa550 DEOPT UNPACKING pc=0x00000261cde14bc2 sp=0x000000940fbf6e70 mode 0
Event: 11.077 Thread 0x00000261e1efa550 Uncommon trap: trap_request=0xfffffff4 fr.pc=0x00000261ce9a694c relative=0x00000000000002ac
Event: 11.077 Thread 0x00000261e1efa550 Uncommon trap: reason=null_check action=make_not_entrant pc=0x00000261ce9a694c method=sun.invoke.util.VerifyType.isNullConversion(Ljava/lang/Class;Ljava/lang/Class;Z)Z @ 22 c2
Event: 11.077 Thread 0x00000261e1efa550 DEOPT PACKING pc=0x00000261ce9a694c sp=0x000000940fbf6dc0
Event: 11.077 Thread 0x00000261e1efa550 DEOPT UNPACKING pc=0x00000261cde14422 sp=0x000000940fbf6d68 mode 2
Event: 11.192 Thread 0x00000261e1efa550 Uncommon trap: trap_request=0xffffff45 fr.pc=0x00000261ce925d5c relative=0x0000000000000d9c
Event: 11.192 Thread 0x00000261e1efa550 Uncommon trap: reason=unstable_if action=reinterpret pc=0x00000261ce925d5c method=groovy.lang.MetaClassImpl.checkIfStdMethod(Lgroovy/lang/MetaMethod;)V @ 167 c2
Event: 11.192 Thread 0x00000261e1efa550 DEOPT PACKING pc=0x00000261ce925d5c sp=0x000000940fbf5820
Event: 11.192 Thread 0x00000261e1efa550 DEOPT UNPACKING pc=0x00000261cde14422 sp=0x000000940fbf57d8 mode 2
Event: 11.227 Thread 0x00000261e1efa550 Uncommon trap: trap_request=0xffffff45 fr.pc=0x00000261ce6a2648 relative=0x0000000000000208
Event: 11.227 Thread 0x00000261e1efa550 Uncommon trap: reason=unstable_if action=reinterpret pc=0x00000261ce6a2648 method=java.lang.invoke.MethodType.equals(Ljava/lang/invoke/MethodType;)Z @ 8 c2
Event: 11.227 Thread 0x00000261e1efa550 DEOPT PACKING pc=0x00000261ce6a2648 sp=0x000000940fbefc20
Event: 11.227 Thread 0x00000261e1efa550 DEOPT UNPACKING pc=0x00000261cde14422 sp=0x000000940fbefb60 mode 2
Event: 11.238 Thread 0x00000261e1efa550 Uncommon trap: trap_request=0xffffff45 fr.pc=0x00000261ce6e650c relative=0x000000000000006c
Event: 11.238 Thread 0x00000261e1efa550 Uncommon trap: reason=unstable_if action=reinterpret pc=0x00000261ce6e650c method=java.lang.Class.getComponentType()Ljava/lang/Class; @ 4 c2
Event: 11.238 Thread 0x00000261e1efa550 DEOPT PACKING pc=0x00000261ce6e650c sp=0x000000940fbefb00
Event: 11.238 Thread 0x00000261e1efa550 DEOPT UNPACKING pc=0x00000261cde14422 sp=0x000000940fbefa90 mode 2

Classes loaded (20 events):
Event: 11.201 Loading class java/lang/IntegerBeanInfo
Event: 11.201 Loading class java/lang/IntegerBeanInfo done
Event: 11.201 Loading class java/lang/IntegerBeanInfo
Event: 11.201 Loading class java/lang/IntegerBeanInfo done
Event: 11.201 Loading class java/lang/NumberBeanInfo
Event: 11.201 Loading class java/lang/NumberBeanInfo done
Event: 11.201 Loading class java/lang/NumberBeanInfo
Event: 11.201 Loading class java/lang/NumberBeanInfo done
Event: 11.201 Loading class java/lang/NumberCustomizer
Event: 11.201 Loading class java/lang/NumberCustomizer done
Event: 11.202 Loading class java/lang/NumberCustomizer
Event: 11.202 Loading class java/lang/NumberCustomizer done
Event: 11.202 Loading class java/lang/IntegerCustomizer
Event: 11.202 Loading class java/lang/IntegerCustomizer done
Event: 11.202 Loading class java/lang/IntegerCustomizer
Event: 11.202 Loading class java/lang/IntegerCustomizer done
Event: 11.223 Loading class jdk/internal/reflect/MethodHandleCharacterFieldAccessorImpl
Event: 11.223 Loading class jdk/internal/reflect/MethodHandleCharacterFieldAccessorImpl done
Event: 11.238 Loading class jdk/internal/reflect/MethodHandleBooleanFieldAccessorImpl
Event: 11.239 Loading class jdk/internal/reflect/MethodHandleBooleanFieldAccessorImpl done

Classes unloaded (0 events):
No events

Classes redefined (0 events):
No events

Internal exceptions (20 events):
Event: 11.201 Thread 0x00000261e1efa550 Exception <a 'java/lang/ClassNotFoundException'{0x0000000086fb4318}: java/lang/NumberBeanInfo> (0x0000000086fb4318) 
thrown [s\src\hotspot\share\classfile\systemDictionary.cpp, line 312]
Event: 11.202 Thread 0x00000261e1efa550 Exception <a 'java/lang/ClassNotFoundException'{0x0000000086fbc5a8}: java/lang/NumberCustomizer> (0x0000000086fbc5a8) 
thrown [s\src\hotspot\share\classfile\systemDictionary.cpp, line 312]
Event: 11.202 Thread 0x00000261e1efa550 Exception <a 'java/lang/ClassNotFoundException'{0x0000000086fc7378}: java/lang/IntegerCustomizer> (0x0000000086fc7378) 
thrown [s\src\hotspot\share\classfile\systemDictionary.cpp, line 312]
Event: 11.208 Thread 0x00000261e1efa550 Exception <a 'java/lang/ClassNotFoundException'{0x0000000086e21158}: com/android/build/gradle/internal/dsl/ExternalNativeBuildOptions_DecoratedBeanInfo> (0x0000000086e21158) 
thrown [s\src\hotspot\share\classfile\systemDictionary.cpp, line 312]
Event: 11.208 Thread 0x00000261e1efa550 Exception <a 'java/lang/ClassNotFoundException'{0x0000000086e2e3f8}: com/android/build/gradle/internal/dsl/ExternalNativeBuildOptionsBeanInfo> (0x0000000086e2e3f8) 
thrown [s\src\hotspot\share\classfile\systemDictionary.cpp, line 312]
Event: 11.208 Thread 0x00000261e1efa550 Exception <a 'java/lang/ClassNotFoundException'{0x0000000086e3b698}: com/android/build/gradle/internal/dsl/ExternalNativeBuildOptionsCustomizer> (0x0000000086e3b698) 
thrown [s\src\hotspot\share\classfile\systemDictionary.cpp, line 312]
Event: 11.209 Thread 0x00000261e1efa550 Exception <a 'java/lang/ClassNotFoundException'{0x0000000086e59c38}: com/android/build/gradle/internal/dsl/ExternalNativeBuildOptions_DecoratedCustomizer> (0x0000000086e59c38) 
thrown [s\src\hotspot\share\classfile\systemDictionary.cpp, line 312]
Event: 11.212 Thread 0x00000261e1efa550 Exception <a 'java/lang/ClassNotFoundException'{0x0000000086e9d758}: com/android/build/gradle/internal/dsl/ExternalNativeCmakeOptions_DecoratedBeanInfo> (0x0000000086e9d758) 
thrown [s\src\hotspot\share\classfile\systemDictionary.cpp, line 312]
Event: 11.212 Thread 0x00000261e1efa550 Exception <a 'java/lang/ClassNotFoundException'{0x0000000086eabcd0}: com/android/build/gradle/internal/dsl/ExternalNativeCmakeOptionsBeanInfo> (0x0000000086eabcd0) 
thrown [s\src\hotspot\share\classfile\systemDictionary.cpp, line 312]
Event: 11.213 Thread 0x00000261e1efa550 Exception <a 'java/lang/ClassNotFoundException'{0x0000000086eba240}: com/android/build/gradle/internal/dsl/ExternalNativeCmakeOptionsCustomizer> (0x0000000086eba240) 
thrown [s\src\hotspot\share\classfile\systemDictionary.cpp, line 312]
Event: 11.213 Thread 0x00000261e1efa550 Exception <a 'java/lang/ClassNotFoundException'{0x0000000086edcb98}: com/android/build/gradle/internal/dsl/ExternalNativeCmakeOptions_DecoratedCustomizer> (0x0000000086edcb98) 
thrown [s\src\hotspot\share\classfile\systemDictionary.cpp, line 312]
Event: 11.215 Thread 0x00000261e1efa550 Exception <a 'java/lang/ClassNotFoundException'{0x0000000086d1c228}: build_86cb7y1ybku3pcjc29xzt3ob1$_run_closure1$_closure21$_closure29BeanInfo> (0x0000000086d1c228) 
thrown [s\src\hotspot\share\classfile\systemDictionary.cpp, line 312]
Event: 11.215 Thread 0x00000261e1efa550 Exception <a 'java/lang/ClassNotFoundException'{0x0000000086d27498}: build_86cb7y1ybku3pcjc29xzt3ob1$_run_closure1$_closure21$_closure29Customizer> (0x0000000086d27498) 
thrown [s\src\hotspot\share\classfile\systemDictionary.cpp, line 312]
Event: 11.216 Thread 0x00000261e1efa550 Exception <a 'java/lang/ClassNotFoundException'{0x0000000086d52080}: build_86cb7y1ybku3pcjc29xzt3ob1$_run_closure1$_closure21BeanInfo> (0x0000000086d52080) 
thrown [s\src\hotspot\share\classfile\systemDictionary.cpp, line 312]
Event: 11.216 Thread 0x00000261e1efa550 Exception <a 'java/lang/ClassNotFoundException'{0x0000000086d5e228}: build_86cb7y1ybku3pcjc29xzt3ob1$_run_closure1$_closure21Customizer> (0x0000000086d5e228) 
thrown [s\src\hotspot\share\classfile\systemDictionary.cpp, line 312]
Event: 11.219 Thread 0x00000261e1efa550 Exception <a 'java/lang/ClassNotFoundException'{0x0000000086d9e588}: org/apache/tools/ant/taskdefs/condition/OsBeanInfo> (0x0000000086d9e588) 
thrown [s\src\hotspot\share\classfile\systemDictionary.cpp, line 312]
Event: 11.221 Thread 0x00000261e1efa550 Exception <a 'java/lang/ClassNotFoundException'{0x0000000086db7050}: org/apache/tools/ant/taskdefs/condition/OsCustomizer> (0x0000000086db7050) 
thrown [s\src\hotspot\share\classfile\systemDictionary.cpp, line 312]
Event: 11.223 Thread 0x00000261e1efa550 Exception <a 'java/lang/NoSuchMethodError'{0x0000000086dd1790}: 'int java.lang.invoke.Invokers$Holder.invokeExact_MT(java.lang.Object, java.lang.Object)'> (0x0000000086dd1790) 
thrown [s\src\hotspot\share\interpreter\linkResolver.cpp, line 773]
Event: 11.228 Thread 0x00000261e1efa550 Exception <a 'java/lang/NoSuchMethodError'{0x0000000086c25328}: 'java.lang.Object java.lang.invoke.Invokers$Holder.linkToCallSite(java.lang.Object, java.lang.Object, java.lang.Object, java.lang.Object, java.lang.Object, java.lang.Object, java.lang.Object, java.lang.Object, java.lang.Object, java.lang.Object, java.lang.Object, java.lang.Object)'> (0x0000000086c25328) 
thrown [s\src\hotspot\share\interpreter\linkResolver.cpp, line 773]
Event: 11.228 Thread 0x00000261e1efa550 Exception <a 'java/lang/NoSuchMethodError'{0x0000000086c3a690}: 'java.lang.Object java.lang.invoke.DelegatingMethodHandle$Holder.delegate(java.lang.Object, java.lang.Object, java.lang.Object, java.lang.Object, java.lang.Object, java.lang.Object, java.lang.Object, java.lang.Object, java.lang.Object, java.lang.Object, java.lang.Object, java.lang.Object, java.lang.Object)'> (0x0000000086c3a690) 
thrown [s\src\hotspot\share\interpreter\linkResolver.cpp, line 773]

ZGC Phase Switch (0 events):
No events

VM Operations (20 events):
Event: 10.316 Executing non-safepoint VM operation: HandshakeAllThreads (Deoptimize)
Event: 10.316 Executing non-safepoint VM operation: HandshakeAllThreads (Deoptimize) done
Event: 10.403 Executing non-safepoint VM operation: HandshakeAllThreads (Deoptimize)
Event: 10.403 Executing non-safepoint VM operation: HandshakeAllThreads (Deoptimize) done
Event: 10.426 Executing non-safepoint VM operation: HandshakeAllThreads (Deoptimize)
Event: 10.426 Executing non-safepoint VM operation: HandshakeAllThreads (Deoptimize) done
Event: 10.428 Executing non-safepoint VM operation: HandshakeAllThreads (Deoptimize)
Event: 10.428 Executing non-safepoint VM operation: HandshakeAllThreads (Deoptimize) done
Event: 10.479 Executing safepoint VM operation: G1TryInitiateConcMark (G1 Humongous Allocation)
Event: 10.483 Executing safepoint VM operation: G1TryInitiateConcMark (G1 Humongous Allocation) done
Event: 10.503 Executing safepoint VM operation: G1PauseRemark
Event: 10.508 Executing safepoint VM operation: G1PauseRemark done
Event: 10.521 Executing safepoint VM operation: G1PauseCleanup
Event: 10.521 Executing safepoint VM operation: G1PauseCleanup done
Event: 10.799 Executing safepoint VM operation: G1CollectForAllocation (G1 Evacuation Pause)
Event: 10.802 Executing safepoint VM operation: G1CollectForAllocation (G1 Evacuation Pause) done
Event: 11.131 Executing safepoint VM operation: ICBufferFull
Event: 11.131 Executing safepoint VM operation: ICBufferFull done
Event: 11.150 Executing safepoint VM operation: G1CollectForAllocation (G1 Evacuation Pause)
Event: 11.154 Executing safepoint VM operation: G1CollectForAllocation (G1 Evacuation Pause) done

Memory protections (0 events):
No events

Nmethod flushes (20 events):
Event: 10.507 Thread 0x00000261dbca2790 flushing  nmethod 0x00000261ce653510
Event: 10.507 Thread 0x00000261dbca2790 flushing  nmethod 0x00000261ce70b410
Event: 10.507 Thread 0x00000261dbca2790 flushing  nmethod 0x00000261ce70ba10
Event: 10.507 Thread 0x00000261dbca2790 flushing  nmethod 0x00000261c69c1a90
Event: 10.507 Thread 0x00000261dbca2790 flushing  nmethod 0x00000261c69f0f90
Event: 10.507 Thread 0x00000261dbca2790 flushing  nmethod 0x00000261c69f3190
Event: 10.507 Thread 0x00000261dbca2790 flushing  nmethod 0x00000261c6a93690
Event: 10.507 Thread 0x00000261dbca2790 flushing  nmethod 0x00000261c6dad090
Event: 10.507 Thread 0x00000261dbca2790 flushing  nmethod 0x00000261c6fb9b90
Event: 10.507 Thread 0x00000261dbca2790 flushing  nmethod 0x00000261c6fbb090
Event: 10.507 Thread 0x00000261dbca2790 flushing  nmethod 0x00000261c70aa490
Event: 10.507 Thread 0x00000261dbca2790 flushing  nmethod 0x00000261c70aab10
Event: 10.507 Thread 0x00000261dbca2790 flushing  nmethod 0x00000261c724da10
Event: 10.507 Thread 0x00000261dbca2790 flushing  nmethod 0x00000261c725c110
Event: 10.507 Thread 0x00000261dbca2790 flushing  nmethod 0x00000261c7543010
Event: 10.507 Thread 0x00000261dbca2790 flushing  nmethod 0x00000261c7544310
Event: 10.507 Thread 0x00000261dbca2790 flushing  nmethod 0x00000261c7545390
Event: 10.507 Thread 0x00000261dbca2790 flushing  nmethod 0x00000261c754e290
Event: 10.507 Thread 0x00000261dbca2790 flushing  nmethod 0x00000261c754fc90
Event: 10.507 Thread 0x00000261dbca2790 flushing  nmethod 0x00000261c78f5e10

Events (20 events):
Event: 7.294 Thread 0x00000261e1efa550 Thread added: 0x00000261e4afa3d0
Event: 7.294 Thread 0x00000261e1efa550 Thread added: 0x00000261e4af9020
Event: 7.294 Thread 0x00000261e1efa550 Thread added: 0x00000261e4af8990
Event: 7.295 Thread 0x00000261e1efa550 Thread added: 0x00000261e4af96b0
Event: 7.295 Thread 0x00000261e1efa550 Thread added: 0x00000261e4af9d40
Event: 7.295 Thread 0x00000261e1efa550 Thread added: 0x00000261e4afaa60
Event: 7.295 Thread 0x00000261e1efa550 Thread added: 0x00000261e4afb780
Event: 8.218 Thread 0x00000261e1efa550 Thread added: 0x00000261e4afbe10
Event: 8.508 Thread 0x00000261e1efa550 Thread added: 0x00000261e4afb0f0
Event: 8.543 Thread 0x00000261e4afb0f0 Thread added: 0x00000261e3bc0f30
Event: 8.543 Thread 0x00000261e4afb0f0 Thread added: 0x00000261e3bc0210
Event: 8.647 Thread 0x00000261e5a90030 Thread exited: 0x00000261e5a90030
Event: 8.647 Thread 0x00000261e5b95820 Thread exited: 0x00000261e5b95820
Event: 8.900 Thread 0x00000261dbea2250 Thread added: 0x00000261e5a90030
Event: 8.924 Thread 0x00000261dbce2d20 Thread added: 0x00000261e5b957a0
Event: 9.197 Thread 0x00000261e1efa550 Thread added: 0x00000261e3bbe7d0
Event: 9.242 Thread 0x00000261e1efa550 Thread added: 0x00000261e3bc08a0
Event: 9.259 Thread 0x00000261e1efa550 Thread added: 0x00000261e3bbee60
Event: 9.443 Thread 0x00000261e1efa550 Thread added: 0x00000261e3bc22e0
Event: 10.338 Thread 0x00000261e1efa550 Thread added: 0x00000261e3bc3000


Dynamic libraries:
0x00007ff7bb3f0000 - 0x00007ff7bb3fe000 	C:\Users\CANDRAGNAWN\.vscode\extensions\redhat.java-1.54.0-win32-x64\jre\21.0.10-win32-x86_64\bin\java.exe
0x00007ffb35f40000 - 0x00007ffb361a7000 	C:\WINDOWS\SYSTEM32\ntdll.dll
0x00007ffb352d0000 - 0x00007ffb35399000 	C:\WINDOWS\System32\KERNEL32.DLL
0x00007ffb33790000 - 0x00007ffb33b87000 	C:\WINDOWS\System32\KERNELBASE.dll
0x00007ffb33560000 - 0x00007ffb336ab000 	C:\WINDOWS\System32\ucrtbase.dll
0x00007ffa1efb0000 - 0x00007ffa1efc8000 	C:\Users\CANDRAGNAWN\.vscode\extensions\redhat.java-1.54.0-win32-x64\jre\21.0.10-win32-x86_64\bin\jli.dll
0x00007ffa20a10000 - 0x00007ffa20a2e000 	C:\Users\CANDRAGNAWN\.vscode\extensions\redhat.java-1.54.0-win32-x64\jre\21.0.10-win32-x86_64\bin\VCRUNTIME140.dll
0x00007ffb357a0000 - 0x00007ffb35966000 	C:\WINDOWS\System32\USER32.dll
0x00007ffb0e910000 - 0x00007ffb0eba2000 	C:\WINDOWS\WinSxS\amd64_microsoft.windows.common-controls_6595b64144ccf1df_6.0.26100.8457_none_3e0b2faee331e92d\COMCTL32.dll
0x00007ffb33760000 - 0x00007ffb33787000 	C:\WINDOWS\System32\win32u.dll
0x00007ffb350c0000 - 0x00007ffb35169000 	C:\WINDOWS\System32\msvcrt.dll
0x00007ffb33cc0000 - 0x00007ffb33ceb000 	C:\WINDOWS\System32\GDI32.dll
0x00007ffb33b90000 - 0x00007ffb33cbc000 	C:\WINDOWS\System32\gdi32full.dll
0x00007ffb32c40000 - 0x00007ffb32ce3000 	C:\WINDOWS\System32\msvcp_win.dll
0x00007ffb34aa0000 - 0x00007ffb34ad2000 	C:\WINDOWS\System32\IMM32.DLL
0x00007ffa76840000 - 0x00007ffa7684c000 	C:\Users\CANDRAGNAWN\.vscode\extensions\redhat.java-1.54.0-win32-x64\jre\21.0.10-win32-x86_64\bin\vcruntime140_1.dll
0x00007ffa1eb40000 - 0x00007ffa1ebcd000 	C:\Users\CANDRAGNAWN\.vscode\extensions\redhat.java-1.54.0-win32-x64\jre\21.0.10-win32-x86_64\bin\msvcp140.dll
0x00007ff9f3da0000 - 0x00007ff9f4b41000 	C:\Users\CANDRAGNAWN\.vscode\extensions\redhat.java-1.54.0-win32-x64\jre\21.0.10-win32-x86_64\bin\server\jvm.dll
0x00007ffb33cf0000 - 0x00007ffb33da6000 	C:\WINDOWS\System32\ADVAPI32.dll
0x00007ffb356f0000 - 0x00007ffb35797000 	C:\WINDOWS\System32\sechost.dll
0x00007ffb35410000 - 0x00007ffb35528000 	C:\WINDOWS\System32\RPCRT4.dll
0x00007ffb33e10000 - 0x00007ffb33e90000 	C:\WINDOWS\System32\WS2_32.dll
0x00007ffb32260000 - 0x00007ffb322be000 	C:\WINDOWS\SYSTEM32\POWRPROF.dll
0x00007ffb2d8d0000 - 0x00007ffb2d906000 	C:\WINDOWS\SYSTEM32\WINMM.dll
0x00007ffb1e2f0000 - 0x00007ffb1e2fb000 	C:\WINDOWS\SYSTEM32\VERSION.dll
0x00007ffb32240000 - 0x00007ffb32254000 	C:\WINDOWS\SYSTEM32\UMPDC.dll
0x00007ffb316e0000 - 0x00007ffb316fb000 	C:\WINDOWS\SYSTEM32\kernel.appcore.dll
0x00007ffa50500000 - 0x00007ffa5050a000 	C:\Users\CANDRAGNAWN\.vscode\extensions\redhat.java-1.54.0-win32-x64\jre\21.0.10-win32-x86_64\bin\jimage.dll
0x00007ffb302e0000 - 0x00007ffb30522000 	C:\WINDOWS\SYSTEM32\DBGHELP.DLL
0x00007ffb34710000 - 0x00007ffb34a93000 	C:\WINDOWS\System32\combase.dll
0x00007ffb34f90000 - 0x00007ffb35069000 	C:\WINDOWS\System32\OLEAUT32.dll
0x00007ffaec8e0000 - 0x00007ffaec91b000 	C:\WINDOWS\SYSTEM32\dbgcore.DLL
0x00007ffb336b0000 - 0x00007ffb33758000 	C:\WINDOWS\System32\bcryptPrimitives.dll
0x00007ffaec880000 - 0x00007ffaec88f000 	C:\Users\CANDRAGNAWN\.vscode\extensions\redhat.java-1.54.0-win32-x64\jre\21.0.10-win32-x86_64\bin\instrument.dll
0x00007ffa1ef90000 - 0x00007ffa1efb0000 	C:\Users\CANDRAGNAWN\.vscode\extensions\redhat.java-1.54.0-win32-x64\jre\21.0.10-win32-x86_64\bin\java.dll
0x00007ffb33ea0000 - 0x00007ffb3460e000 	C:\WINDOWS\System32\SHELL32.dll
0x00007ffb32cf0000 - 0x00007ffb3355c000 	C:\WINDOWS\System32\windows.storage.dll
0x00007ffb35970000 - 0x00007ffb35a66000 	C:\WINDOWS\System32\SHCORE.dll
0x00007ffb353a0000 - 0x00007ffb35406000 	C:\WINDOWS\System32\shlwapi.dll
0x00007ffb32890000 - 0x00007ffb328b9000 	C:\WINDOWS\SYSTEM32\profapi.dll
0x00007ffa1ef70000 - 0x00007ffa1ef88000 	C:\Users\CANDRAGNAWN\.vscode\extensions\redhat.java-1.54.0-win32-x64\jre\21.0.10-win32-x86_64\bin\zip.dll
0x00007ffa4d3d0000 - 0x00007ffa4d3e0000 	C:\Users\CANDRAGNAWN\.vscode\extensions\redhat.java-1.54.0-win32-x64\jre\21.0.10-win32-x86_64\bin\net.dll
0x00007ffb27ea0000 - 0x00007ffb27fc9000 	C:\WINDOWS\SYSTEM32\WINHTTP.dll
0x00007ffb31c70000 - 0x00007ffb31cdc000 	C:\WINDOWS\system32\mswsock.dll
0x00007ffa1ef50000 - 0x00007ffa1ef66000 	C:\Users\CANDRAGNAWN\.vscode\extensions\redhat.java-1.54.0-win32-x64\jre\21.0.10-win32-x86_64\bin\nio.dll
0x00007ffa4b590000 - 0x00007ffa4b5a0000 	C:\Users\CANDRAGNAWN\.vscode\extensions\redhat.java-1.54.0-win32-x64\jre\21.0.10-win32-x86_64\bin\verify.dll
0x00007ffa91320000 - 0x00007ffa91347000 	C:\Users\CANDRAGNAWN\.gradle\native\1def1411415f61bf3af743bc5b6707747c0891f09f0c88961ee8f79bc544acac\windows-amd64\native-platform.dll
0x00007ffa4b620000 - 0x00007ffa4b697000 	C:\Users\CANDRAGNAWN\.gradle\native\0.2.8\x86_64-windows-gnu\gradle-fileevents.dll
0x00007ffa4b6b0000 - 0x00007ffa4b6ba000 	C:\Users\CANDRAGNAWN\.vscode\extensions\redhat.java-1.54.0-win32-x64\jre\21.0.10-win32-x86_64\bin\management.dll
0x00007ffa4b6a0000 - 0x00007ffa4b6ac000 	C:\Users\CANDRAGNAWN\.vscode\extensions\redhat.java-1.54.0-win32-x64\jre\21.0.10-win32-x86_64\bin\management_ext.dll
0x00007ffb33db0000 - 0x00007ffb33db8000 	C:\WINDOWS\System32\PSAPI.DLL
0x00007ffb310b0000 - 0x00007ffb310e2000 	C:\WINDOWS\SYSTEM32\IPHLPAPI.DLL
0x00007ffb34c80000 - 0x00007ffb34c8a000 	C:\WINDOWS\System32\NSI.dll
0x00007ffa46140000 - 0x00007ffa46149000 	C:\Users\CANDRAGNAWN\.vscode\extensions\redhat.java-1.54.0-win32-x64\jre\21.0.10-win32-x86_64\bin\extnet.dll
0x00007ffb31f50000 - 0x00007ffb31f6b000 	C:\WINDOWS\SYSTEM32\CRYPTSP.dll
0x00007ffb31630000 - 0x00007ffb31669000 	C:\WINDOWS\system32\rsaenh.dll
0x00007ffb31d20000 - 0x00007ffb31d53000 	C:\WINDOWS\SYSTEM32\USERENV.dll
0x00007ffb32860000 - 0x00007ffb3288a000 	C:\WINDOWS\SYSTEM32\bcrypt.dll
0x00007ffb31f70000 - 0x00007ffb31f7c000 	C:\WINDOWS\SYSTEM32\CRYPTBASE.dll
0x00007ffa46150000 - 0x00007ffa4615e000 	C:\Users\CANDRAGNAWN\.vscode\extensions\redhat.java-1.54.0-win32-x64\jre\21.0.10-win32-x86_64\bin\sunmscapi.dll
0x00007ffb32a30000 - 0x00007ffb32ba8000 	C:\WINDOWS\System32\CRYPT32.dll
0x00007ffb32200000 - 0x00007ffb32230000 	C:\WINDOWS\SYSTEM32\ncrypt.dll
0x00007ffb321b0000 - 0x00007ffb321ef000 	C:\WINDOWS\SYSTEM32\NTASN1.dll
0x00007ffae7140000 - 0x00007ffae7148000 	C:\WINDOWS\system32\wshunix.dll

JVMTI agents:
C:\Users\CANDRAGNAWN\.gradle\wrapper\dists\gradle-9.0.0-bin\d6wjpkvcgsg3oed0qlfss3wgl\gradle-9.0.0\lib\agents\gradle-instrumentation-agent-9.0.0.jar path:C:\Users\CANDRAGNAWN\.vscode\extensions\redhat.java-1.54.0-win32-x64\jre\21.0.10-win32-x86_64\bin\instrument.dll, loaded, initialized, instrumentlib options:none

dbghelp: loaded successfully - version: 4.0.5 - missing functions: none
symbol engine: initialized successfully - sym options: 0x614 - pdb path: .;C:\Users\CANDRAGNAWN\.vscode\extensions\redhat.java-1.54.0-win32-x64\jre\21.0.10-win32-x86_64\bin;C:\WINDOWS\SYSTEM32;C:\WINDOWS\WinSxS\amd64_microsoft.windows.common-controls_6595b64144ccf1df_6.0.26100.8457_none_3e0b2faee331e92d;C:\Users\CANDRAGNAWN\.vscode\extensions\redhat.java-1.54.0-win32-x64\jre\21.0.10-win32-x86_64\bin\server;C:\Users\CANDRAGNAWN\.gradle\native\1def1411415f61bf3af743bc5b6707747c0891f09f0c88961ee8f79bc544acac\windows-amd64;C:\Users\CANDRAGNAWN\.gradle\native\0.2.8\x86_64-windows-gnu

VM Arguments:
jvm_args: --add-opens=java.base/java.lang=ALL-UNNAMED --add-opens=java.base/java.lang.invoke=ALL-UNNAMED --add-opens=java.base/java.util=ALL-UNNAMED --add-opens=java.prefs/java.util.prefs=ALL-UNNAMED --add-exports=jdk.compiler/com.sun.tools.javac.api=ALL-UNNAMED --add-exports=jdk.compiler/com.sun.tools.javac.util=ALL-UNNAMED --add-opens=java.base/java.util=ALL-UNNAMED --add-opens=java.prefs/java.util.prefs=ALL-UNNAMED --add-opens=java.base/java.nio.charset=ALL-UNNAMED --add-opens=java.base/java.net=ALL-UNNAMED --add-opens=java.base/java.util.concurrent=ALL-UNNAMED --add-opens=java.base/java.util.concurrent.atomic=ALL-UNNAMED --add-opens=java.xml/javax.xml.namespace=ALL-UNNAMED -XX:+HeapDumpOnOutOfMemoryError --add-exports=jdk.compiler/com.sun.tools.javac.api=ALL-UNNAMED --add-exports=jdk.compiler/com.sun.tools.javac.file=ALL-UNNAMED --add-exports=jdk.compiler/com.sun.tools.javac.parser=ALL-UNNAMED --add-exports=jdk.compiler/com.sun.tools.javac.tree=ALL-UNNAMED --add-exports=jdk.compiler/com.sun.tools.javac.util=ALL-UNNAMED -Xmx2048m -Dfile.encoding=UTF-8A -Duser.country=ID -Duser.language=en -Duser.variant -javaagent:C:\Users\CANDRAGNAWN\.gradle\wrapper\dists\gradle-9.0.0-bin\d6wjpkvcgsg3oed0qlfss3wgl\gradle-9.0.0\lib\agents\gradle-instrumentation-agent-9.0.0.jar 
java_command: org.gradle.launcher.daemon.bootstrap.GradleDaemon 9.0.0
java_class_path (initial): C:\Users\CANDRAGNAWN\.gradle\wrapper\dists\gradle-9.0.0-bin\d6wjpkvcgsg3oed0qlfss3wgl\gradle-9.0.0\lib\gradle-daemon-main-9.0.0.jar
Launcher Type: SUN_STANDARD

[Global flags]
     intx CICompilerCount                          = 12                                        {product} {ergonomic}
     uint ConcGCThreads                            = 4                                         {product} {ergonomic}
     uint G1ConcRefinementThreads                  = 15                                        {product} {ergonomic}
   size_t G1HeapRegionSize                         = 1048576                                   {product} {ergonomic}
    uintx GCDrainStackTargetSize                   = 64                                        {product} {ergonomic}
     bool HeapDumpOnOutOfMemoryError               = true                                   {manageable} {command line}
   size_t InitialHeapSize                          = 197132288                                 {product} {ergonomic}
   size_t MarkStackSize                            = 4194304                                   {product} {ergonomic}
   size_t MaxHeapSize                              = 2147483648                                {product} {command line}
   size_t MaxNewSize                               = 1287651328                                {product} {ergonomic}
   size_t MinHeapDeltaBytes                        = 1048576                                   {product} {ergonomic}
   size_t MinHeapSize                              = 8388608                                   {product} {ergonomic}
    uintx NonNMethodCodeHeapSize                   = 7602480                                {pd product} {ergonomic}
    uintx NonProfiledCodeHeapSize                  = 122027880                              {pd product} {ergonomic}
    uintx ProfiledCodeHeapSize                     = 122027880                              {pd product} {ergonomic}
    uintx ReservedCodeCacheSize                    = 251658240                              {pd product} {ergonomic}
     bool SegmentedCodeCache                       = true                                      {product} {ergonomic}
   size_t SoftMaxHeapSize                          = 2147483648                             {manageable} {ergonomic}
     bool UseCompressedOops                        = true                           {product lp64_product} {ergonomic}
     bool UseG1GC                                  = true                                      {product} {ergonomic}
     bool UseLargePagesIndividualAllocation        = false                                  {pd product} {ergonomic}

Logging:
Log output configuration:
 #0: stdout all=warning uptime,level,tags foldmultilines=false
 #1: stderr all=off uptime,level,tags foldmultilines=false

Release file:
JAVA_VERSION="21.0.10" 
MODULES="java.base java.compiler java.datatransfer java.xml java.prefs java.desktop java.instrument java.logging java.management java.security.sasl java.naming java.rmi java.management.rmi java.net.http java.scripting java.security.jgss java.transaction.xa java.sql java.sql.rowset java.xml.crypto java.se java.smartcardio jdk.accessibility jdk.internal.jvmstat jdk.attach jdk.charsets jdk.internal.opt jdk.zipfs jdk.compiler jdk.crypto.ec jdk.crypto.cryptoki jdk.crypto.mscapi jdk.dynalink jdk.internal.ed jdk.editpad jdk.hotspot.agent jdk.httpserver jdk.internal.le jdk.internal.vm.ci jdk.internal.vm.compiler jdk.internal.vm.compiler.management jdk.jartool jdk.javadoc jdk.jcmd jdk.management jdk.management.agent jdk.jconsole jdk.jdeps jdk.jdwp.agent jdk.jdi jdk.jfr jdk.jshell jdk.jsobject jdk.jstatd jdk.localedata jdk.management.jfr jdk.naming.dns jdk.naming.rmi jdk.net jdk.nio.mapmode jdk.random jdk.sctp jdk.security.auth jdk.security.jgss jdk.unsupported jdk.unsupported.desktop jdk.xml.dom" 

Environment Variables:
JAVA_HOME=C:\Program Files\BellSoft\LibericaJDK-21-Full\
PATH=C:\Users\CANDRAGNAWN\AppData\Local\Programs\Microsoft VS Code;C:\Program Files\BellSoft\LibericaJDK-21-Full\bin\;C:\Program Files\Common Files\Oracle\Java\javapath;C:\Program Files (x86)\Common Files\Intel\Shared Libraries\redist\intel64\compiler;C:\WINDOWS\system32;C:\WINDOWS;C:\WINDOWS\System32\Wbem;C:\WINDOWS\System32\WindowsPowerShell\v1.0\;C:\WINDOWS\System32\OpenSSH\;C:\Program Files\NVIDIA Corporation\NVIDIA NvDLISR;C:\Users\CANDRAGNAWN\Downloads\mingw-w64-v11.0.0;C:\MinGW\bin;C:\ProgramData\chocolatey\bin;C:\Program Files\Git\cmd;C:\xampp\php;C:\Program Files\Docker\Docker\resources\bin;C:\Program Files\NVIDIA Corporation\NVIDIA App\NvDLISR;C:\Program Files (x86)\NVIDIA Corporation\PhysX\Common;%NVM_HOME%;%NVM_SYMLINK%;C:\Users\CANDRAGNAWN\AppData\Local\Programs\Python\Python312\Scripts\;C:\Users\CANDRAGNAWN\AppData\Local\Programs\Python\Python312\;C:\Program Files\MySQL\MySQL Shell 8.0\bin\;C:\Users\CANDRAGNAWN\AppData\Local\Programs\Python\Python313\Scripts\;C:\Users\CANDRAGNAWN\AppData\Local\Programs\Python\Python313\;C:\Users\CANDRAGNAWN\AppData\Local\Programs\Python\Python311\Scripts\;C:\Users\CANDRAGNAWN\AppData\Local\Programs\Python\Python311\;C:\Wincupl\WINCUPL\EXE;C:\Wincupl\WINCUPL\FITTERS;C:\Users\CANDRAGNAWN\AppData\Local\spicetify;C:\Users\CANDRAGNAWN\AppData\Local\Microsoft\WindowsApps;C:\Users\CANDRAGNAWN\AppData\Local\Programs\Microsoft VS Code\bin;C:\Users\CANDRAGNAWN\AppData\Local\Python\bin;C:\bin;C:\Users\CANDRAGNAWN\AppData\Roaming\npm;C:\Users\CANDRAGNAWN\AppData\Local\nvm;C:\nvm4w\nodejs;C:\Users\CANDRAGNAWN\AppData\Local\Programs\Antigravity\bin
USERNAME=CANDRAGNAWN
OS=Windows_NT
PROCESSOR_IDENTIFIER=Intel64 Family 6 Model 183 Stepping 1, GenuineIntel
TMP=C:\Users\CANDRA~1\AppData\Local\Temp
TEMP=C:\Users\CANDRA~1\AppData\Local\Temp




Periodic native trim disabled

---------------  S Y S T E M  ---------------

OS:
 Windows 11 , 64 bit Build 26100 (10.0.26100.8328)
OS uptime: 0 days 20:56 hours
Hyper-V role detected

CPU: total 20 (initial active 20) (10 cores per cpu, 2 threads per core) family 6 model 183 stepping 1 microcode 0x12e, cx8, cmov, fxsr, ht, mmx, 3dnowpref, sse, sse2, sse3, ssse3, sse4.1, sse4.2, popcnt, lzcnt, tsc, tscinvbit, avx, avx2, aes, erms, clmul, bmi1, bmi2, adx, sha, fma, vzeroupper, clflush, clflushopt, clwb, hv, serialize, rdtscp, rdpid, fsrm, f16c, cet_ibt, cet_ss
Processor Information for processor 0
  Max Mhz: 2600, Current Mhz: 2600, Mhz Limit: 2600
Processor Information for processor 1
  Max Mhz: 2600, Current Mhz: 2600, Mhz Limit: 2600
Processor Information for processor 2
  Max Mhz: 2600, Current Mhz: 2600, Mhz Limit: 2600
Processor Information for processor 3
  Max Mhz: 2600, Current Mhz: 1496, Mhz Limit: 2600
Processor Information for processor 4
  Max Mhz: 2600, Current Mhz: 2600, Mhz Limit: 2600
Processor Information for processor 5
  Max Mhz: 2600, Current Mhz: 2600, Mhz Limit: 2600
Processor Information for processor 6
  Max Mhz: 2600, Current Mhz: 2600, Mhz Limit: 2600
Processor Information for processor 7
  Max Mhz: 2600, Current Mhz: 2600, Mhz Limit: 2600
Processor Information for processor 8
  Max Mhz: 2600, Current Mhz: 2600, Mhz Limit: 2600
Processor Information for processor 9
  Max Mhz: 2600, Current Mhz: 2600, Mhz Limit: 2600
Processor Information for processor 10
  Max Mhz: 2600, Current Mhz: 2600, Mhz Limit: 2600
Processor Information for processor 11
  Max Mhz: 2600, Current Mhz: 2600, Mhz Limit: 2600
Processor Information for processor 12
  Max Mhz: 2600, Current Mhz: 2600, Mhz Limit: 2600
Processor Information for processor 13
  Max Mhz: 2600, Current Mhz: 2600, Mhz Limit: 2600
Processor Information for processor 14
  Max Mhz: 2600, Current Mhz: 2600, Mhz Limit: 2600
Processor Information for processor 15
  Max Mhz: 2600, Current Mhz: 2600, Mhz Limit: 2600
Processor Information for processor 16
  Max Mhz: 2600, Current Mhz: 2600, Mhz Limit: 2600
Processor Information for processor 17
  Max Mhz: 2600, Current Mhz: 2600, Mhz Limit: 2600
Processor Information for processor 18
  Max Mhz: 2600, Current Mhz: 2600, Mhz Limit: 2600
Processor Information for processor 19
  Max Mhz: 2600, Current Mhz: 2600, Mhz Limit: 2600

Memory: 4k page, system-wide physical 11995M (807M free)
TotalPageFile size 48859M (AvailPageFile size 9M)
current process WorkingSet (physical memory assigned to process): 397M, peak: 397M
current process commit charge ("private bytes"): 456M, peak: 456M

vm_info: OpenJDK 64-Bit Server VM (21.0.10+7-LTS) for windows-amd64 JRE (21.0.10+7-LTS), built on 2026-01-20T00:00:00Z by "admin" with MS VC++ 17.12 (VS2022)

END.
