#
# There is insufficient memory for the Java Runtime Environment to continue.
# Native memory allocation (malloc) failed to allocate 1797936 bytes. Error detail: Chunk::new
# Possible reasons:
#   The system is out of physical RAM or swap space
#   This process is running with CompressedOops enabled, and the Java Heap may be blocking the growth of the native heap
# Possible solutions:
#   Reduce memory load on the system
#   Increase physical memory or swap space
#   Check if swap backing store is full
#   Decrease Java heap size (-Xmx/-Xms)
#   Decrease number of Java threads
#   Decrease Java thread stack sizes (-Xss)
#   Set larger code cache with -XX:ReservedCodeCacheSize=
#   JVM is running with Unscaled Compressed Oops mode in which the Java heap is
#     placed in the first 4GB address space. The Java Heap base address is the
#     maximum limit for the native heap growth. Please use -XX:HeapBaseMinAddress
#     to set the Java Heap base and to place the Java Heap above 4GB virtual address.
# This output file may be truncated or incomplete.
#
#  Out of Memory Error (arena.cpp:168), pid=13608, tid=5336
#
# JRE version: OpenJDK Runtime Environment Temurin-21.0.10+7 (21.0.10+7) (build 21.0.10+7-LTS)
# Java VM: OpenJDK 64-Bit Server VM Temurin-21.0.10+7 (21.0.10+7-LTS, mixed mode, sharing, tiered, compressed oops, compressed class ptrs, g1 gc, windows-amd64)
# No core dump will be written. Minidumps are not enabled by default on client versions of Windows
#

---------------  S U M M A R Y ------------

Command Line: --add-opens=java.base/java.lang=ALL-UNNAMED --add-opens=java.base/java.lang.invoke=ALL-UNNAMED --add-opens=java.base/java.util=ALL-UNNAMED --add-opens=java.prefs/java.util.prefs=ALL-UNNAMED --add-exports=jdk.compiler/com.sun.tools.javac.api=ALL-UNNAMED --add-exports=jdk.compiler/com.sun.tools.javac.util=ALL-UNNAMED --add-opens=java.base/java.util=ALL-UNNAMED --add-opens=java.prefs/java.util.prefs=ALL-UNNAMED --add-opens=java.base/java.nio.charset=ALL-UNNAMED --add-opens=java.base/java.net=ALL-UNNAMED --add-opens=java.base/java.util.concurrent=ALL-UNNAMED --add-opens=java.base/java.util.concurrent.atomic=ALL-UNNAMED --add-opens=java.xml/javax.xml.namespace=ALL-UNNAMED -XX:MaxMetaspaceSize=512m -Xmx2048m -Dfile.encoding=UTF-8 -Duser.country=ID -Duser.language=en -Duser.variant -javaagent:C:\Users\CANDRAGNAWN\.gradle\wrapper\dists\gradle-9.0.0-bin\d6wjpkvcgsg3oed0qlfss3wgl\gradle-9.0.0\lib\agents\gradle-instrumentation-agent-9.0.0.jar org.gradle.launcher.daemon.bootstrap.GradleDaemon 9.0.0

Host: 13th Gen Intel(R) Core(TM) i7-13650HX, 20 cores, 11G,  Windows 11 , 64 bit Build 26100 (10.0.26100.8328)
Time: Sat May 16 20:06:58 2026 Malay Peninsula Standard Time elapsed time: 8.210146 seconds (0d 0h 0m 8s)

---------------  T H R E A D  ---------------

Current thread (0x000001e66fa1c980):  JavaThread "C2 CompilerThread1" daemon [_thread_in_native, id=5336, stack(0x00000027aaa00000,0x00000027aab00000) (1024K)]


Current CompileTask:
C2:8210 4318   !   4       java.net.URLClassLoader$1::run (81 bytes)

Stack: [0x00000027aaa00000,0x00000027aab00000]
Native frames: (J=compiled Java code, j=interpreted, Vv=VM code, C=native code)
V  [jvm.dll+0x6d7a39]
V  [jvm.dll+0x8b4b26]
V  [jvm.dll+0x8b70de]
V  [jvm.dll+0x8b77c3]
V  [jvm.dll+0x284346]
V  [jvm.dll+0xc66ed]
V  [jvm.dll+0xc6c31]
V  [jvm.dll+0x3bec01]
V  [jvm.dll+0x38b162]
V  [jvm.dll+0x38a5aa]
V  [jvm.dll+0x24c560]
V  [jvm.dll+0x24bb40]
V  [jvm.dll+0x1cb34e]
V  [jvm.dll+0x25b85d]
V  [jvm.dll+0x259dea]
V  [jvm.dll+0x3f857e]
V  [jvm.dll+0x85f59d]
V  [jvm.dll+0x6d626d]
C  [ucrtbase.dll+0x37b0]
C  [KERNEL32.DLL+0x2e957]
C  [ntdll.dll+0x427c]


---------------  P R O C E S S  ---------------

Threads class SMR info:
_java_thread_list=0x000001e677a5d9c0, length=38, elements={
0x000001e654eb62b0, 0x000001e66f57abf0, 0x000001e66f57d270, 0x000001e66f57e280,
0x000001e66f57e8f0, 0x000001e66f57ff70, 0x000001e66f584720, 0x000001e66f732320,
0x000001e66f7329d0, 0x000001e66f830980, 0x000001e66f944110, 0x000001e66fa029d0,
0x000001e67596ba10, 0x000001e675752a40, 0x000001e67594a370, 0x000001e675b48fb0,
0x000001e675b49cd0, 0x000001e675b4a9f0, 0x000001e675b49640, 0x000001e675b4a360,
0x000001e675b4b080, 0x000001e675b4b710, 0x000001e675b4bda0, 0x000001e675d386d0,
0x000001e675d38d60, 0x000001e675d3a110, 0x000001e675d38040, 0x000001e675d379b0,
0x000001e675d36c90, 0x000001e675d37320, 0x000001e675d3ae30, 0x000001e675d3b4c0,
0x000001e675d3bb50, 0x000001e675d3c870, 0x000001e66fa1c980, 0x000001e675d3d590,
0x000001e6764b3fe0, 0x000001e6764b2c30
}

Java Threads: ( => current thread )
  0x000001e654eb62b0 JavaThread "main"                              [_thread_blocked, id=17512, stack(0x00000027a6e00000,0x00000027a6f00000) (1024K)]
  0x000001e66f57abf0 JavaThread "Reference Handler"          daemon [_thread_blocked, id=14568, stack(0x00000027a7600000,0x00000027a7700000) (1024K)]
  0x000001e66f57d270 JavaThread "Finalizer"                  daemon [_thread_blocked, id=12572, stack(0x00000027a7700000,0x00000027a7800000) (1024K)]
  0x000001e66f57e280 JavaThread "Signal Dispatcher"          daemon [_thread_blocked, id=10740, stack(0x00000027a7800000,0x00000027a7900000) (1024K)]
  0x000001e66f57e8f0 JavaThread "Attach Listener"            daemon [_thread_blocked, id=34604, stack(0x00000027a7900000,0x00000027a7a00000) (1024K)]
  0x000001e66f57ff70 JavaThread "Service Thread"             daemon [_thread_blocked, id=21288, stack(0x00000027a7a00000,0x00000027a7b00000) (1024K)]
  0x000001e66f584720 JavaThread "Monitor Deflation Thread"   daemon [_thread_blocked, id=25516, stack(0x00000027a7b00000,0x00000027a7c00000) (1024K)]
  0x000001e66f732320 JavaThread "C2 CompilerThread0"         daemon [_thread_blocked, id=6972, stack(0x00000027a7c00000,0x00000027a7d00000) (1024K)]
  0x000001e66f7329d0 JavaThread "C1 CompilerThread0"         daemon [_thread_blocked, id=31168, stack(0x00000027a7d00000,0x00000027a7e00000) (1024K)]
  0x000001e66f830980 JavaThread "C1 CompilerThread1"         daemon [_thread_blocked, id=18864, stack(0x00000027a7e00000,0x00000027a7f00000) (1024K)]
  0x000001e66f944110 JavaThread "Common-Cleaner"             daemon [_thread_blocked, id=5460, stack(0x00000027a8000000,0x00000027a8100000) (1024K)]
  0x000001e66fa029d0 JavaThread "Notification Thread"        daemon [_thread_blocked, id=16264, stack(0x00000027a8100000,0x00000027a8200000) (1024K)]
  0x000001e67596ba10 JavaThread "Daemon health stats"               [_thread_blocked, id=22496, stack(0x00000027a8900000,0x00000027a8a00000) (1024K)]
  0x000001e675752a40 JavaThread "Incoming local TCP Connector on port 50521"        [_thread_in_native, id=18196, stack(0x00000027a8e00000,0x00000027a8f00000) (1024K)]
  0x000001e67594a370 JavaThread "Daemon periodic checks"            [_thread_blocked, id=31708, stack(0x00000027a8f00000,0x00000027a9000000) (1024K)]
  0x000001e675b48fb0 JavaThread "Daemon"                            [_thread_blocked, id=28780, stack(0x00000027a9000000,0x00000027a9100000) (1024K)]
  0x000001e675b49cd0 JavaThread "Handler for socket connection from /127.0.0.1:50521 to /127.0.0.1:50522"        [_thread_in_native, id=19980, stack(0x00000027a9100000,0x00000027a9200000) (1024K)]
  0x000001e675b4a9f0 JavaThread "Cancel handler"                    [_thread_blocked, id=30844, stack(0x00000027a9200000,0x00000027a9300000) (1024K)]
  0x000001e675b49640 JavaThread "Daemon worker"                     [_thread_blocked, id=28824, stack(0x00000027a9300000,0x00000027a9400000) (1024K)]
  0x000001e675b4a360 JavaThread "Asynchronous log dispatcher for DefaultDaemonConnection: socket connection from /127.0.0.1:50521 to /127.0.0.1:50522"        [_thread_blocked, id=13320, stack(0x00000027a9400000,0x00000027a9500000) (1024K)]
  0x000001e675b4b080 JavaThread "Stdin handler"                     [_thread_blocked, id=17732, stack(0x00000027a9500000,0x00000027a9600000) (1024K)]
  0x000001e675b4b710 JavaThread "Daemon client event forwarder"        [_thread_blocked, id=30852, stack(0x00000027a9600000,0x00000027a9700000) (1024K)]
  0x000001e675b4bda0 JavaThread "Cache worker for journal cache (C:\Users\CANDRAGNAWN\.gradle\caches\journal-1)"        [_thread_blocked, id=27292, stack(0x00000027a9700000,0x00000027a9800000) (1024K)]
  0x000001e675d386d0 JavaThread "File lock request listener"        [_thread_in_native, id=18652, stack(0x00000027a9800000,0x00000027a9900000) (1024K)]
  0x000001e675d38d60 JavaThread "Cache worker for file hash cache (C:\Users\CANDRAGNAWN\.gradle\caches\9.0.0\fileHashes)"        [_thread_blocked, id=32740, stack(0x00000027a9900000,0x00000027a9a00000) (1024K)]
  0x000001e675d3a110 JavaThread "Cache worker for file hash cache (C:\Usada Apps\FE\AwesomeProject\android\.gradle\9.0.0\fileHashes)"        [_thread_blocked, id=28264, stack(0x00000027aa300000,0x00000027aa400000) (1024K)]
  0x000001e675d38040 JavaThread "Cache worker for Build Output Cleanup Cache (C:\Usada Apps\FE\AwesomeProject\android\.gradle\buildOutputCleanup)"        [_thread_blocked, id=3000, stack(0x00000027aa400000,0x00000027aa500000) (1024K)]
  0x000001e675d379b0 JavaThread "File watcher server"        daemon [_thread_in_native, id=8208, stack(0x00000027aa500000,0x00000027aa600000) (1024K)]
  0x000001e675d36c90 JavaThread "File watcher consumer"      daemon [_thread_blocked, id=33232, stack(0x00000027aa600000,0x00000027aa700000) (1024K)]
  0x000001e675d37320 JavaThread "Cache worker for checksums cache (C:\Usada Apps\FE\AwesomeProject\android\.gradle\9.0.0\checksums)"        [_thread_blocked, id=4556, stack(0x00000027aa700000,0x00000027aa800000) (1024K)]
  0x000001e675d3ae30 JavaThread "Cache worker for file content cache (C:\Users\CANDRAGNAWN\.gradle\caches\9.0.0\fileContent)"        [_thread_blocked, id=14716, stack(0x00000027aa800000,0x00000027aa900000) (1024K)]
  0x000001e675d3b4c0 JavaThread "Cache worker for cache directory md-supplier (C:\Users\CANDRAGNAWN\.gradle\caches\9.0.0\md-supplier)"        [_thread_blocked, id=20468, stack(0x00000027aa900000,0x00000027aaa00000) (1024K)]
  0x000001e675d3bb50 JavaThread "Cache worker for cache directory md-rule (C:\Users\CANDRAGNAWN\.gradle\caches\9.0.0\md-rule)"        [_thread_blocked, id=20792, stack(0x00000027a8300000,0x00000027a8400000) (1024K)]
  0x000001e675d3c870 JavaThread "jar transforms"                    [_thread_blocked, id=34572, stack(0x00000027a8200000,0x00000027a8300000) (1024K)]
=>0x000001e66fa1c980 JavaThread "C2 CompilerThread1"         daemon [_thread_in_native, id=5336, stack(0x00000027aaa00000,0x00000027aab00000) (1024K)]
  0x000001e675d3d590 JavaThread "Exec process"                      [_thread_in_native, id=4208, stack(0x00000027aab00000,0x00000027aac00000) (1024K)]
  0x000001e6764b3fe0 JavaThread "Exec process Thread 2"             [_thread_in_native, id=21860, stack(0x00000027aac00000,0x00000027aad00000) (1024K)]
  0x000001e6764b2c30 JavaThread "Exec process Thread 3"             [_thread_in_native, id=13564, stack(0x00000027aad00000,0x00000027aae00000) (1024K)]
Total: 38

Other Threads:
  0x000001e66f55dce0 VMThread "VM Thread"                           [id=28888, stack(0x00000027a7500000,0x00000027a7600000) (1024K)]
  0x000001e66f7219e0 WatcherThread "VM Periodic Task Thread"        [id=18036, stack(0x00000027a7400000,0x00000027a7500000) (1024K)]
  0x000001e654bce060 WorkerThread "GC Thread#0"                     [id=2136, stack(0x00000027a6f00000,0x00000027a7000000) (1024K)]
  0x000001e674131710 WorkerThread "GC Thread#1"                     [id=27524, stack(0x00000027a8400000,0x00000027a8500000) (1024K)]
  0x000001e674077ae0 WorkerThread "GC Thread#2"                     [id=27272, stack(0x00000027a8500000,0x00000027a8600000) (1024K)]
  0x000001e674077e90 WorkerThread "GC Thread#3"                     [id=20180, stack(0x00000027a8600000,0x00000027a8700000) (1024K)]
  0x000001e674ab3530 WorkerThread "GC Thread#4"                     [id=5940, stack(0x00000027a8800000,0x00000027a8900000) (1024K)]
  0x000001e674ab3180 WorkerThread "GC Thread#5"                     [id=26880, stack(0x00000027a8a00000,0x00000027a8b00000) (1024K)]
  0x000001e674ab1f10 WorkerThread "GC Thread#6"                     [id=31388, stack(0x00000027a8b00000,0x00000027a8c00000) (1024K)]
  0x000001e674ab2670 WorkerThread "GC Thread#7"                     [id=6548, stack(0x00000027a8c00000,0x00000027a8d00000) (1024K)]
  0x000001e675961600 WorkerThread "GC Thread#8"                     [id=9692, stack(0x00000027a8d00000,0x00000027a8e00000) (1024K)]
  0x000001e675963e90 WorkerThread "GC Thread#9"                     [id=16792, stack(0x00000027a9a00000,0x00000027a9b00000) (1024K)]
  0x000001e675964240 WorkerThread "GC Thread#10"                    [id=13972, stack(0x00000027a9b00000,0x00000027a9c00000) (1024K)]
  0x000001e675962870 WorkerThread "GC Thread#11"                    [id=29620, stack(0x00000027a9c00000,0x00000027a9d00000) (1024K)]
  0x000001e675962c20 WorkerThread "GC Thread#12"                    [id=15304, stack(0x00000027a9d00000,0x00000027a9e00000) (1024K)]
  0x000001e675962fd0 WorkerThread "GC Thread#13"                    [id=12632, stack(0x00000027a9e00000,0x00000027a9f00000) (1024K)]
  0x000001e675963380 WorkerThread "GC Thread#14"                    [id=28556, stack(0x00000027a9f00000,0x00000027aa000000) (1024K)]
  0x000001e654f1d3a0 ConcurrentGCThread "G1 Main Marker"            [id=23048, stack(0x00000027a7000000,0x00000027a7100000) (1024K)]
  0x000001e654f1e8e0 WorkerThread "G1 Conc#0"                       [id=18988, stack(0x00000027a7100000,0x00000027a7200000) (1024K)]
  0x000001e675963ae0 WorkerThread "G1 Conc#1"                       [id=2516, stack(0x00000027aa000000,0x00000027aa100000) (1024K)]
  0x000001e675964d50 WorkerThread "G1 Conc#2"                       [id=21072, stack(0x00000027aa100000,0x00000027aa200000) (1024K)]
  0x000001e675961250 WorkerThread "G1 Conc#3"                       [id=18536, stack(0x00000027aa200000,0x00000027aa300000) (1024K)]
  0x000001e66f479a00 ConcurrentGCThread "G1 Refine#0"               [id=13904, stack(0x00000027a7200000,0x00000027a7300000) (1024K)]
  0x000001e66f47bf50 ConcurrentGCThread "G1 Service"                [id=18956, stack(0x00000027a7300000,0x00000027a7400000) (1024K)]
Total: 24

Threads with active compile tasks:
C2 CompilerThread1  8258 4318   !   4       java.net.URLClassLoader$1::run (81 bytes)
Total: 1

VM state: not at safepoint (normal execution)

VM Mutex/Monitor currently owned by a thread: None

Heap address: 0x0000000080000000, size: 2048 MB, Compressed Oops mode: 32-bit

CDS archive(s) mapped at: [0x000001e600000000-0x000001e600ba0000-0x000001e600ba0000), size 12189696, SharedBaseAddress: 0x000001e600000000, ArchiveRelocationMode: 1.
Compressed class space mapped at: 0x000001e601000000-0x000001e61b000000, reserved size: 436207616
Narrow klass base: 0x000001e600000000, Narrow klass shift: 0, Narrow klass range: 0x100000000

GC Precious Log:
 CardTable entry size: 512
 Card Set container configuration: InlinePtr #cards 5 size 8 Array Of Cards #cards 12 size 40 Howl #buckets 4 coarsen threshold 1843 Howl Bitmap #cards 512 size 80 coarsen threshold 460 Card regions per heap region 1 cards per card region 2048
 CPUs: 20 total, 20 available
 Memory: 11995M
 Large Page Support: Disabled
 NUMA Support: Disabled
 Compressed Oops: Enabled (32-bit)
 Heap Region Size: 1M
 Heap Min Capacity: 8M
 Heap Initial Capacity: 188M
 Heap Max Capacity: 2G
 Pre-touch: Disabled
 Parallel Workers: 15
 Concurrent Workers: 4
 Concurrent Refinement Workers: 15
 Periodic GC: Disabled

Heap:
 garbage-first heap   total 97280K, used 61191K [0x0000000080000000, 0x0000000100000000)
  region size 1024K, 36 young (36864K), 5 survivors (5120K)
 Metaspace       used 38599K, committed 40128K, reserved 491520K
  class space    used 5618K, committed 6336K, reserved 425984K

Heap Regions: E=young(eden), S=young(survivor), O=old, HS=humongous(starts), HC=humongous(continues), CS=collection set, F=free, TAMS=top-at-mark-start, PB=parsable bottom
|   0|0x0000000080000000, 0x0000000080100000, 0x0000000080100000|100%|HS|  |TAMS 0x0000000080000000| PB 0x0000000080000000| Complete 
|   1|0x0000000080100000, 0x0000000080200000, 0x0000000080200000|100%|HC|  |TAMS 0x0000000080100000| PB 0x0000000080100000| Complete 
|   2|0x0000000080200000, 0x0000000080300000, 0x0000000080300000|100%|HC|  |TAMS 0x0000000080200000| PB 0x0000000080200000| Complete 
|   3|0x0000000080300000, 0x0000000080400000, 0x0000000080400000|100%| O|  |TAMS 0x0000000080300000| PB 0x0000000080300000| Untracked 
|   4|0x0000000080400000, 0x0000000080500000, 0x0000000080500000|100%| O|  |TAMS 0x0000000080400000| PB 0x0000000080400000| Untracked 
|   5|0x0000000080500000, 0x0000000080600000, 0x0000000080600000|100%| O|  |TAMS 0x0000000080500000| PB 0x0000000080500000| Untracked 
|   6|0x0000000080600000, 0x0000000080700000, 0x0000000080700000|100%|HS|  |TAMS 0x0000000080600000| PB 0x0000000080600000| Complete 
|   7|0x0000000080700000, 0x0000000080800000, 0x0000000080800000|100%| O|  |TAMS 0x0000000080700000| PB 0x0000000080700000| Untracked 
|   8|0x0000000080800000, 0x0000000080900000, 0x0000000080900000|100%| O|  |TAMS 0x0000000080800000| PB 0x0000000080800000| Untracked 
|   9|0x0000000080900000, 0x0000000080a00000, 0x0000000080a00000|100%| O|  |TAMS 0x0000000080900000| PB 0x0000000080900000| Untracked 
|  10|0x0000000080a00000, 0x0000000080b00000, 0x0000000080b00000|100%| O|  |TAMS 0x0000000080a00000| PB 0x0000000080a00000| Untracked 
|  11|0x0000000080b00000, 0x0000000080c00000, 0x0000000080c00000|100%| O|  |TAMS 0x0000000080b00000| PB 0x0000000080b00000| Untracked 
|  12|0x0000000080c00000, 0x0000000080d00000, 0x0000000080d00000|100%| O|  |TAMS 0x0000000080c00000| PB 0x0000000080c00000| Untracked 
|  13|0x0000000080d00000, 0x0000000080de54c0, 0x0000000080e00000| 89%| O|  |TAMS 0x0000000080d00000| PB 0x0000000080d00000| Untracked 
|  14|0x0000000080e00000, 0x0000000080f00000, 0x0000000080f00000|100%| O|  |TAMS 0x0000000080e00000| PB 0x0000000080e00000| Untracked 
|  15|0x0000000080f00000, 0x0000000081000000, 0x0000000081000000|100%| O|  |TAMS 0x0000000080f00000| PB 0x0000000080f00000| Untracked 
|  16|0x0000000081000000, 0x0000000081100000, 0x0000000081100000|100%| O|Cm|TAMS 0x0000000081000000| PB 0x0000000081000000| Complete 
|  17|0x0000000081100000, 0x0000000081200000, 0x0000000081200000|100%| O|  |TAMS 0x0000000081100000| PB 0x0000000081100000| Untracked 
|  18|0x0000000081200000, 0x0000000081300000, 0x0000000081300000|100%| O|  |TAMS 0x0000000081200000| PB 0x0000000081200000| Untracked 
|  19|0x0000000081300000, 0x00000000813b0c60, 0x0000000081400000| 69%| O|  |TAMS 0x0000000081300000| PB 0x0000000081300000| Untracked 
|  20|0x0000000081400000, 0x0000000081400000, 0x0000000081500000|  0%| F|  |TAMS 0x0000000081400000| PB 0x0000000081400000| Untracked 
|  21|0x0000000081500000, 0x0000000081500000, 0x0000000081600000|  0%| F|  |TAMS 0x0000000081500000| PB 0x0000000081500000| Untracked 
|  22|0x0000000081600000, 0x0000000081600000, 0x0000000081700000|  0%| F|  |TAMS 0x0000000081600000| PB 0x0000000081600000| Untracked 
|  23|0x0000000081700000, 0x0000000081700000, 0x0000000081800000|  0%| F|  |TAMS 0x0000000081700000| PB 0x0000000081700000| Untracked 
|  24|0x0000000081800000, 0x0000000081800000, 0x0000000081900000|  0%| F|  |TAMS 0x0000000081800000| PB 0x0000000081800000| Untracked 
|  25|0x0000000081900000, 0x0000000081900000, 0x0000000081a00000|  0%| F|  |TAMS 0x0000000081900000| PB 0x0000000081900000| Untracked 
|  26|0x0000000081a00000, 0x0000000081a00000, 0x0000000081b00000|  0%| F|  |TAMS 0x0000000081a00000| PB 0x0000000081a00000| Untracked 
|  27|0x0000000081b00000, 0x0000000081b00000, 0x0000000081c00000|  0%| F|  |TAMS 0x0000000081b00000| PB 0x0000000081b00000| Untracked 
|  28|0x0000000081c00000, 0x0000000081c00000, 0x0000000081d00000|  0%| F|  |TAMS 0x0000000081c00000| PB 0x0000000081c00000| Untracked 
|  29|0x0000000081d00000, 0x0000000081d00000, 0x0000000081e00000|  0%| F|  |TAMS 0x0000000081d00000| PB 0x0000000081d00000| Untracked 
|  30|0x0000000081e00000, 0x0000000081e00000, 0x0000000081f00000|  0%| F|  |TAMS 0x0000000081e00000| PB 0x0000000081e00000| Untracked 
|  31|0x0000000081f00000, 0x0000000081f00000, 0x0000000082000000|  0%| F|  |TAMS 0x0000000081f00000| PB 0x0000000081f00000| Untracked 
|  32|0x0000000082000000, 0x0000000082000000, 0x0000000082100000|  0%| F|  |TAMS 0x0000000082000000| PB 0x0000000082000000| Untracked 
|  33|0x0000000082100000, 0x0000000082100000, 0x0000000082200000|  0%| F|  |TAMS 0x0000000082100000| PB 0x0000000082100000| Untracked 
|  34|0x0000000082200000, 0x0000000082200000, 0x0000000082300000|  0%| F|  |TAMS 0x0000000082200000| PB 0x0000000082200000| Untracked 
|  35|0x0000000082300000, 0x0000000082300000, 0x0000000082400000|  0%| F|  |TAMS 0x0000000082300000| PB 0x0000000082300000| Untracked 
|  36|0x0000000082400000, 0x0000000082400000, 0x0000000082500000|  0%| F|  |TAMS 0x0000000082400000| PB 0x0000000082400000| Untracked 
|  37|0x0000000082500000, 0x0000000082500000, 0x0000000082600000|  0%| F|  |TAMS 0x0000000082500000| PB 0x0000000082500000| Untracked 
|  38|0x0000000082600000, 0x0000000082600000, 0x0000000082700000|  0%| F|  |TAMS 0x0000000082600000| PB 0x0000000082600000| Untracked 
|  39|0x0000000082700000, 0x0000000082700000, 0x0000000082800000|  0%| F|  |TAMS 0x0000000082700000| PB 0x0000000082700000| Untracked 
|  40|0x0000000082800000, 0x0000000082800000, 0x0000000082900000|  0%| F|  |TAMS 0x0000000082800000| PB 0x0000000082800000| Untracked 
|  41|0x0000000082900000, 0x0000000082900000, 0x0000000082a00000|  0%| F|  |TAMS 0x0000000082900000| PB 0x0000000082900000| Untracked 
|  42|0x0000000082a00000, 0x0000000082a00000, 0x0000000082b00000|  0%| F|  |TAMS 0x0000000082a00000| PB 0x0000000082a00000| Untracked 
|  43|0x0000000082b00000, 0x0000000082b00000, 0x0000000082c00000|  0%| F|  |TAMS 0x0000000082b00000| PB 0x0000000082b00000| Untracked 
|  44|0x0000000082c00000, 0x0000000082c00000, 0x0000000082d00000|  0%| F|  |TAMS 0x0000000082c00000| PB 0x0000000082c00000| Untracked 
|  45|0x0000000082d00000, 0x0000000082d00000, 0x0000000082e00000|  0%| F|  |TAMS 0x0000000082d00000| PB 0x0000000082d00000| Untracked 
|  46|0x0000000082e00000, 0x0000000082e00000, 0x0000000082f00000|  0%| F|  |TAMS 0x0000000082e00000| PB 0x0000000082e00000| Untracked 
|  47|0x0000000082f00000, 0x0000000082f00000, 0x0000000083000000|  0%| F|  |TAMS 0x0000000082f00000| PB 0x0000000082f00000| Untracked 
|  48|0x0000000083000000, 0x0000000083000000, 0x0000000083100000|  0%| F|  |TAMS 0x0000000083000000| PB 0x0000000083000000| Untracked 
|  49|0x0000000083100000, 0x0000000083100000, 0x0000000083200000|  0%| F|  |TAMS 0x0000000083100000| PB 0x0000000083100000| Untracked 
|  50|0x0000000083200000, 0x0000000083200000, 0x0000000083300000|  0%| F|  |TAMS 0x0000000083200000| PB 0x0000000083200000| Untracked 
|  51|0x0000000083300000, 0x0000000083300000, 0x0000000083400000|  0%| F|  |TAMS 0x0000000083300000| PB 0x0000000083300000| Untracked 
|  52|0x0000000083400000, 0x0000000083400000, 0x0000000083500000|  0%| F|  |TAMS 0x0000000083400000| PB 0x0000000083400000| Untracked 
|  53|0x0000000083500000, 0x0000000083600000, 0x0000000083600000|100%| E|  |TAMS 0x0000000083500000| PB 0x0000000083500000| Complete 
|  54|0x0000000083600000, 0x0000000083700000, 0x0000000083700000|100%| E|CS|TAMS 0x0000000083600000| PB 0x0000000083600000| Complete 
|  55|0x0000000083700000, 0x0000000083800000, 0x0000000083800000|100%| E|CS|TAMS 0x0000000083700000| PB 0x0000000083700000| Complete 
|  56|0x0000000083800000, 0x0000000083900000, 0x0000000083900000|100%| E|CS|TAMS 0x0000000083800000| PB 0x0000000083800000| Complete 
|  57|0x0000000083900000, 0x0000000083a00000, 0x0000000083a00000|100%| E|CS|TAMS 0x0000000083900000| PB 0x0000000083900000| Complete 
|  58|0x0000000083a00000, 0x0000000083b00000, 0x0000000083b00000|100%| E|CS|TAMS 0x0000000083a00000| PB 0x0000000083a00000| Complete 
|  59|0x0000000083b00000, 0x0000000083c00000, 0x0000000083c00000|100%| E|CS|TAMS 0x0000000083b00000| PB 0x0000000083b00000| Complete 
|  60|0x0000000083c00000, 0x0000000083d00000, 0x0000000083d00000|100%| E|CS|TAMS 0x0000000083c00000| PB 0x0000000083c00000| Complete 
|  61|0x0000000083d00000, 0x0000000083e00000, 0x0000000083e00000|100%| E|CS|TAMS 0x0000000083d00000| PB 0x0000000083d00000| Complete 
|  62|0x0000000083e00000, 0x0000000083f00000, 0x0000000083f00000|100%| E|CS|TAMS 0x0000000083e00000| PB 0x0000000083e00000| Complete 
|  63|0x0000000083f00000, 0x0000000084000000, 0x0000000084000000|100%| E|CS|TAMS 0x0000000083f00000| PB 0x0000000083f00000| Complete 
|  64|0x0000000084000000, 0x0000000084100000, 0x0000000084100000|100%| E|CS|TAMS 0x0000000084000000| PB 0x0000000084000000| Complete 
|  65|0x0000000084100000, 0x0000000084200000, 0x0000000084200000|100%| E|CS|TAMS 0x0000000084100000| PB 0x0000000084100000| Complete 
|  66|0x0000000084200000, 0x0000000084300000, 0x0000000084300000|100%| E|CS|TAMS 0x0000000084200000| PB 0x0000000084200000| Complete 
|  67|0x0000000084300000, 0x0000000084400000, 0x0000000084400000|100%| E|CS|TAMS 0x0000000084300000| PB 0x0000000084300000| Complete 
|  68|0x0000000084400000, 0x0000000084500000, 0x0000000084500000|100%| E|CS|TAMS 0x0000000084400000| PB 0x0000000084400000| Complete 
|  69|0x0000000084500000, 0x0000000084600000, 0x0000000084600000|100%| E|CS|TAMS 0x0000000084500000| PB 0x0000000084500000| Complete 
|  70|0x0000000084600000, 0x0000000084700000, 0x0000000084700000|100%| E|CS|TAMS 0x0000000084600000| PB 0x0000000084600000| Complete 
|  71|0x0000000084700000, 0x0000000084800000, 0x0000000084800000|100%| E|CS|TAMS 0x0000000084700000| PB 0x0000000084700000| Complete 
|  72|0x0000000084800000, 0x0000000084900000, 0x0000000084900000|100%| E|CS|TAMS 0x0000000084800000| PB 0x0000000084800000| Complete 
|  73|0x0000000084900000, 0x0000000084a00000, 0x0000000084a00000|100%| E|CS|TAMS 0x0000000084900000| PB 0x0000000084900000| Complete 
|  74|0x0000000084a00000, 0x0000000084b00000, 0x0000000084b00000|100%| E|CS|TAMS 0x0000000084a00000| PB 0x0000000084a00000| Complete 
|  75|0x0000000084b00000, 0x0000000084c00000, 0x0000000084c00000|100%| E|CS|TAMS 0x0000000084b00000| PB 0x0000000084b00000| Complete 
|  92|0x0000000085c00000, 0x0000000085d00000, 0x0000000085d00000|100%| E|CS|TAMS 0x0000000085c00000| PB 0x0000000085c00000| Complete 
|  93|0x0000000085d00000, 0x0000000085e00000, 0x0000000085e00000|100%| E|CS|TAMS 0x0000000085d00000| PB 0x0000000085d00000| Complete 
|  94|0x0000000085e00000, 0x0000000085f00000, 0x0000000085f00000|100%| E|CS|TAMS 0x0000000085e00000| PB 0x0000000085e00000| Complete 
|  95|0x0000000085f00000, 0x0000000086000000, 0x0000000086000000|100%| E|CS|TAMS 0x0000000085f00000| PB 0x0000000085f00000| Complete 
|  96|0x0000000086000000, 0x0000000086100000, 0x0000000086100000|100%| E|CS|TAMS 0x0000000086000000| PB 0x0000000086000000| Complete 
|  97|0x0000000086100000, 0x000000008612bea0, 0x0000000086200000| 17%| S|CS|TAMS 0x0000000086100000| PB 0x0000000086100000| Complete 
|  98|0x0000000086200000, 0x0000000086300000, 0x0000000086300000|100%| S|CS|TAMS 0x0000000086200000| PB 0x0000000086200000| Complete 
|  99|0x0000000086300000, 0x0000000086400000, 0x0000000086400000|100%| S|CS|TAMS 0x0000000086300000| PB 0x0000000086300000| Complete 
| 100|0x0000000086400000, 0x0000000086500000, 0x0000000086500000|100%| S|CS|TAMS 0x0000000086400000| PB 0x0000000086400000| Complete 
| 101|0x0000000086500000, 0x0000000086600000, 0x0000000086600000|100%| S|CS|TAMS 0x0000000086500000| PB 0x0000000086500000| Complete 
| 102|0x0000000086600000, 0x0000000086700000, 0x0000000086700000|100%| E|CS|TAMS 0x0000000086600000| PB 0x0000000086600000| Complete 
| 103|0x0000000086700000, 0x0000000086800000, 0x0000000086800000|100%| E|CS|TAMS 0x0000000086700000| PB 0x0000000086700000| Complete 
| 187|0x000000008bb00000, 0x000000008bc00000, 0x000000008bc00000|100%| E|CS|TAMS 0x000000008bb00000| PB 0x000000008bb00000| Complete 
|2042|0x00000000ffa00000, 0x00000000ffb00000, 0x00000000ffb00000|100%| O|  |TAMS 0x00000000ffa00000| PB 0x00000000ffa00000| Untracked 
|2043|0x00000000ffb00000, 0x00000000ffc00000, 0x00000000ffc00000|100%| O|  |TAMS 0x00000000ffb00000| PB 0x00000000ffb00000| Untracked 
|2044|0x00000000ffc00000, 0x00000000ffd00000, 0x00000000ffd00000|100%| O|  |TAMS 0x00000000ffc00000| PB 0x00000000ffc00000| Untracked 
|2045|0x00000000ffd00000, 0x00000000ffe00000, 0x00000000ffe00000|100%| O|  |TAMS 0x00000000ffd00000| PB 0x00000000ffd00000| Untracked 
|2046|0x00000000ffe00000, 0x00000000fff00000, 0x00000000fff00000|100%| O|  |TAMS 0x00000000ffe00000| PB 0x00000000ffe00000| Untracked 
|2047|0x00000000fff00000, 0x0000000100000000, 0x0000000100000000|100%| O|  |TAMS 0x00000000fff00000| PB 0x00000000fff00000| Untracked 

Card table byte_map: [0x000001e669fa0000,0x000001e66a3a0000] _byte_map_base: 0x000001e669ba0000

Marking Bits: (CMBitMap*) 0x000001e654bce680
 Bits: [0x000001e66a3a0000, 0x000001e66c3a0000)

Polling page: 0x000001e655310000

Metaspace:

Usage:
  Non-class:     32.21 MB used.
      Class:      5.49 MB used.
       Both:     37.70 MB used.

Virtual space:
  Non-class space:       64.00 MB reserved,      33.00 MB ( 52%) committed,  1 nodes.
      Class space:      416.00 MB reserved,       6.19 MB (  1%) committed,  1 nodes.
             Both:      480.00 MB reserved,      39.19 MB (  8%) committed. 

Chunk freelists:
   Non-Class:  14.46 MB
       Class:  9.76 MB
        Both:  24.22 MB

MaxMetaspaceSize: 512.00 MB
CompressedClassSpaceSize: 416.00 MB
Initial GC threshold: 21.00 MB
Current GC threshold: 59.31 MB
CDS: on
 - commit_granule_bytes: 65536.
 - commit_granule_words: 8192.
 - virtual_space_node_default_size: 8388608.
 - enlarge_chunks_in_place: 1.
 - use_allocation_guard: 0.


Internal statistics:

num_allocs_failed_limit: 9.
num_arena_births: 2618.
num_arena_deaths: 0.
num_vsnodes_births: 2.
num_vsnodes_deaths: 0.
num_space_committed: 627.
num_space_uncommitted: 0.
num_chunks_returned_to_freelist: 9.
num_chunks_taken_from_freelist: 4421.
num_chunk_merges: 6.
num_chunk_splits: 2893.
num_chunks_enlarged: 1793.
num_inconsistent_stats: 0.

CodeHeap 'non-profiled nmethods': size=119168Kb used=2405Kb max_used=2454Kb free=116762Kb
 bounds [0x000001e661560000, 0x000001e6617f0000, 0x000001e6689c0000]
CodeHeap 'profiled nmethods': size=119104Kb used=8188Kb max_used=8347Kb free=110915Kb
 bounds [0x000001e6599c0000, 0x000001e65a1f0000, 0x000001e660e10000]
CodeHeap 'non-nmethods': size=7488Kb used=2400Kb max_used=3607Kb free=5087Kb
 bounds [0x000001e660e10000, 0x000001e6611a0000, 0x000001e661560000]
CodeCache: size=245760Kb, used=12993Kb, max_used=14408Kb, free=232764Kb
 total_blobs=4887, nmethods=4178, adapters=612, full_count=0
Compilation: enabled, stopped_count=0, restarted_count=0

Compilation events (20 events):
Event: 7.073 Thread 0x000001e66f7329d0 4691       3       java.lang.ProcessEnvironment$CheckedEntry::getValue (13 bytes)
Event: 7.073 Thread 0x000001e674bf0260 nmethod 4690 0x000001e659a26890 code [0x000001e659a26a60, 0x000001e659a26d98]
Event: 7.073 Thread 0x000001e66f7329d0 nmethod 4691 0x000001e659a26310 code [0x000001e659a264c0, 0x000001e659a26788]
Event: 7.076 Thread 0x000001e674bf0260 4692       3       java.lang.ProcessEnvironment$EntryComparator::compare (13 bytes)
Event: 7.076 Thread 0x000001e66f7329d0 4693       3       java.lang.ProcessEnvironment$EntryComparator::compare (25 bytes)
Event: 7.076 Thread 0x000001e674bf0260 nmethod 4692 0x000001e659a25690 code [0x000001e659a258a0, 0x000001e659a25ff8]
Event: 7.076 Thread 0x000001e66f7329d0 nmethod 4693 0x000001e659a5aa90 code [0x000001e659a5ac80, 0x000001e659a5b160]
Event: 7.079 Thread 0x000001e66f732320 nmethod 4296 0x000001e6615ad890 code [0x000001e6615ada80, 0x000001e6615ae148]
Event: 7.079 Thread 0x000001e66f732320 4569       4       com.google.common.collect.Iterators$ArrayItr::get (7 bytes)
Event: 7.080 Thread 0x000001e66f732320 nmethod 4569 0x000001e6615ad590 code [0x000001e6615ad720, 0x000001e6615ad7f0]
Event: 7.080 Thread 0x000001e66f732320 4420       4       jdk.internal.org.objectweb.asm.FieldWriter::visitEnd (1 bytes)
Event: 7.080 Thread 0x000001e66f732320 nmethod 4420 0x000001e6615ad290 code [0x000001e6615ad420, 0x000001e6615ad4a8]
Event: 7.113 Thread 0x000001e66f732320 4696       4       jdk.internal.org.objectweb.asm.ByteVector::putShort (52 bytes)
Event: 7.115 Thread 0x000001e66f732320 nmethod 4696 0x000001e6615ac490 code [0x000001e6615ac640, 0x000001e6615ac800]
Event: 7.119 Thread 0x000001e66f830980 4698       3       java.lang.invoke.BoundMethodHandle::bindSingle (7 bytes)
Event: 7.119 Thread 0x000001e66f830980 nmethod 4698 0x000001e659a5a710 code [0x000001e659a5a8c0, 0x000001e659a5a9d8]
Event: 7.675 Thread 0x000001e66f830980 4699   !   3       java.util.concurrent.locks.LockSupport::parkNanos (56 bytes)
Event: 7.676 Thread 0x000001e66f830980 nmethod 4699 0x000001e659a59f10 code [0x000001e659a5a120, 0x000001e659a5a560]
Event: 7.784 Thread 0x000001e66f830980 4700       1       java.util.Spliterators$EmptySpliterator::characteristics (4 bytes)
Event: 7.784 Thread 0x000001e66f830980 nmethod 4700 0x000001e6615ac190 code [0x000001e6615ac320, 0x000001e6615ac3e8]

GC Heap History (14 events):
Event: 0.702 GC heap before
{Heap before GC invocations=0 (full 0):
 garbage-first heap   total 192512K, used 22528K [0x0000000080000000, 0x0000000100000000)
  region size 1024K, 23 young (23552K), 0 survivors (0K)
 Metaspace       used 894K, committed 1024K, reserved 491520K
  class space    used 71K, committed 128K, reserved 425984K
}
Event: 0.705 GC heap after
{Heap after GC invocations=1 (full 0):
 garbage-first heap   total 192512K, used 1624K [0x0000000080000000, 0x0000000100000000)
  region size 1024K, 2 young (2048K), 2 survivors (2048K)
 Metaspace       used 894K, committed 1024K, reserved 491520K
  class space    used 71K, committed 128K, reserved 425984K
}
Event: 1.261 GC heap before
{Heap before GC invocations=1 (full 0):
 garbage-first heap   total 192512K, used 40536K [0x0000000080000000, 0x0000000100000000)
  region size 1024K, 38 young (38912K), 2 survivors (2048K)
 Metaspace       used 4602K, committed 4800K, reserved 491520K
  class space    used 584K, committed 704K, reserved 425984K
}
Event: 1.265 GC heap after
{Heap after GC invocations=2 (full 0):
 garbage-first heap   total 192512K, used 10594K [0x0000000080000000, 0x0000000100000000)
  region size 1024K, 5 young (5120K), 5 survivors (5120K)
 Metaspace       used 4602K, committed 4800K, reserved 491520K
  class space    used 584K, committed 704K, reserved 425984K
}
Event: 1.916 GC heap before
{Heap before GC invocations=2 (full 0):
 garbage-first heap   total 192512K, used 73058K [0x0000000080000000, 0x0000000100000000)
  region size 1024K, 65 young (66560K), 5 survivors (5120K)
 Metaspace       used 7981K, committed 8256K, reserved 491520K
  class space    used 1079K, committed 1216K, reserved 425984K
}
Event: 1.925 GC heap after
{Heap after GC invocations=3 (full 0):
 garbage-first heap   total 192512K, used 17854K [0x0000000080000000, 0x0000000100000000)
  region size 1024K, 9 young (9216K), 9 survivors (9216K)
 Metaspace       used 7981K, committed 8256K, reserved 491520K
  class space    used 1079K, committed 1216K, reserved 425984K
}
Event: 3.219 GC heap before
{Heap before GC invocations=3 (full 0):
 garbage-first heap   total 192512K, used 94654K [0x0000000080000000, 0x0000000100000000)
  region size 1024K, 84 young (86016K), 9 survivors (9216K)
 Metaspace       used 20899K, committed 21504K, reserved 491520K
  class space    used 2914K, committed 3200K, reserved 425984K
}
Event: 3.231 GC heap after
{Heap after GC invocations=4 (full 0):
 garbage-first heap   total 192512K, used 23510K [0x0000000080000000, 0x0000000100000000)
  region size 1024K, 12 young (12288K), 12 survivors (12288K)
 Metaspace       used 20899K, committed 21504K, reserved 491520K
  class space    used 2914K, committed 3200K, reserved 425984K
}
Event: 4.693 GC heap before
{Heap before GC invocations=5 (full 0):
 garbage-first heap   total 81920K, used 80854K [0x0000000080000000, 0x0000000100000000)
  region size 1024K, 68 young (69632K), 12 survivors (12288K)
 Metaspace       used 28131K, committed 29184K, reserved 491520K
  class space    used 4082K, committed 4608K, reserved 425984K
}
Event: 4.710 GC heap after
{Heap after GC invocations=6 (full 0):
 garbage-first heap   total 97280K, used 26485K [0x0000000080000000, 0x0000000100000000)
  region size 1024K, 9 young (9216K), 9 survivors (9216K)
 Metaspace       used 28131K, committed 29184K, reserved 491520K
  class space    used 4082K, committed 4608K, reserved 425984K
}
Event: 5.824 GC heap before
{Heap before GC invocations=6 (full 0):
 garbage-first heap   total 97280K, used 71541K [0x0000000080000000, 0x0000000100000000)
  region size 1024K, 55 young (56320K), 9 survivors (9216K)
 Metaspace       used 34641K, committed 35968K, reserved 491520K
  class space    used 4961K, committed 5632K, reserved 425984K
}
Event: 5.837 GC heap after
{Heap after GC invocations=7 (full 0):
 garbage-first heap   total 97280K, used 29793K [0x0000000080000000, 0x0000000100000000)
  region size 1024K, 7 young (7168K), 7 survivors (7168K)
 Metaspace       used 34641K, committed 35968K, reserved 491520K
  class space    used 4961K, committed 5632K, reserved 425984K
}
Event: 5.902 GC heap before
{Heap before GC invocations=7 (full 0):
 garbage-first heap   total 97280K, used 31841K [0x0000000080000000, 0x0000000100000000)
  region size 1024K, 10 young (10240K), 7 survivors (7168K)
 Metaspace       used 35062K, committed 36288K, reserved 491520K
  class space    used 5021K, committed 5632K, reserved 425984K
}
Event: 5.909 GC heap after
{Heap after GC invocations=8 (full 0):
 garbage-first heap   total 97280K, used 30471K [0x0000000080000000, 0x0000000100000000)
  region size 1024K, 5 young (5120K), 5 survivors (5120K)
 Metaspace       used 35062K, committed 36288K, reserved 491520K
  class space    used 5021K, committed 5632K, reserved 425984K
}

Dll operation events (14 events):
Event: 0.008 Loaded shared library C:\Users\CANDRAGNAWN\.vscode\extensions\redhat.java-1.54.0-win32-x64\jre\21.0.10-win32-x86_64\bin\java.dll
Event: 0.366 Loaded shared library C:\Users\CANDRAGNAWN\.vscode\extensions\redhat.java-1.54.0-win32-x64\jre\21.0.10-win32-x86_64\bin\zip.dll
Event: 0.387 Loaded shared library C:\Users\CANDRAGNAWN\.vscode\extensions\redhat.java-1.54.0-win32-x64\jre\21.0.10-win32-x86_64\bin\instrument.dll
Event: 0.392 Loaded shared library C:\Users\CANDRAGNAWN\.vscode\extensions\redhat.java-1.54.0-win32-x64\jre\21.0.10-win32-x86_64\bin\net.dll
Event: 0.394 Loaded shared library C:\Users\CANDRAGNAWN\.vscode\extensions\redhat.java-1.54.0-win32-x64\jre\21.0.10-win32-x86_64\bin\nio.dll
Event: 0.397 Loaded shared library C:\Users\CANDRAGNAWN\.vscode\extensions\redhat.java-1.54.0-win32-x64\jre\21.0.10-win32-x86_64\bin\zip.dll
Event: 0.708 Loaded shared library C:\Users\CANDRAGNAWN\.vscode\extensions\redhat.java-1.54.0-win32-x64\jre\21.0.10-win32-x86_64\bin\jimage.dll
Event: 0.924 Loaded shared library C:\Users\CANDRAGNAWN\.vscode\extensions\redhat.java-1.54.0-win32-x64\jre\21.0.10-win32-x86_64\bin\verify.dll
Event: 0.961 Loaded shared library C:\Users\CANDRAGNAWN\.gradle\native\1def1411415f61bf3af743bc5b6707747c0891f09f0c88961ee8f79bc544acac\windows-amd64\native-platform.dll
Event: 0.970 Loaded shared library C:\Users\CANDRAGNAWN\.gradle\native\0.2.8\x86_64-windows-gnu\gradle-fileevents.dll
Event: 1.754 Loaded shared library C:\Users\CANDRAGNAWN\.vscode\extensions\redhat.java-1.54.0-win32-x64\jre\21.0.10-win32-x86_64\bin\management.dll
Event: 1.756 Loaded shared library C:\Users\CANDRAGNAWN\.vscode\extensions\redhat.java-1.54.0-win32-x64\jre\21.0.10-win32-x86_64\bin\management_ext.dll
Event: 1.896 Loaded shared library C:\Users\CANDRAGNAWN\.vscode\extensions\redhat.java-1.54.0-win32-x64\jre\21.0.10-win32-x86_64\bin\extnet.dll
Event: 2.081 Loaded shared library C:\Users\CANDRAGNAWN\.vscode\extensions\redhat.java-1.54.0-win32-x64\jre\21.0.10-win32-x86_64\bin\sunmscapi.dll

Deoptimization events (20 events):
Event: 6.838 Thread 0x000001e675b49640 Uncommon trap: trap_request=0xffffff45 fr.pc=0x000001e661749550 relative=0x00000000000001b0
Event: 6.838 Thread 0x000001e675b49640 Uncommon trap: reason=unstable_if action=reinterpret pc=0x000001e661749550 method=java.lang.invoke.InvokerBytecodeGenerator.isStaticallyInvocable(Ljava/lang/invoke/MemberName;)Z @ 142 c2
Event: 6.838 Thread 0x000001e675b49640 DEOPT PACKING pc=0x000001e661749550 sp=0x00000027a93f6d80
Event: 6.838 Thread 0x000001e675b49640 DEOPT UNPACKING pc=0x000001e660e64422 sp=0x00000027a93f6d20 mode 2
Event: 6.838 Thread 0x000001e675b49640 Uncommon trap: trap_request=0xffffff45 fr.pc=0x000001e6617490a0 relative=0x0000000000000080
Event: 6.838 Thread 0x000001e675b49640 Uncommon trap: reason=unstable_if action=reinterpret pc=0x000001e6617490a0 method=java.lang.invoke.InvokerBytecodeGenerator.refKindOpcode(B)I @ 1 c2
Event: 6.838 Thread 0x000001e675b49640 DEOPT PACKING pc=0x000001e6617490a0 sp=0x00000027a93f6cd0
Event: 6.839 Thread 0x000001e675b49640 DEOPT UNPACKING pc=0x000001e660e64422 sp=0x00000027a93f6c70 mode 2
Event: 6.867 Thread 0x000001e675b49640 Uncommon trap: trap_request=0xffffff45 fr.pc=0x000001e66175188c relative=0x000000000000006c
Event: 6.867 Thread 0x000001e675b49640 Uncommon trap: reason=unstable_if action=reinterpret pc=0x000001e66175188c method=java.lang.Class.getComponentType()Ljava/lang/Class; @ 4 c2
Event: 6.867 Thread 0x000001e675b49640 DEOPT PACKING pc=0x000001e66175188c sp=0x00000027a93f7630
Event: 6.867 Thread 0x000001e675b49640 DEOPT UNPACKING pc=0x000001e660e64422 sp=0x00000027a93f75c0 mode 2
Event: 6.909 Thread 0x000001e675b49640 Uncommon trap: trap_request=0xffffff45 fr.pc=0x000001e661795cdc relative=0x0000000000000c7c
Event: 6.909 Thread 0x000001e675b49640 Uncommon trap: reason=unstable_if action=reinterpret pc=0x000001e661795cdc method=org.objectweb.asm.Frame.execute(IILorg/objectweb/asm/Symbol;Lorg/objectweb/asm/SymbolTable;)V @ 1 c2
Event: 6.909 Thread 0x000001e675b49640 DEOPT PACKING pc=0x000001e661795cdc sp=0x00000027a93f5ec0
Event: 6.909 Thread 0x000001e675b49640 DEOPT UNPACKING pc=0x000001e660e64422 sp=0x00000027a93f5e48 mode 2
Event: 7.027 Thread 0x000001e675b49640 Uncommon trap: trap_request=0xffffff45 fr.pc=0x000001e6615a34dc relative=0x000000000000031c
Event: 7.027 Thread 0x000001e675b49640 Uncommon trap: reason=unstable_if action=reinterpret pc=0x000001e6615a34dc method=sun.invoke.util.VerifyType.isNullConversion(Ljava/lang/Class;Ljava/lang/Class;Z)Z @ 15 c2
Event: 7.027 Thread 0x000001e675b49640 DEOPT PACKING pc=0x000001e6615a34dc sp=0x00000027a93f7620
Event: 7.027 Thread 0x000001e675b49640 DEOPT UNPACKING pc=0x000001e660e64422 sp=0x00000027a93f75c8 mode 2

Classes loaded (20 events):
Event: 7.117 Loading class java/lang/ProcessImpl$2
Event: 7.117 Loading class java/lang/ProcessImpl$2 done
Event: 7.117 Loading class java/lang/Process$PipeInputStream
Event: 7.117 Loading class java/lang/Process$PipeInputStream done
Event: 7.117 Loading class jdk/internal/event/ProcessStartEvent
Event: 7.117 Loading class jdk/internal/event/ProcessStartEvent done
Event: 7.117 Loading class jdk/internal/logger/LazyLoggers
Event: 7.118 Loading class jdk/internal/logger/LazyLoggers done
Event: 7.118 Loading class jdk/internal/logger/LazyLoggers$1
Event: 7.118 Loading class jdk/internal/logger/LazyLoggers$1 done
Event: 7.118 Loading class jdk/internal/logger/LazyLoggers$LazyLoggerFactories
Event: 7.118 Loading class jdk/internal/logger/LazyLoggers$LazyLoggerFactories done
Event: 7.119 Loading class jdk/internal/logger/LoggerFinderLoader
Event: 7.119 Loading class jdk/internal/logger/LoggerFinderLoader done
Event: 7.120 Loading class jdk/internal/logger/LoggerFinderLoader$TemporaryLoggerFinder
Event: 7.120 Loading class jdk/internal/logger/LoggerFinderLoader$TemporaryLoggerFinder done
Event: 7.121 Loading class sun/util/logging/internal/LoggingProviderImpl$JULWrapper
Event: 7.121 Loading class sun/util/logging/PlatformLogger$ConfigurableBridge$LoggerConfiguration
Event: 7.121 Loading class sun/util/logging/PlatformLogger$ConfigurableBridge$LoggerConfiguration done
Event: 7.121 Loading class sun/util/logging/internal/LoggingProviderImpl$JULWrapper done

Classes unloaded (0 events):
No events

Classes redefined (0 events):
No events

Internal exceptions (20 events):
Event: 6.946 Thread 0x000001e675b49640 Exception <a 'java/lang/ClassNotFoundException'{0x0000000083ad3f08}: org/gradle/api/internal/provider/sources/process/ProviderCompatibleExecSpec_DecoratedBeanInfo> (0x0000000083ad3f08) 
thrown [s\src\hotspot\share\classfile\systemDictionary.cpp, line 312]
Event: 6.947 Thread 0x000001e675b49640 Exception <a 'java/lang/ClassNotFoundException'{0x0000000083ae8050}: org/gradle/api/internal/provider/sources/process/ProviderCompatibleExecSpecBeanInfo> (0x0000000083ae8050) 
thrown [s\src\hotspot\share\classfile\systemDictionary.cpp, line 312]
Event: 6.951 Thread 0x000001e675b49640 Exception <a 'java/lang/ClassNotFoundException'{0x0000000083afc640}: org/gradle/api/internal/provider/sources/process/ProviderCompatibleBaseExecSpecBeanInfo> (0x0000000083afc640) 
thrown [s\src\hotspot\share\classfile\systemDictionary.cpp, line 312]
Event: 6.952 Thread 0x000001e675b49640 Exception <a 'java/lang/ClassNotFoundException'{0x0000000083910fb0}: org/gradle/api/internal/provider/sources/process/ProviderCompatibleBaseExecSpecCustomizer> (0x0000000083910fb0) 
thrown [s\src\hotspot\share\classfile\systemDictionary.cpp, line 312]
Event: 6.955 Thread 0x000001e675b49640 Exception <a 'java/lang/ClassNotFoundException'{0x00000000839493a8}: org/gradle/api/internal/provider/sources/process/ProviderCompatibleExecSpecCustomizer> (0x00000000839493a8) 
thrown [s\src\hotspot\share\classfile\systemDictionary.cpp, line 312]
Event: 6.961 Thread 0x000001e675b49640 Exception <a 'java/lang/ClassNotFoundException'{0x00000000839b7b40}: org/gradle/api/internal/provider/sources/process/ProviderCompatibleExecSpec_DecoratedCustomizer> (0x00000000839b7b40) 
thrown [s\src\hotspot\share\classfile\systemDictionary.cpp, line 312]
Event: 6.970 Thread 0x000001e675b49640 Exception <a 'java/lang/IncompatibleClassChangeError'{0x0000000083813028}: Found class java.lang.Object, but interface was expected> (0x0000000083813028) 
thrown [s\src\hotspot\share\interpreter\linkResolver.cpp, line 840]
Event: 6.976 Thread 0x000001e675b49640 Exception <a 'java/lang/IncompatibleClassChangeError'{0x00000000838524d0}: Found class java.lang.Object, but interface was expected> (0x00000000838524d0) 
thrown [s\src\hotspot\share\interpreter\linkResolver.cpp, line 840]
Event: 6.999 Thread 0x000001e675b49640 Exception <a 'java/lang/ClassNotFoundException'{0x00000000838ff410}: org/gradle/api/internal/provider/sources/process/DefaultExecOutputBeanInfo> (0x00000000838ff410) 
thrown [s\src\hotspot\share\classfile\systemDictionary.cpp, line 312]
Event: 6.999 Thread 0x000001e675b49640 Exception <a 'java/lang/ClassNotFoundException'{0x0000000083711a30}: org/gradle/api/internal/provider/sources/process/DefaultExecOutputCustomizer> (0x0000000083711a30) 
thrown [s\src\hotspot\share\classfile\systemDictionary.cpp, line 312]
Event: 7.010 Thread 0x000001e675b49640 Exception <a 'java/lang/ClassNotFoundException'{0x00000000837520c8}: org/gradle/api/internal/provider/sources/process/DefaultExecOutput$DefaultStandardStreamContentBeanInfo> (0x00000000837520c8) 
thrown [s\src\hotspot\share\classfile\systemDictionary.cpp, line 312]
Event: 7.011 Thread 0x000001e675b49640 Exception <a 'java/lang/ClassNotFoundException'{0x0000000083764ed0}: org/gradle/api/internal/provider/sources/process/DefaultExecOutput$DefaultStandardStreamContentCustomizer> (0x0000000083764ed0) 
thrown [s\src\hotspot\share\classfile\systemDictionary.cpp, line 312]
Event: 7.021 Thread 0x000001e675b49640 Exception <a 'java/lang/ClassNotFoundException'{0x00000000837b4d90}: org/gradle/api/internal/provider/TransformBackedProviderBeanInfo> (0x00000000837b4d90) 
thrown [s\src\hotspot\share\classfile\systemDictionary.cpp, line 312]
Event: 7.021 Thread 0x000001e675b49640 Exception <a 'java/lang/ClassNotFoundException'{0x00000000837c6d30}: org/gradle/api/internal/provider/AbstractMinimalProviderBeanInfo> (0x00000000837c6d30) 
thrown [s\src\hotspot\share\classfile\systemDictionary.cpp, line 312]
Event: 7.022 Thread 0x000001e675b49640 Exception <a 'java/lang/ClassNotFoundException'{0x00000000837d8ce0}: org/gradle/api/internal/provider/AbstractMinimalProviderCustomizer> (0x00000000837d8ce0) 
thrown [s\src\hotspot\share\classfile\systemDictionary.cpp, line 312]
Event: 7.025 Thread 0x000001e675b49640 Exception <a 'java/lang/ClassNotFoundException'{0x000000008360c310}: org/gradle/api/internal/provider/TransformBackedProviderCustomizer> (0x000000008360c310) 
thrown [s\src\hotspot\share\classfile\systemDictionary.cpp, line 312]
Event: 7.112 Thread 0x000001e675d3d590 Exception <a 'java/lang/NoSuchMethodError'{0x0000000083590cb0}: 'void java.lang.invoke.DirectMethodHandle$Holder.invokeStatic(java.lang.Object, long)'> (0x0000000083590cb0) 
thrown [s\src\hotspot\share\interpreter\linkResolver.cpp, line 773]
Event: 7.113 Thread 0x000001e675d3d590 Exception <a 'java/lang/NoSuchMethodError'{0x0000000083595a28}: 'java.lang.Object java.lang.invoke.DirectMethodHandle$Holder.newInvokeSpecial(java.lang.Object, long)'> (0x0000000083595a28) 
thrown [s\src\hotspot\share\interpreter\linkResolver.cpp, line 773]
Event: 7.116 Thread 0x000001e675d3d590 Exception <a 'java/lang/NoSuchMethodError'{0x000000008359e880}: 'java.lang.Object java.lang.invoke.DirectMethodHandle$Holder.invokeStatic(java.lang.Object, long, java.lang.Object)'> (0x000000008359e880) 
thrown [s\src\hotspot\share\interpreter\linkResolver.cpp, line 773]
Event: 7.116 Thread 0x000001e675d3d590 Exception <a 'java/lang/NoSuchMethodError'{0x00000000835a1e78}: 'java.lang.Object java.lang.invoke.DirectMethodHandle$Holder.invokeStaticInit(java.lang.Object, long, java.lang.Object)'> (0x00000000835a1e78) 
thrown [s\src\hotspot\share\interpreter\linkResolver.cpp, line 773]

ZGC Phase Switch (0 events):
No events

VM Operations (20 events):
Event: 5.929 Executing safepoint VM operation: G1PauseCleanup
Event: 5.929 Executing safepoint VM operation: G1PauseCleanup done
Event: 5.980 Executing non-safepoint VM operation: HandshakeAllThreads (Deoptimize)
Event: 5.980 Executing non-safepoint VM operation: HandshakeAllThreads (Deoptimize) done
Event: 6.027 Executing non-safepoint VM operation: HandshakeAllThreads (Deoptimize)
Event: 6.027 Executing non-safepoint VM operation: HandshakeAllThreads (Deoptimize) done
Event: 6.210 Executing non-safepoint VM operation: HandshakeAllThreads (Deoptimize)
Event: 6.210 Executing non-safepoint VM operation: HandshakeAllThreads (Deoptimize) done
Event: 6.211 Executing non-safepoint VM operation: HandshakeAllThreads (Deoptimize)
Event: 6.211 Executing non-safepoint VM operation: HandshakeAllThreads (Deoptimize) done
Event: 6.651 Executing non-safepoint VM operation: HandshakeAllThreads (Deoptimize)
Event: 6.651 Executing non-safepoint VM operation: HandshakeAllThreads (Deoptimize) done
Event: 6.656 Executing non-safepoint VM operation: HandshakeAllThreads (Deoptimize)
Event: 6.656 Executing non-safepoint VM operation: HandshakeAllThreads (Deoptimize) done
Event: 6.657 Executing non-safepoint VM operation: HandshakeAllThreads (Deoptimize)
Event: 6.657 Executing non-safepoint VM operation: HandshakeAllThreads (Deoptimize) done
Event: 6.958 Executing safepoint VM operation: ICBufferFull
Event: 6.958 Executing safepoint VM operation: ICBufferFull done
Event: 7.970 Executing safepoint VM operation: Cleanup
Event: 8.203 Executing safepoint VM operation: Cleanup done

Memory protections (0 events):
No events

Nmethod flushes (20 events):
Event: 5.923 Thread 0x000001e66f55dce0 flushing  nmethod 0x000001e659b6f890
Event: 5.923 Thread 0x000001e66f55dce0 flushing  nmethod 0x000001e659bef810
Event: 5.923 Thread 0x000001e66f55dce0 flushing  nmethod 0x000001e659befc90
Event: 5.923 Thread 0x000001e66f55dce0 flushing  nmethod 0x000001e659c33b10
Event: 5.923 Thread 0x000001e66f55dce0 flushing  nmethod 0x000001e659c34190
Event: 5.923 Thread 0x000001e66f55dce0 flushing  nmethod 0x000001e659c34610
Event: 5.923 Thread 0x000001e66f55dce0 flushing  nmethod 0x000001e659c34990
Event: 5.923 Thread 0x000001e66f55dce0 flushing  nmethod 0x000001e659c37f90
Event: 5.923 Thread 0x000001e66f55dce0 flushing  nmethod 0x000001e659c38710
Event: 5.923 Thread 0x000001e66f55dce0 flushing  nmethod 0x000001e659c39d90
Event: 5.923 Thread 0x000001e66f55dce0 flushing  nmethod 0x000001e659c47490
Event: 5.923 Thread 0x000001e66f55dce0 flushing  nmethod 0x000001e659c4a010
Event: 5.923 Thread 0x000001e66f55dce0 flushing  nmethod 0x000001e659c4bd90
Event: 5.923 Thread 0x000001e66f55dce0 flushing  nmethod 0x000001e659c4d210
Event: 5.923 Thread 0x000001e66f55dce0 flushing  nmethod 0x000001e659c78c10
Event: 5.923 Thread 0x000001e66f55dce0 flushing  nmethod 0x000001e659c79890
Event: 5.923 Thread 0x000001e66f55dce0 flushing  nmethod 0x000001e659c7ae10
Event: 5.923 Thread 0x000001e66f55dce0 flushing  nmethod 0x000001e659cb7e90
Event: 5.923 Thread 0x000001e66f55dce0 flushing  nmethod 0x000001e659ef2090
Event: 5.923 Thread 0x000001e66f55dce0 flushing  nmethod 0x000001e659ef7810

Events (20 events):
Event: 2.495 Thread 0x000001e675b49640 Thread added: 0x000001e675b4bda0
Event: 2.512 Thread 0x000001e675b49640 Thread added: 0x000001e675d386d0
Event: 2.561 Thread 0x000001e675b49640 Thread added: 0x000001e675d38d60
Event: 3.740 Thread 0x000001e675b49640 Thread added: 0x000001e675d3a110
Event: 3.771 Thread 0x000001e675b49640 Thread added: 0x000001e675d38040
Event: 4.158 Thread 0x000001e675b49640 Thread added: 0x000001e675d379b0
Event: 4.167 Thread 0x000001e675b49640 Thread added: 0x000001e675d36c90
Event: 4.636 Thread 0x000001e675b49640 Thread added: 0x000001e675d37320
Event: 4.744 Thread 0x000001e675b49640 Thread added: 0x000001e675d3ae30
Event: 5.164 Thread 0x000001e675b49640 Thread added: 0x000001e675d3b4c0
Event: 5.165 Thread 0x000001e66fa1d030 Thread exited: 0x000001e66fa1d030
Event: 5.256 Thread 0x000001e675b49640 Thread added: 0x000001e675d3bb50
Event: 6.170 Thread 0x000001e66fa1c980 Thread exited: 0x000001e66fa1c980
Event: 6.178 Thread 0x000001e675b49640 Thread added: 0x000001e675d3c870
Event: 6.307 Thread 0x000001e66f831030 Thread added: 0x000001e66fa1c980
Event: 7.071 Thread 0x000001e675b49640 Thread added: 0x000001e675d3d590
Event: 7.123 Thread 0x000001e675d3d590 Thread added: 0x000001e6764b3fe0
Event: 7.123 Thread 0x000001e675d3d590 Thread added: 0x000001e6764b2c30
Event: 8.203 Thread 0x000001e674bf0260 Thread exited: 0x000001e674bf0260
Event: 8.203 Thread 0x000001e66f831030 Thread exited: 0x000001e66f831030


Dynamic libraries:
0x00007ff7d1b90000 - 0x00007ff7d1b9e000 	C:\Users\CANDRAGNAWN\.vscode\extensions\redhat.java-1.54.0-win32-x64\jre\21.0.10-win32-x86_64\bin\java.exe
0x00007ff89d420000 - 0x00007ff89d687000 	C:\WINDOWS\SYSTEM32\ntdll.dll
0x00007ff89bbc0000 - 0x00007ff89bc89000 	C:\WINDOWS\System32\KERNEL32.DLL
0x00007ff899fd0000 - 0x00007ff89a3c7000 	C:\WINDOWS\System32\KERNELBASE.dll
0x00007ff89ad00000 - 0x00007ff89ae4b000 	C:\WINDOWS\System32\ucrtbase.dll
0x00007ff8848a0000 - 0x00007ff8848be000 	C:\Users\CANDRAGNAWN\.vscode\extensions\redhat.java-1.54.0-win32-x64\jre\21.0.10-win32-x86_64\bin\VCRUNTIME140.dll
0x00007ff85caf0000 - 0x00007ff85cb08000 	C:\Users\CANDRAGNAWN\.vscode\extensions\redhat.java-1.54.0-win32-x64\jre\21.0.10-win32-x86_64\bin\jli.dll
0x00007ff89b8d0000 - 0x00007ff89ba96000 	C:\WINDOWS\System32\USER32.dll
0x00007ff89aee0000 - 0x00007ff89af07000 	C:\WINDOWS\System32\win32u.dll
0x00007ff876030000 - 0x00007ff8762c2000 	C:\WINDOWS\WinSxS\amd64_microsoft.windows.common-controls_6595b64144ccf1df_6.0.26100.8457_none_3e0b2faee331e92d\COMCTL32.dll
0x00007ff89d2e0000 - 0x00007ff89d30b000 	C:\WINDOWS\System32\GDI32.dll
0x00007ff89b760000 - 0x00007ff89b809000 	C:\WINDOWS\System32\msvcrt.dll
0x00007ff89b070000 - 0x00007ff89b19c000 	C:\WINDOWS\System32\gdi32full.dll
0x00007ff89afc0000 - 0x00007ff89b063000 	C:\WINDOWS\System32\msvcp_win.dll
0x00007ff89cd80000 - 0x00007ff89cdb2000 	C:\WINDOWS\System32\IMM32.DLL
0x00007ff893b10000 - 0x00007ff893b1c000 	C:\Users\CANDRAGNAWN\.vscode\extensions\redhat.java-1.54.0-win32-x64\jre\21.0.10-win32-x86_64\bin\vcruntime140_1.dll
0x00007fffe0690000 - 0x00007fffe071d000 	C:\Users\CANDRAGNAWN\.vscode\extensions\redhat.java-1.54.0-win32-x64\jre\21.0.10-win32-x86_64\bin\msvcp140.dll
0x00007fff67f90000 - 0x00007fff68d31000 	C:\Users\CANDRAGNAWN\.vscode\extensions\redhat.java-1.54.0-win32-x64\jre\21.0.10-win32-x86_64\bin\server\jvm.dll
0x00007ff89bc90000 - 0x00007ff89bd46000 	C:\WINDOWS\System32\ADVAPI32.dll
0x00007ff89cea0000 - 0x00007ff89cf47000 	C:\WINDOWS\System32\sechost.dll
0x00007ff89baa0000 - 0x00007ff89bbb8000 	C:\WINDOWS\System32\RPCRT4.dll
0x00007ff89b240000 - 0x00007ff89b2c0000 	C:\WINDOWS\System32\WS2_32.dll
0x00007ff898a20000 - 0x00007ff898a7e000 	C:\WINDOWS\SYSTEM32\POWRPROF.dll
0x00007ff897230000 - 0x00007ff897266000 	C:\WINDOWS\SYSTEM32\WINMM.dll
0x00007ff885fd0000 - 0x00007ff885fdb000 	C:\WINDOWS\SYSTEM32\VERSION.dll
0x00007ff898a00000 - 0x00007ff898a14000 	C:\WINDOWS\SYSTEM32\UMPDC.dll
0x00007ff898c30000 - 0x00007ff898c4b000 	C:\WINDOWS\SYSTEM32\kernel.appcore.dll
0x00007ff85cf60000 - 0x00007ff85cf6a000 	C:\Users\CANDRAGNAWN\.vscode\extensions\redhat.java-1.54.0-win32-x64\jre\21.0.10-win32-x86_64\bin\jimage.dll
0x00007ff897cd0000 - 0x00007ff897f12000 	C:\WINDOWS\SYSTEM32\DBGHELP.DLL
0x00007ff89b3d0000 - 0x00007ff89b753000 	C:\WINDOWS\System32\combase.dll
0x00007ff89cdc0000 - 0x00007ff89ce99000 	C:\WINDOWS\System32\OLEAUT32.dll
0x00007ff8577d0000 - 0x00007ff85780b000 	C:\WINDOWS\SYSTEM32\dbgcore.DLL
0x00007ff89af10000 - 0x00007ff89afb8000 	C:\WINDOWS\System32\bcryptPrimitives.dll
0x00007ff88fd20000 - 0x00007ff88fd2f000 	C:\Users\CANDRAGNAWN\.vscode\extensions\redhat.java-1.54.0-win32-x64\jre\21.0.10-win32-x86_64\bin\instrument.dll
0x00007ff83c000000 - 0x00007ff83c020000 	C:\Users\CANDRAGNAWN\.vscode\extensions\redhat.java-1.54.0-win32-x64\jre\21.0.10-win32-x86_64\bin\java.dll
0x00007ff89bfd0000 - 0x00007ff89c73e000 	C:\WINDOWS\System32\SHELL32.dll
0x00007ff89a490000 - 0x00007ff89acfc000 	C:\WINDOWS\System32\windows.storage.dll
0x00007ff89d1e0000 - 0x00007ff89d2d6000 	C:\WINDOWS\System32\SHCORE.dll
0x00007ff89b330000 - 0x00007ff89b396000 	C:\WINDOWS\System32\shlwapi.dll
0x00007ff899d70000 - 0x00007ff899d99000 	C:\WINDOWS\SYSTEM32\profapi.dll
0x00007ff84e360000 - 0x00007ff84e378000 	C:\Users\CANDRAGNAWN\.vscode\extensions\redhat.java-1.54.0-win32-x64\jre\21.0.10-win32-x86_64\bin\zip.dll
0x00007ff842db0000 - 0x00007ff842dc0000 	C:\Users\CANDRAGNAWN\.vscode\extensions\redhat.java-1.54.0-win32-x64\jre\21.0.10-win32-x86_64\bin\net.dll
0x00007ff88f1a0000 - 0x00007ff88f2c9000 	C:\WINDOWS\SYSTEM32\WINHTTP.dll
0x00007ff899270000 - 0x00007ff8992dc000 	C:\WINDOWS\system32\mswsock.dll
0x00007ff842d90000 - 0x00007ff842da6000 	C:\Users\CANDRAGNAWN\.vscode\extensions\redhat.java-1.54.0-win32-x64\jre\21.0.10-win32-x86_64\bin\nio.dll
0x00007ff88f630000 - 0x00007ff88f640000 	C:\Users\CANDRAGNAWN\.vscode\extensions\redhat.java-1.54.0-win32-x64\jre\21.0.10-win32-x86_64\bin\verify.dll
0x00007ff84d560000 - 0x00007ff84d587000 	C:\Users\CANDRAGNAWN\.gradle\native\1def1411415f61bf3af743bc5b6707747c0891f09f0c88961ee8f79bc544acac\windows-amd64\native-platform.dll
0x00007fffe4eb0000 - 0x00007fffe4f27000 	C:\Users\CANDRAGNAWN\.gradle\native\0.2.8\x86_64-windows-gnu\gradle-fileevents.dll
0x00007ff85b7f0000 - 0x00007ff85b7fa000 	C:\Users\CANDRAGNAWN\.vscode\extensions\redhat.java-1.54.0-win32-x64\jre\21.0.10-win32-x86_64\bin\management.dll
0x00007ff85b600000 - 0x00007ff85b60c000 	C:\Users\CANDRAGNAWN\.vscode\extensions\redhat.java-1.54.0-win32-x64\jre\21.0.10-win32-x86_64\bin\management_ext.dll
0x00007ff89b230000 - 0x00007ff89b238000 	C:\WINDOWS\System32\PSAPI.DLL
0x00007ff898630000 - 0x00007ff898662000 	C:\WINDOWS\SYSTEM32\IPHLPAPI.DLL
0x00007ff89d1d0000 - 0x00007ff89d1da000 	C:\WINDOWS\System32\NSI.dll
0x00007ff83dad0000 - 0x00007ff83dad9000 	C:\Users\CANDRAGNAWN\.vscode\extensions\redhat.java-1.54.0-win32-x64\jre\21.0.10-win32-x86_64\bin\extnet.dll
0x00007ff899550000 - 0x00007ff89956b000 	C:\WINDOWS\SYSTEM32\CRYPTSP.dll
0x00007ff898c60000 - 0x00007ff898c99000 	C:\WINDOWS\system32\rsaenh.dll
0x00007ff899320000 - 0x00007ff899353000 	C:\WINDOWS\SYSTEM32\USERENV.dll
0x00007ff899d40000 - 0x00007ff899d6a000 	C:\WINDOWS\SYSTEM32\bcrypt.dll
0x00007ff899570000 - 0x00007ff89957c000 	C:\WINDOWS\SYSTEM32\CRYPTBASE.dll
0x00007ff83dae0000 - 0x00007ff83daee000 	C:\Users\CANDRAGNAWN\.vscode\extensions\redhat.java-1.54.0-win32-x64\jre\21.0.10-win32-x86_64\bin\sunmscapi.dll
0x00007ff899e50000 - 0x00007ff899fc8000 	C:\WINDOWS\System32\CRYPT32.dll
0x00007ff899770000 - 0x00007ff8997a0000 	C:\WINDOWS\SYSTEM32\ncrypt.dll
0x00007ff899720000 - 0x00007ff89975f000 	C:\WINDOWS\SYSTEM32\NTASN1.dll
0x00007ff86c860000 - 0x00007ff86c868000 	C:\WINDOWS\system32\wshunix.dll

JVMTI agents:
C:\Users\CANDRAGNAWN\.gradle\wrapper\dists\gradle-9.0.0-bin\d6wjpkvcgsg3oed0qlfss3wgl\gradle-9.0.0\lib\agents\gradle-instrumentation-agent-9.0.0.jar path:C:\Users\CANDRAGNAWN\.vscode\extensions\redhat.java-1.54.0-win32-x64\jre\21.0.10-win32-x86_64\bin\instrument.dll, loaded, initialized, instrumentlib options:none

dbghelp: loaded successfully - version: 4.0.5 - missing functions: none
symbol engine: initialized successfully - sym options: 0x614 - pdb path: .;C:\Users\CANDRAGNAWN\.vscode\extensions\redhat.java-1.54.0-win32-x64\jre\21.0.10-win32-x86_64\bin;C:\WINDOWS\SYSTEM32;C:\WINDOWS\WinSxS\amd64_microsoft.windows.common-controls_6595b64144ccf1df_6.0.26100.8457_none_3e0b2faee331e92d;C:\Users\CANDRAGNAWN\.vscode\extensions\redhat.java-1.54.0-win32-x64\jre\21.0.10-win32-x86_64\bin\server;C:\Users\CANDRAGNAWN\.gradle\native\1def1411415f61bf3af743bc5b6707747c0891f09f0c88961ee8f79bc544acac\windows-amd64;C:\Users\CANDRAGNAWN\.gradle\native\0.2.8\x86_64-windows-gnu

VM Arguments:
jvm_args: --add-opens=java.base/java.lang=ALL-UNNAMED --add-opens=java.base/java.lang.invoke=ALL-UNNAMED --add-opens=java.base/java.util=ALL-UNNAMED --add-opens=java.prefs/java.util.prefs=ALL-UNNAMED --add-exports=jdk.compiler/com.sun.tools.javac.api=ALL-UNNAMED --add-exports=jdk.compiler/com.sun.tools.javac.util=ALL-UNNAMED --add-opens=java.base/java.util=ALL-UNNAMED --add-opens=java.prefs/java.util.prefs=ALL-UNNAMED --add-opens=java.base/java.nio.charset=ALL-UNNAMED --add-opens=java.base/java.net=ALL-UNNAMED --add-opens=java.base/java.util.concurrent=ALL-UNNAMED --add-opens=java.base/java.util.concurrent.atomic=ALL-UNNAMED --add-opens=java.xml/javax.xml.namespace=ALL-UNNAMED -XX:MaxMetaspaceSize=512m -Xmx2048m -Dfile.encoding=UTF-8 -Duser.country=ID -Duser.language=en -Duser.variant -javaagent:C:\Users\CANDRAGNAWN\.gradle\wrapper\dists\gradle-9.0.0-bin\d6wjpkvcgsg3oed0qlfss3wgl\gradle-9.0.0\lib\agents\gradle-instrumentation-agent-9.0.0.jar 
java_command: org.gradle.launcher.daemon.bootstrap.GradleDaemon 9.0.0
java_class_path (initial): C:\Users\CANDRAGNAWN\.gradle\wrapper\dists\gradle-9.0.0-bin\d6wjpkvcgsg3oed0qlfss3wgl\gradle-9.0.0\lib\gradle-daemon-main-9.0.0.jar
Launcher Type: SUN_STANDARD

[Global flags]
     intx CICompilerCount                          = 12                                        {product} {ergonomic}
   size_t CompressedClassSpaceSize                 = 436207616                                 {product} {ergonomic}
     uint ConcGCThreads                            = 4                                         {product} {ergonomic}
     uint G1ConcRefinementThreads                  = 15                                        {product} {ergonomic}
   size_t G1HeapRegionSize                         = 1048576                                   {product} {ergonomic}
    uintx GCDrainStackTargetSize                   = 64                                        {product} {ergonomic}
   size_t InitialHeapSize                          = 197132288                                 {product} {ergonomic}
   size_t MarkStackSize                            = 4194304                                   {product} {ergonomic}
   size_t MaxHeapSize                              = 2147483648                                {product} {command line}
   size_t MaxMetaspaceSize                         = 536870912                                 {product} {command line}
   size_t MaxNewSize                               = 1287651328                                {product} {ergonomic}
   size_t MinHeapDeltaBytes                        = 1048576                                   {product} {ergonomic}
   size_t MinHeapSize                              = 8388608                                   {product} {ergonomic}
    uintx NonNMethodCodeHeapSize                   = 7602480                                {pd product} {ergonomic}
    uintx NonProfiledCodeHeapSize                  = 122027880                              {pd product} {ergonomic}
    uintx ProfiledCodeHeapSize                     = 122027880                              {pd product} {ergonomic}
    uintx ReservedCodeCacheSize                    = 251658240                              {pd product} {ergonomic}
     bool SegmentedCodeCache                       = true                                      {product} {ergonomic}
   size_t SoftMaxHeapSize                          = 2147483648                             {manageable} {ergonomic}
     bool UseCompressedOops                        = true                           {product lp64_product} {ergonomic}
     bool UseG1GC                                  = true                                      {product} {ergonomic}
     bool UseLargePagesIndividualAllocation        = false                                  {pd product} {ergonomic}

Logging:
Log output configuration:
 #0: stdout all=warning uptime,level,tags foldmultilines=false
 #1: stderr all=off uptime,level,tags foldmultilines=false

Release file:
JAVA_VERSION="21.0.10" 
MODULES="java.base java.compiler java.datatransfer java.xml java.prefs java.desktop java.instrument java.logging java.management java.security.sasl java.naming java.rmi java.management.rmi java.net.http java.scripting java.security.jgss java.transaction.xa java.sql java.sql.rowset java.xml.crypto java.se java.smartcardio jdk.accessibility jdk.internal.jvmstat jdk.attach jdk.charsets jdk.internal.opt jdk.zipfs jdk.compiler jdk.crypto.ec jdk.crypto.cryptoki jdk.crypto.mscapi jdk.dynalink jdk.internal.ed jdk.editpad jdk.hotspot.agent jdk.httpserver jdk.internal.le jdk.internal.vm.ci jdk.internal.vm.compiler jdk.internal.vm.compiler.management jdk.jartool jdk.javadoc jdk.jcmd jdk.management jdk.management.agent jdk.jconsole jdk.jdeps jdk.jdwp.agent jdk.jdi jdk.jfr jdk.jshell jdk.jsobject jdk.jstatd jdk.localedata jdk.management.jfr jdk.naming.dns jdk.naming.rmi jdk.net jdk.nio.mapmode jdk.random jdk.sctp jdk.security.auth jdk.security.jgss jdk.unsupported jdk.unsupported.desktop jdk.xml.dom" 

Environment Variables:
JAVA_HOME=C:\Program Files\BellSoft\LibericaJDK-21-Full\
PATH=C:\Users\CANDRAGNAWN\AppData\Local\Programs\Microsoft VS Code;C:\Program Files\BellSoft\LibericaJDK-21-Full\bin\;C:\Program Files\Common Files\Oracle\Java\javapath;C:\Program Files (x86)\Common Files\Intel\Shared Libraries\redist\intel64\compiler;C:\WINDOWS\system32;C:\WINDOWS;C:\WINDOWS\System32\Wbem;C:\WINDOWS\System32\WindowsPowerShell\v1.0\;C:\WINDOWS\System32\OpenSSH\;C:\Program Files\NVIDIA Corporation\NVIDIA NvDLISR;C:\Users\CANDRAGNAWN\Downloads\mingw-w64-v11.0.0;C:\MinGW\bin;C:\ProgramData\chocolatey\bin;C:\Program Files\Git\cmd;C:\xampp\php;C:\Program Files\Docker\Docker\resources\bin;C:\Program Files\NVIDIA Corporation\NVIDIA App\NvDLISR;C:\Program Files (x86)\NVIDIA Corporation\PhysX\Common;C:\Users\CANDRAGNAWN\AppData\Local\nvm;C:\nvm4w\nodejs;C:\Users\CANDRAGNAWN\AppData\Local\Programs\Python\Python312\Scripts\;C:\Users\CANDRAGNAWN\AppData\Local\Programs\Python\Python312\;C:\Program Files\MySQL\MySQL Shell 8.0\bin\;C:\Users\CANDRAGNAWN\AppData\Local\Programs\Python\Python313\Scripts\;C:\Users\CANDRAGNAWN\AppData\Local\Programs\Python\Python313\;C:\Users\CANDRAGNAWN\AppData\Local\Programs\Python\Python311\Scripts\;C:\Users\CANDRAGNAWN\AppData\Local\Programs\Python\Python311\;C:\Wincupl\WINCUPL\EXE;C:\Wincupl\WINCUPL\FITTERS;C:\Users\CANDRAGNAWN\AppData\Local\spicetify;C:\Users\CANDRAGNAWN\AppData\Local\Microsoft\WindowsApps;C:\Users\CANDRAGNAWN\AppData\Local\Programs\Microsoft VS Code\bin;C:\Users\CANDRAGNAWN\AppData\Local\Python\bin;C:\bin;C:\Users\CANDRAGNAWN\AppData\Roaming\npm;C:\Users\CANDRAGNAWN\AppData\Local\Programs\Antigravity\bin;C:\Users\CANDRAGNAWN\AppData\Local\nvm;C:\nvm4w\nodejs
USERNAME=CANDRAGNAWN
OS=Windows_NT
PROCESSOR_IDENTIFIER=Intel64 Family 6 Model 183 Stepping 1, GenuineIntel
TMP=C:\Users\CANDRA~1\AppData\Local\Temp
TEMP=C:\Users\CANDRA~1\AppData\Local\Temp




Periodic native trim disabled

---------------  S Y S T E M  ---------------

OS:
 Windows 11 , 64 bit Build 26100 (10.0.26100.8328)
OS uptime: 0 days 3:15 hours
Hyper-V role detected

CPU: total 20 (initial active 20) (10 cores per cpu, 2 threads per core) family 6 model 183 stepping 1 microcode 0x12e, cx8, cmov, fxsr, ht, mmx, 3dnowpref, sse, sse2, sse3, ssse3, sse4.1, sse4.2, popcnt, lzcnt, tsc, tscinvbit, avx, avx2, aes, erms, clmul, bmi1, bmi2, adx, sha, fma, vzeroupper, clflush, clflushopt, clwb, hv, serialize, rdtscp, rdpid, fsrm, f16c, cet_ibt, cet_ss
Processor Information for processor 0
  Max Mhz: 2600, Current Mhz: 2600, Mhz Limit: 2600
Processor Information for processor 1
  Max Mhz: 2600, Current Mhz: 2600, Mhz Limit: 2600
Processor Information for processor 2
  Max Mhz: 2600, Current Mhz: 2600, Mhz Limit: 2600
Processor Information for processor 3
  Max Mhz: 2600, Current Mhz: 2600, Mhz Limit: 2600
Processor Information for processor 4
  Max Mhz: 2600, Current Mhz: 2600, Mhz Limit: 2600
Processor Information for processor 5
  Max Mhz: 2600, Current Mhz: 2600, Mhz Limit: 2600
Processor Information for processor 6
  Max Mhz: 2600, Current Mhz: 2600, Mhz Limit: 2600
Processor Information for processor 7
  Max Mhz: 2600, Current Mhz: 2600, Mhz Limit: 2600
Processor Information for processor 8
  Max Mhz: 2600, Current Mhz: 2600, Mhz Limit: 2600
Processor Information for processor 9
  Max Mhz: 2600, Current Mhz: 2600, Mhz Limit: 2600
Processor Information for processor 10
  Max Mhz: 2600, Current Mhz: 2600, Mhz Limit: 2600
Processor Information for processor 11
  Max Mhz: 2600, Current Mhz: 2600, Mhz Limit: 2600
Processor Information for processor 12
  Max Mhz: 2600, Current Mhz: 1505, Mhz Limit: 2600
Processor Information for processor 13
  Max Mhz: 2600, Current Mhz: 2600, Mhz Limit: 2600
Processor Information for processor 14
  Max Mhz: 2600, Current Mhz: 2600, Mhz Limit: 2600
Processor Information for processor 15
  Max Mhz: 2600, Current Mhz: 2600, Mhz Limit: 2600
Processor Information for processor 16
  Max Mhz: 2600, Current Mhz: 2600, Mhz Limit: 2600
Processor Information for processor 17
  Max Mhz: 2600, Current Mhz: 2600, Mhz Limit: 2600
Processor Information for processor 18
  Max Mhz: 2600, Current Mhz: 2600, Mhz Limit: 2600
Processor Information for processor 19
  Max Mhz: 2600, Current Mhz: 2600, Mhz Limit: 2600

Memory: 4k page, system-wide physical 11995M (698M free)
TotalPageFile size 48859M (AvailPageFile size 7M)
current process WorkingSet (physical memory assigned to process): 270M, peak: 277M
current process commit charge ("private bytes"): 323M, peak: 387M

vm_info: OpenJDK 64-Bit Server VM (21.0.10+7-LTS) for windows-amd64 JRE (21.0.10+7-LTS), built on 2026-01-20T00:00:00Z by "admin" with MS VC++ 17.12 (VS2022)

END.
